12-05 12:16:58.154  1634  3955 D Aurogon :  packageName = com.google.android.gms isAllowWakeUpList 
12-05 12:16:58.168  1634  2622 D Aurogon :  packageName = com.google.android.gms isAllowWakeUpList 
12-05 12:16:58.172  1634  3409 D PackageManager: set app component=ComponentInfo{com.miui.android.fashiongallery/androidx.work.impl.background.systemalarm.RescheduleReceiver} enabled state: 1 from com.miui.android.fashiongallery,uid=10287,pid=21945
12-05 12:16:58.186  1634  1690 I ExtM    : zram userate is low, no need to flush: 13
12-05 12:16:58.190  1634  3943 I ActivityManager: Process com.milink.service (pid 21679) has died: cch+5 CEM 
12-05 12:16:58.200  1634  1915 E ProcessManager: error write exception log
12-05 12:16:58.225  1634  1745 D Aurogon :  packageName = com.google.android.gms isAllowWakeUpList 
12-05 12:16:58.250  1634  4325 I ActivityManager: Process com.google.android.cellbroadcastreceiver (pid 21790) has died: cch+5 CEM 
12-05 12:16:58.251  1634  3943 D CompatChangeReporter: Compat change id reported: 311402873; UID 10287; state: ENABLED
12-05 12:16:58.252  1634  1915 E ProcessManager: error write exception log
12-05 12:16:58.254  1634  3943 D CompatChangeReporter: Compat change id reported: 323349338; UID 10287; state: ENABLED
12-05 12:16:58.260  1634  1655 D DisplayManagerService: Drop pending events for gone uid 10274
12-05 12:16:58.348  1634  3409 I ActivityManager: Process com.miui.securitycenter:ui (pid 18308) has died: cch+25 CEM 
12-05 12:16:58.351  1634  3409 I SmartPower: com.miui.analytics/10175(18501): idle->background(289019ms) R(service unbind com.miui.analytics/.onetrack.OneTrackService) adj=100.
12-05 12:16:58.353  1634  1915 E ProcessManager: error write exception log
12-05 12:16:58.366  1634  1668 W ActivityManager: setHasOverlayUi called on unknown pid: 18308
12-05 12:16:58.380  1634  4325 I SmartPower: com.google.android.webview:sandboxed_process0:org.chromium.content.app.SandboxedPr-1->background(0ms) R(become background) adj=-10000.
12-05 12:16:58.408  1634  1685 I ActivityManager: Start proc 22160:com.google.android.webview:sandboxed_process0:org.chromium.content.app.SandboxedProcessService0:0/u0i99 for  {com.captionsai/org.chromium.content.app.SandboxedProcessService0:0} caller=com.captionsai
12-05 12:16:58.449  1634  2656 I InstallationTiming: beginInstall_sessionId: 490830859
12-05 12:16:58.453  1634  2656 I PackageInstaller: Installation Boost On
12-05 12:16:58.514 22160 22196 D MiuiDownscaleImpl: set override inverted scale : 1.0
12-05 12:16:58.517  1634  1930 I SmartPower: com.miui.weather2/10282(18158): background->idle(3036ms) R(content provider start ContentProviderRecord{d273499 u0 com.miui.weather2/.providers.WeatherProvider}) adj=0.
12-05 12:16:58.518  1634  1930 I SmartPower: com.google.android.googlequicksearchbox:googleapp/10174(21655): background->idle(3035ms) R(process start ) adj=0.
12-05 12:16:58.518 22160 22160 E MQSEventManagerDelegate: failed to get MQSService.
12-05 12:16:58.518 22160 22160 W ActivityThread: registerApplicationScoutThread result:false
12-05 12:16:58.525 22160 22200 E MQSEventManagerDelegate: failed to get MQSService.
12-05 12:16:58.526 22160 22200 W MQSEventManagerDelegate: getReportAppLaunch getMQSService null
12-05 12:16:58.530  1634  3953 I ActivityManager: Process com.miui.android.fashiongallery (pid 21945) has died: cch+15 CEM 
12-05 12:16:58.532  1634  1915 E ProcessManager: error write exception log
12-05 12:16:58.541 21746 21746 I ActivityThread: Removing dead content provider:android.content.ContentProviderProxy@6e1350b
12-05 12:16:58.549  1634  1655 D DisplayManagerService: Drop pending events for gone uid 10287
12-05 12:16:58.554  1634  1685 D MiuiProcessPolicyManager: promote com.google.android.googlequicksearchbox:search maxAdj to svcb  , maxProcState to + PER 
12-05 12:16:58.557  1634  1685 I ActivityManager: Start proc 22203:com.google.android.googlequicksearchbox:search/u0a174 for service {com.google.android.googlequicksearchbox/com.google.apps.tiktok.account.data.manager.AccountSyncService} caller=com.google.android.googlequicksearchbox
12-05 12:16:58.560  1634  1930 I SmartPower: com.google.android.gms/10153(3313): background->idle(3024ms) R(service create com.google.android.gms/.measurement.service.MeasurementBrokerService) adj=250.
12-05 12:16:58.571 22160 22160 E ForceDarkHelperStubImpl: getForceDarkOriginState transact failed , mService: null
12-05 12:16:58.580 22160 22160 I ActivityThread: Miui Feature Init done
12-05 12:16:58.613  1634  1650 I SmartPower: com.google.android.googlequicksearchbox:search/10174(22203): died->background(488511ms) R(process start ) adj=-10000.
12-05 12:16:58.628 22203 22219 D MiuiDownscaleImpl: set override inverted scale : 1.0
12-05 12:16:58.636 22203 22224 D ActivityThread: the event that target app starts is : AppLaunchEvent{mType='441', mProcessName='com.google.android.googlequicksearchbox:search', mPackageName='com.google.android.googlequicksearchbox', mIsMainProcess='false', mVersionCode='301639434', mLaunchTime='2025-12-05'}
12-05 12:16:58.702  1634  2631 I ActivityManager: Process com.handmark.expressweather (pid 21746) has died: cch+5 CEM 
12-05 12:16:58.705  1634  1915 E ProcessManager: error write exception log
12-05 12:16:58.707  1634  1655 D DisplayManagerService: Drop pending events for gone uid 10295
12-05 12:16:58.780 22203 22203 I ActivityThread: TrafficStats init done
12-05 12:16:58.783  1634  1926 D MiuiSentinelService: begin judgment FdAmountLeakException
12-05 12:16:58.785 22203 22203 D ActivityThread: useGrowthLimitOutExpendMethod invoke error.
12-05 12:16:58.797 22203 22203 I ActivityThread: Miui Feature Init done
12-05 12:16:58.805  1634  1685 I ActivityManager: Start proc 22259:com.google.android.webview:webview_service/u0a207 for service {com.google.android.webview/org.chromium.android_webview.services.ComponentsProviderService} caller=com.captionsai
12-05 12:16:58.828  1634  1930 I SmartPower: com.android.vending/10163(19602): background->idle(107043ms) R(service end com.android.vending/com.google.android.finsky.billing.iab.InAppBillingService) adj=250.
12-05 12:16:58.838  1634  1650 E JobScheduler: ResourceBudgetManagerInternal is null
12-05 12:16:58.840  1634  1650 D CompatChangeReporter: Compat change id reported: 151861875; UID 10287; state: ENABLED
12-05 12:16:58.857  1634  1650 I SmartPower: com.google.android.adservices.api/10260(18675): idle->background(296971ms) R(service create com.google.android.adservices.api/com.android.adservices.measurement.MeasurementService) adj=0.
12-05 12:16:58.886  1634  1685 I ActivityManager: Start proc 22293:com.miui.android.fashiongallery/u0a287 for service {com.miui.android.fashiongallery/androidx.work.impl.background.systemjob.SystemJobService} caller=android
12-05 12:16:58.887  1634  3409 D PackageManager: set app component=ComponentInfo{com.google.android.adservices.api/com.android.adservices.service.common.PackageChangedReceiver} enabled state: 1 from com.google.android.adservices.api,uid=10260,pid=18675
12-05 12:16:58.900  1634  2631 I SmartPower: com.google.android.webview:webview_service/10207(22259): died->background(288384ms) R(process start ) adj=-10000.
12-05 12:16:58.904  1634  1650 W ActivityManager: pid 21737 com.captionsai sent binder code 21 with flags 2 to frozen apps and got error -74
12-05 12:16:58.928 22259 22287 D MiuiDownscaleImpl: set override inverted scale : 1.0
12-05 12:16:58.941 22259 22310 D ActivityThread: the event that target app starts is : AppLaunchEvent{mType='441', mProcessName='com.google.android.webview:webview_service', mPackageName='com.google.android.webview', mIsMainProcess='false', mVersionCode='744417133', mLaunchTime='2025-12-05'}
12-05 12:16:58.952  1634  3953 I ActivityManager: Process com.google.android.webview:sandboxed_process0:org.chromium.content.app.SandboxedProcessService0:0 (pid 22160) has died: cch+15 CEM 
12-05 12:16:58.962  1634  1655 D DisplayManagerService: Drop pending events for gone uid 99099
12-05 12:16:59.004 22259 22259 I ActivityThread: TrafficStats init done
12-05 12:16:59.009  1634  1650 I SmartPower: com.miui.android.fashiongallery/10287(22293): died->background(480ms) R(process start ) adj=-10000.
12-05 12:16:59.019 22293 22321 D MiuiDownscaleImpl: set override inverted scale : 1.0
12-05 12:16:59.023 22259 22259 I ActivityThread: Miui Feature Init done
12-05 12:16:59.027   835 22305 W SocketClient: write error (Broken pipe)
12-05 12:16:59.032  1634  3409 I ActivityManager: Process com.captionsai (pid 21737) has died: cch+5 CEM 
12-05 12:16:59.033  1634  1915 E ProcessManager: error write exception log
12-05 12:16:59.035 22293 22327 D ActivityThread: the event that target app starts is : AppLaunchEvent{mType='441', mProcessName='com.miui.android.fashiongallery', mPackageName='com.miui.android.fashiongallery', mIsMainProcess='true', mVersionCode='30249000', mLaunchTime='2025-12-05'}
12-05 12:16:59.044  1634  1655 D DisplayManagerService: Drop pending events for gone uid 10417
12-05 12:16:59.115 22293 22293 I ActivityThread: TrafficStats init done
12-05 12:16:59.118  1634  1695 D KernelCpuUidUserSysTimeReader: Removing uids 10134-10134
12-05 12:16:59.119  1634  1695 D KernelCpuUidUserSysTimeReader: Removing uids 99096-99096
12-05 12:16:59.119  1634  1695 D KernelCpuUidUserSysTimeReader: Removing uids 99095-99095
12-05 12:16:59.120  1634  1695 D KernelCpuUidUserSysTimeReader: Removing uids 99094-99094
12-05 12:16:59.120  1634  1695 D KernelCpuUidUserSysTimeReader: Removing uids 99076-99076
12-05 12:16:59.120 22293 22293 D ActivityThread: useGrowthLimitOutExpendMethod invoke error.
12-05 12:16:59.133 22293 22293 I ActivityThread: Miui Feature Init done
12-05 12:16:59.185  1634  1716 I AppsFilter: interaction: PackageSetting{fd09db4 com.example.gestor_money/10135} -> PackageSetting{25da68e com.miui.android.fashiongallery/10287} BLOCKED
12-05 12:16:59.185  1634  1716 I AppsFilter: interaction: PackageSetting{2d961b com.android.microdroid.empty_payload/10254} -> PackageSetting{25da68e com.miui.android.fashiongallery/10287} BLOCKED
12-05 12:16:59.185  1634  1716 I AppsFilter: interaction: PackageSetting{7982fdc com.android.provision.carrieroverlay.claro/10080} -> PackageSetting{25da68e com.miui.android.fashiongallery/10287} BLOCKED
12-05 12:16:59.186  1634  1716 I AppsFilter: interaction: PackageSetting{a8998e5 android.aosp.carrieroverlay.claro/10070} -> PackageSetting{25da68e com.miui.android.fashiongallery/10287} BLOCKED
12-05 12:16:59.203  1634  1954 D ShortcutService: received package broadcast intent: Intent { act=android.intent.action.PACKAGE_CHANGED dat=package: flg=0x45000010 (has extras) }
12-05 12:16:59.203  1634  1954 D ShortcutService: changing package: com.miui.android.fashiongallery userId0
12-05 12:16:59.203  1634  1954 D ShortcutService: handlePackageChanged: com.miui.android.fashiongallery user=0
12-05 12:16:59.203  1634  1954 D ShortcutService: rescanPackageIfNeeded 0@com.miui.android.fashiongallery, forceRescan=true , isNewApp=true
12-05 12:16:59.204  1634  1954 D ShortcutService: Package com.miui.android.fashiongallery has 0 manifest shortcut(s), and 0 share target(s)
12-05 12:16:59.214  1634  1634 W JobScheduler.JobStatus: Exempted app com.claro.claromusica.latam considered buggy
12-05 12:16:59.231  1634  3827 W AppOpService: Ignored setUidMode call for runtime permission app op: uid = 10296, code = RECEIVE_WAP_PUSH, mode = allow, callingUid = 1001, oldMode = allow
12-05 12:16:59.237  1634  3827 W AppOpService: Ignored setUidMode call for runtime permission app op: uid = 10296, code = READ_CELL_BROADCASTS, mode = allow, callingUid = 1001, oldMode = allow
12-05 12:16:59.264  1634  3409 W AppOpService: Ignored setUidMode call for runtime permission app op: uid = 1001, code = READ_SMS, mode = allow, callingUid = 1001, oldMode = allow
12-05 12:16:59.267  1634  3409 W AppOpService: Ignored setUidMode call for runtime permission app op: uid = 1001, code = RECEIVE_SMS, mode = allow, callingUid = 1001, oldMode = allow
12-05 12:16:59.267  1634  3409 W AppOpService: Ignored setUidMode call for runtime permission app op: uid = 1001, code = RECEIVE_WAP_PUSH, mode = allow, callingUid = 1001, oldMode = allow
12-05 12:16:59.268  1634  3959 W AppOpService: Ignored setUidMode call for runtime permission app op: uid = 1001, code = SEND_SMS, mode = allow, callingUid = 1001, oldMode = allow
12-05 12:16:59.276  1634  3827 W AppOpService: Ignored setUidMode call for runtime permission app op: uid = 1001, code = READ_CELL_BROADCASTS, mode = allow, callingUid = 1001, oldMode = allow
12-05 12:16:59.278  1634  1685 I ActivityManager: Start proc 22335:com.android.chrome/u0a181 for service {com.android.chrome/org.chromium.chrome.browser.customtabs.CustomTabsConnectionService} caller=com.android.vending
12-05 12:16:59.281  1634  3409 I ActivityManager: Process com.google.android.webview:webview_service (pid 22259) has died: cch+5 CEM 
12-05 12:16:59.281  1634  1915 E ProcessManager: error write exception log
12-05 12:16:59.286  1634  1655 D DisplayManagerService: Drop pending events for gone uid 10207
12-05 12:16:59.289  1634  1650 D PackageManager: set app component=ComponentInfo{com.miui.android.fashiongallery/androidx.work.impl.background.systemjob.SystemJobService} enabled state: 1 from com.miui.android.fashiongallery,uid=10287,pid=22293
12-05 12:16:59.318  1634  7907 W AppOps  : setUidMode() called with a mode inconsistent with runtime permission state, this is discouraged and you should revoke the runtime permission instead: uid=10160, switchCode=0, mode=4, permission=android.permission.ACCESS_BACKGROUND_LOCATION
12-05 12:16:59.324  1634  7907 E AppOpService: Blocked setUidMode call for runtime permission app op: uid = 10160, code = COARSE_LOCATION, mode = foreground, callingUid = 1000, oldMode = allow
12-05 12:16:59.324  1634  7907 E AppOpService: java.lang.RuntimeException
12-05 12:16:59.324  1634  7907 E AppOpService: 	at com.android.server.permission.access.appop.AppOpService.setUidMode(AppOpService.kt:286)
12-05 12:16:59.324  1634  7907 E AppOpService: 	at com.android.server.appop.AppOpsCheckingServiceTracingDecorator.setUidMode(AppOpsCheckingServiceTracingDecorator.java:120)
12-05 12:16:59.324  1634  7907 E AppOpService: 	at com.android.server.appop.AppOpsService.setUidMode(AppOpsService.java:2143)
12-05 12:16:59.324  1634  7907 E AppOpService: 	at com.android.server.appop.AppOpsService.setUidMode(AppOpsService.java:2093)
12-05 12:16:59.324  1634  7907 E AppOpService: 	at android.app.AppOpsManager.setUidMode(AppOpsManager.java:8329)
12-05 12:16:59.324  1634  7907 E AppOpService: 	at com.android.role.controller.model.Permissions.setAppOpModeAsUser(Permissions.java:908)
12-05 12:16:59.324  1634  7907 E AppOpService: 	at com.android.role.controller.model.Permissions.setAppOpUidModeAsUser(Permissions.java:885)
12-05 12:16:59.324  1634  7907 E AppOpService: 	at com.android.role.controller.model.Permissions.grantPermissionAndAppOpAsUser(Permissions.java:373)
12-05 12:16:59.324  1634  7907 E AppOpService: 	at com.android.role.controller.model.Permissions.grantSingleAsUser(Permissions.java:247)
12-05 12:16:59.324  1634  7907 E AppOpService: 	at com.android.role.controller.model.Permissions.grantAsUser(Permissions.java:205)
12-05 12:16:59.324  1634  7907 E AppOpService: 	at com.android.role.controller.model.Role.grantAsUser(Role.java:867)
12-05 12:16:59.324  1634  7907 E AppOpService: 	at com.android.role.controller.service.RoleControllerServiceImpl.addRoleHolderInternal(RoleControllerServiceImpl.java:380)
12-05 12:16:59.324  1634  7907 E AppOpService: 	at com.android.role.controller.service.RoleControllerServiceImpl.onGrantDefaultRoles(RoleControllerServiceImpl.java:163)
12-05 12:16:59.324  1634  7907 E AppOpService: 	at com.android.role.LocalRoleController.lambda$grantDefaultRoles$1(LocalRoleController.java:56)
12-05 12:16:59.324  1634  7907 E AppOpService: 	at com.android.role.LocalRoleController.$r8$lambda$ye-flP7Mf14AbTzwSmiTgndT6Cg(LocalRoleController.java:0)
12-05 12:16:59.324  1634  7907 E AppOpService: 	at com.android.role.LocalRoleController$$ExternalSyntheticLambda1.run(R8$$SyntheticClass:0)
12-05 12:16:59.324  1634  7907 E AppOpService: 	at android.os.Handler.handleCallback(Handler.java:959)
12-05 12:16:59.324  1634  7907 E AppOpService: 	at android.os.Handler.dispatchMessage(Handler.java:100)
12-05 12:16:59.324  1634  7907 E AppOpService: 	at android.os.Looper.loopOnce(Looper.java:249)
12-05 12:16:59.324  1634  7907 E AppOpService: 	at android.os.Looper.loop(Looper.java:337)
12-05 12:16:59.324  1634  7907 E AppOpService: 	at android.os.HandlerThread.run(HandlerThread.java:85)
12-05 12:16:59.331  1634  7907 W AppOpService: Ignored setUidMode call for runtime permission app op: uid = 10141, code = FINE_LOCATION, mode = foreground, callingUid = 1000, oldMode = foreground
12-05 12:16:59.332  1634  7907 W AppOpService: Ignored setUidMode call for runtime permission app op: uid = 10141, code = COARSE_LOCATION, mode = foreground, callingUid = 1000, oldMode = foreground
12-05 12:16:59.344  1634  3409 I ActivityManager: Process com.facebook.services (pid 19222) has died: svcb SVC 
12-05 12:16:59.344  1634  1915 E ProcessManager: error write exception log
12-05 12:16:59.345  1634  3409 W ActivityManager: Scheduling restart of crashed service com.facebook.services/com.facebook.oxygen.services.fbns.PreloadedFbnsService in 10000ms for start-requested
12-05 12:16:59.352  1634  1655 D DisplayManagerService: Drop pending events for gone uid 10173
12-05 12:16:59.375  1634  3953 E JobScheduler: ResourceBudgetManagerInternal is null
12-05 12:16:59.375  1634  4119 I SmartPower: com.android.chrome/10181(22335): died->background(1867ms) R(process start ) adj=-10000.
12-05 12:16:59.385 22335 22350 D MiuiDownscaleImpl: set override inverted scale : 1.0
12-05 12:16:59.404 22335 22358 D ActivityThread: the event that target app starts is : AppLaunchEvent{mType='441', mProcessName='com.android.chrome', mPackageName='com.android.chrome', mIsMainProcess='true', mVersionCode='744417133', mLaunchTime='2025-12-05'}
12-05 12:16:59.407  1634  1744 I ActivityManager: Process com.google.android.googlequicksearchbox:search (pid 22203) has died: svcb CEM 
12-05 12:16:59.408  1634  1775 W JobServiceContext: Sending onNetworkChanged for a job that isn't started. JobStatus{17bc87b #u0a287/6752 com.miui.android.fashiongallery/androidx.work.impl.background.systemjob.SystemJobService u=0 s=10287 NET READY}
12-05 12:16:59.409  1634  1915 E ProcessManager: error write exception log
12-05 12:16:59.425  1634  7907 W AppOpService: Ignored setUidMode call for runtime permission app op: uid = 10181, code = FINE_LOCATION, mode = foreground, callingUid = 1000, oldMode = foreground
12-05 12:16:59.426  1634  7907 W AppOpService: Ignored setUidMode call for runtime permission app op: uid = 10181, code = COARSE_LOCATION, mode = foreground, callingUid = 1000, oldMode = foreground
12-05 12:16:59.457  1634  1634 D UiModeManager: updateConfigurationLocked: mDockState=0; mCarMode=false; mCar=false; mPowerSave=false; mOverrideNightModeOn=false; mOverrideNightModeOff=false; mComputedNightMode=true; mNightModeValue=2; uiMode=44
12-05 12:16:59.463 22293 22293 D FramePredict: FramePredict init: true
12-05 12:16:59.474  1634  1634 W JobScheduler: Job didn't exist in JobStore: 
12-05 12:16:59.478  1634  3953 D PackageManager: set app component=ComponentInfo{com.miui.android.fashiongallery/androidx.work.impl.background.systemalarm.RescheduleReceiver} enabled state: 1 from com.miui.android.fashiongallery,uid=10287,pid=22293
12-05 12:16:59.481  1634  2656 I PackageInstaller: Installation Boost On
12-05 12:16:59.490  1634  1742 E JobScheduler: ResourceBudgetManagerInternal is null
12-05 12:16:59.492 22335 22335 I ActivityThread: TrafficStats init done
12-05 12:16:59.502  1634  1634 D UiModeManager: updateConfigurationLocked: mDockState=0; mCarMode=false; mCar=false; mPowerSave=false; mOverrideNightModeOn=false; mOverrideNightModeOff=false; mComputedNightMode=true; mNightModeValue=2; uiMode=44
12-05 12:16:59.505 22335 22335 I ActivityThread: Miui Feature Init done
12-05 12:16:59.554  1634  1744 W JobScheduler: Job didn't exist in JobStore: 
12-05 12:16:59.560  1634  2154 D PackageManager: set app component=ComponentInfo{com.miui.android.fashiongallery/androidx.work.impl.background.systemalarm.RescheduleReceiver} enabled state: 2 from com.miui.android.fashiongallery,uid=10287,pid=22293
12-05 12:16:59.568  1634  1744 D CompatChangeReporter: Compat change id reported: 311208629; UID 10287; state: ENABLED
12-05 12:16:59.579  1634  3827 D PackageManager: set app component=ComponentInfo{com.miui.android.fashiongallery/androidx.work.impl.background.systemalarm.RescheduleReceiver} enabled state: 2 from com.miui.android.fashiongallery,uid=10287,pid=22293
12-05 12:16:59.583  1634  3827 D PackageManager: set app component=ComponentInfo{com.miui.android.fashiongallery/androidx.work.impl.background.systemalarm.RescheduleReceiver} enabled state: 2 from com.miui.android.fashiongallery,uid=10287,pid=22293
12-05 12:16:59.586  1634  3827 D BiometricService: canAuthenticate: User=0, Caller=0, Authenticators=65536
12-05 12:16:59.586  1634  3827 E BiometricService: Non-biometric, non-credential bits found. Authenticators: 65536
12-05 12:16:59.587  1634  3827 D BiometricService: canAuthenticate: User=0, Caller=0, Authenticators=255
12-05 12:16:59.588  1634  3827 D BiometricService/PreAuthInfo: Package: com.android.vending Sensor ID: 0 Modality: 2 Status: 1
12-05 12:16:59.588  1634  3827 D BiometricService/PreAuthInfo: getCanAuthenticateInternal Modality: 2 AuthenticatorStatus: 1
12-05 12:16:59.588  1634  3827 D AuthService: canAuthenticate, userId: 0, callingUserId: 0, authenticators: 255, result: 0
12-05 12:16:59.590  1634  3827 D BiometricService: canAuthenticate: User=0, Caller=0, Authenticators=255
12-05 12:16:59.591  1634  3827 D BiometricService/PreAuthInfo: Package: com.android.vending Sensor ID: 0 Modality: 2 Status: 1
12-05 12:16:59.591  1634  3827 D BiometricService/PreAuthInfo: getCanAuthenticateInternal Modality: 2 AuthenticatorStatus: 1
12-05 12:16:59.591  1634  3827 D AuthService: canAuthenticate, userId: 0, callingUserId: 0, authenticators: 255, result: 0
12-05 12:16:59.611  1634  3827 D BiometricService: canAuthenticate: User=0, Caller=0, Authenticators=65536
12-05 12:16:59.611  1634  3827 E BiometricService: Non-biometric, non-credential bits found. Authenticators: 65536
12-05 12:16:59.613  1634  1775 E JobScheduler.Background: Couldn't determine stopped state for unknown package: com.google.android.apps.turbo
12-05 12:16:59.613  1634  1775 E JobScheduler.Background: Couldn't determine stopped state for unknown package: com.google.android.apps.turbo
12-05 12:16:59.613  1634  1775 E JobScheduler.Background: Couldn't determine stopped state for unknown package: com.google.android.apps.turbo
12-05 12:16:59.613  1634  1775 E JobScheduler.Background: Couldn't determine stopped state for unknown package: com.google.android.apps.turbo
12-05 12:16:59.613  1634  1775 E JobScheduler.Background: Couldn't determine stopped state for unknown package: com.google.android.apps.turbo
12-05 12:16:59.617  1634  3827 D BiometricService: canAuthenticate: User=0, Caller=0, Authenticators=15
12-05 12:16:59.618  1634  3827 D BiometricService/PreAuthInfo: Package: com.android.vending Sensor ID: 0 Modality: 2 Status: 1
12-05 12:16:59.618  1634  3827 D BiometricService/PreAuthInfo: getCanAuthenticateInternal Modality: 2 AuthenticatorStatus: 1
12-05 12:16:59.618  1634  3827 D AuthService: canAuthenticate, userId: 0, callingUserId: 0, authenticators: 15, result: 0
12-05 12:16:59.619  1634  1744 D BiometricService: canAuthenticate: User=0, Caller=0, Authenticators=32768
12-05 12:16:59.620  1634  1744 D BiometricService/PreAuthInfo: getCanAuthenticateInternal Modality: 1 AuthenticatorStatus: 1
12-05 12:16:59.620  1634  1744 D AuthService: canAuthenticate, userId: 0, callingUserId: 0, authenticators: 32768, result: 0
12-05 12:16:59.621  1634  3953 D BiometricService: canAuthenticate: User=0, Caller=0, Authenticators=15
12-05 12:16:59.622  1634  3953 D BiometricService/PreAuthInfo: Package: com.android.vending Sensor ID: 0 Modality: 2 Status: 1
12-05 12:16:59.622  1634  3953 D BiometricService/PreAuthInfo: getCanAuthenticateInternal Modality: 2 AuthenticatorStatus: 1
12-05 12:16:59.623  1634  3953 D AuthService: canAuthenticate, userId: 0, callingUserId: 0, authenticators: 15, result: 0
12-05 12:16:59.630  1634  4119 D BiometricService: canAuthenticate: User=0, Caller=0, Authenticators=15
12-05 12:16:59.630  1634  4119 D BiometricService/PreAuthInfo: Package: com.android.vending Sensor ID: 0 Modality: 2 Status: 1
12-05 12:16:59.631  1634  4119 D BiometricService/PreAuthInfo: getCanAuthenticateInternal Modality: 2 AuthenticatorStatus: 1
12-05 12:16:59.631  1634  4119 D AuthService: canAuthenticate, userId: 0, callingUserId: 0, authenticators: 15, result: 0
12-05 12:16:59.639   572  9972 I keystore2: system/security/keystore2/src/security_level.rs:227 - entry create_operation
12-05 12:16:59.639   572  9972 I keystore2: system/security/keystore2/src/security_level.rs:232 - key: domain:r#KEY_ID, nspace:6118090901171090408, alias:None, blob:None
12-05 12:16:59.643   572  9972 I keystore2: system/security/keystore2/src/security_level.rs:882 - entry upgrade_keyblob_if_required_with
12-05 12:16:59.643   572  9972 I keystore2: system/security/keystore2/src/security_level.rs:347 - In KeystoreSecurityLevel::create_operation: calling begin
12-05 12:16:59.645   572  9972 I keystore2: system/security/keystore2/src/security_level.rs:381 - upgraded_blob: None
12-05 12:16:59.657  1634  1744 I ActivityManager: Process com.miui.android.fashiongallery (pid 22293) has died: cch+5 CEM 
12-05 12:16:59.658  1634  1915 E ProcessManager: error write exception log
12-05 12:16:59.661  1634  1716 I PackageManager: Integrity check passed for file:///data/app/vmdl490830859.tmp
12-05 12:16:59.663  1634  1655 D DisplayManagerService: Drop pending events for gone uid 10287
12-05 12:16:59.681  1634  4119 D BiometricService: canAuthenticate: User=0, Caller=0, Authenticators=15
12-05 12:16:59.682  1634  4119 D BiometricService/PreAuthInfo: Package: com.android.vending Sensor ID: 0 Modality: 2 Status: 1
12-05 12:16:59.682  1634  4119 D BiometricService/PreAuthInfo: getCanAuthenticateInternal Modality: 2 AuthenticatorStatus: 1
12-05 12:16:59.682  1634  4119 D AuthService: canAuthenticate, userId: 0, callingUserId: 0, authenticators: 15, result: 0
12-05 12:16:59.692  1634  1684 I SmartPower: android.process.acore/10096(21355): idle->background(6038ms) R(broadcast start Intent { act=android.intent.action.PACKAGE_CHANGED dat=package: flg=0x45000010 (has extras) }) adj=700.
12-05 12:16:59.722  1634  1650 D Aurogon :  packageName = com.google.android.gms isAllowWakeUpList 
12-05 12:16:59.729  1634  1685 I ActivityManager: Start proc 22387:app.revanced.android.gms/u0a362 for service {app.revanced.android.gms/com.google.android.gms.cast.media.CastMediaRouteProviderService} caller=com.google.android.gms
12-05 12:16:59.786  1634  1744 I SmartPower: app.revanced.android.gms/10362(22387): died->background(282972ms) R(process start ) adj=-10000.
12-05 12:16:59.797 22387 22403 D MiuiDownscaleImpl: set override inverted scale : 1.0
12-05 12:16:59.798  1634  3827 I ActivityManager: Process com.android.chrome (pid 22335) has died: cch+5 CEM 
12-05 12:16:59.798  1634  1915 E ProcessManager: error write exception log
12-05 12:16:59.805  1634  1655 D DisplayManagerService: Drop pending events for gone uid 10181
12-05 12:16:59.814  1634  1744 D BiometricService: canAuthenticate: User=0, Caller=0, Authenticators=15
12-05 12:16:59.815  1634  1744 D BiometricService/PreAuthInfo: Package: com.android.vending Sensor ID: 0 Modality: 2 Status: 1
12-05 12:16:59.815  1634  1744 D BiometricService/PreAuthInfo: getCanAuthenticateInternal Modality: 2 AuthenticatorStatus: 1
12-05 12:16:59.815  1634  1744 D AuthService: canAuthenticate, userId: 0, callingUserId: 0, authenticators: 15, result: 0
12-05 12:16:59.816  1634  3827 D BiometricService: canAuthenticate: User=0, Caller=0, Authenticators=32768
12-05 12:16:59.817  1634  3827 D BiometricService/PreAuthInfo: getCanAuthenticateInternal Modality: 1 AuthenticatorStatus: 1
12-05 12:16:59.817  1634  3827 D AuthService: canAuthenticate, userId: 0, callingUserId: 0, authenticators: 32768, result: 0
12-05 12:16:59.817  1634  1744 D BiometricService: canAuthenticate: User=0, Caller=0, Authenticators=15
12-05 12:16:59.818  1634  1744 D BiometricService/PreAuthInfo: Package: com.android.vending Sensor ID: 0 Modality: 2 Status: 1
12-05 12:16:59.818  1634  1744 D BiometricService/PreAuthInfo: getCanAuthenticateInternal Modality: 2 AuthenticatorStatus: 1
12-05 12:16:59.818  1634  1744 D AuthService: canAuthenticate, userId: 0, callingUserId: 0, authenticators: 15, result: 0
12-05 12:16:59.819  1634  1744 D BiometricService: canAuthenticate: User=0, Caller=0, Authenticators=15
12-05 12:16:59.820  1634  1744 D BiometricService/PreAuthInfo: Package: com.android.vending Sensor ID: 0 Modality: 2 Status: 1
12-05 12:16:59.820  1634  1744 D BiometricService/PreAuthInfo: getCanAuthenticateInternal Modality: 2 AuthenticatorStatus: 1
12-05 12:16:59.821  1634  1744 D AuthService: canAuthenticate, userId: 0, callingUserId: 0, authenticators: 15, result: 0
12-05 12:16:59.824   572  9972 I keystore2: system/security/keystore2/src/security_level.rs:227 - entry create_operation
12-05 12:16:59.824   572  9972 I keystore2: system/security/keystore2/src/security_level.rs:232 - key: domain:r#KEY_ID, nspace:6118090901171090408, alias:None, blob:None
12-05 12:16:59.825   572  9972 I keystore2: system/security/keystore2/src/security_level.rs:882 - entry upgrade_keyblob_if_required_with
12-05 12:16:59.825   572  9972 I keystore2: system/security/keystore2/src/security_level.rs:347 - In KeystoreSecurityLevel::create_operation: calling begin
12-05 12:16:59.827   572  9972 I keystore2: system/security/keystore2/src/security_level.rs:381 - upgraded_blob: None
12-05 12:16:59.834  1634  1744 D BiometricService: canAuthenticate: User=0, Caller=0, Authenticators=15
12-05 12:16:59.834  1634  1744 D BiometricService/PreAuthInfo: Package: com.android.vending Sensor ID: 0 Modality: 2 Status: 1
12-05 12:16:59.834  1634  1744 D BiometricService/PreAuthInfo: getCanAuthenticateInternal Modality: 2 AuthenticatorStatus: 1
12-05 12:16:59.835  1634  1744 D AuthService: canAuthenticate, userId: 0, callingUserId: 0, authenticators: 15, result: 0
12-05 12:16:59.867 22387 22387 I ActivityThread: TrafficStats init done
12-05 12:16:59.870  1634  1744 D ForceDarkAppConfigProvider: cloudConfigVersion: -1   localConfigVersion:20250313
12-05 12:16:59.870  1634  1744 I UiModeManager: systemserver package:app.revanced.android.gms null
12-05 12:16:59.885 22387 22387 I ActivityThread: Miui Feature Init done
12-05 12:16:59.920 22387 22387 D ActivityThread: Loading provider app.revanced.android.gms.microg.settings: org.microg.gms.settings.SettingsProvider
12-05 12:16:59.967  1634  1930 I SmartPower: com.zhiliaoapp.musically/10306(15030): background->idle(3660ms) R(resource inactive  uid:10306 pid:15030 audio) adj=700.
12-05 12:16:59.969  1634  1744 D PackageManager: set app component=ComponentInfo{app.revanced.android.gms/androidx.work.impl.background.systemjob.SystemJobService} enabled state: 1 from app.revanced.android.gms,uid=10362,pid=22387
12-05 12:17:00.000  1634  1684 I SmartPower: com.whatsapp/10344(20720): idle->background(3905ms) R(broadcast start Intent { act=android.intent.action.BATTERY_CHANGED flg=0x60000010 (has extras) }) adj=227.
12-05 12:17:00.008  1634  1902 D isUidValid: uid = 10362
12-05 12:17:00.033 22387 22387 D FramePredict: FramePredict init: true
12-05 12:17:00.128  1634  1744 W ActivityManager: pid 2012 com.google.android.gms.persistent sent binder code 1 with flags 1 to frozen apps and got error -32
12-05 12:17:00.131  1634  2154 I ActivityManager: Process app.revanced.android.gms (pid 22387) has died: cch+5 BTOP
12-05 12:17:00.133  1634  1915 E ProcessManager: error write exception log
12-05 12:17:00.136  1634  1930 I SmartPower: com.dti.amx/10169(17241): background->idle(3008ms) R(content provider start ContentProviderRecord{6e0965c u0 com.dti.amx/com.dti.phoenix.core.provider.PhoenixProvider3}) adj=500.
12-05 12:17:00.153  1634  1655 D DisplayManagerService: Drop pending events for gone uid 10362
12-05 12:17:00.263  1634  1685 I ActivityManager: Start proc 22415:com.miui.android.fashiongallery/u0a287 for content provider {com.miui.android.fashiongallery/com.miui.android.fashiongallery.LockScreenMagazineProvider} caller=com.android.systemui
12-05 12:17:00.270  1634  1681 W MagnificationConnectionManager: requestConnection duplicated request: connect=false, mConnectionState=DISCONNECTED
12-05 12:17:00.345  1634  4119 I SmartPower: com.miui.android.fashiongallery/10287(22415): died->background(687ms) R(process start ) adj=-10000.
12-05 12:17:00.358 22415 22430 D MiuiDownscaleImpl: set override inverted scale : 1.0
12-05 12:17:00.369 22415 22434 D ActivityThread: the event that target app starts is : AppLaunchEvent{mType='441', mProcessName='com.miui.android.fashiongallery', mPackageName='com.miui.android.fashiongallery', mIsMainProcess='true', mVersionCode='30249000', mLaunchTime='2025-12-05'}
12-05 12:17:00.430 22415 22415 I ActivityThread: TrafficStats init done
12-05 12:17:00.434 22415 22415 D ActivityThread: useGrowthLimitOutExpendMethod invoke error.
12-05 12:17:00.446 22415 22415 I ActivityThread: Miui Feature Init done
12-05 12:17:00.562  1634  1716 I AppsFilter: interaction: PackageSetting{fd09db4 com.example.gestor_money/10135} -> PackageSetting{9e6aa4 com.miui.android.fashiongallery/10287} BLOCKED
12-05 12:17:00.562  1634  1716 I AppsFilter: interaction: PackageSetting{2d961b com.android.microdroid.empty_payload/10254} -> PackageSetting{9e6aa4 com.miui.android.fashiongallery/10287} BLOCKED
12-05 12:17:00.562  1634  1716 I AppsFilter: interaction: PackageSetting{7982fdc com.android.provision.carrieroverlay.claro/10080} -> PackageSetting{9e6aa4 com.miui.android.fashiongallery/10287} BLOCKED
12-05 12:17:00.562  1634  1716 I AppsFilter: interaction: PackageSetting{a8998e5 android.aosp.carrieroverlay.claro/10070} -> PackageSetting{9e6aa4 com.miui.android.fashiongallery/10287} BLOCKED
12-05 12:17:00.573  1634  4119 D PackageManager: set app component=ComponentInfo{com.miui.android.fashiongallery/androidx.work.impl.background.systemjob.SystemJobService} enabled state: 1 from com.miui.android.fashiongallery,uid=10287,pid=22415
12-05 12:17:00.590  1634  1634 W JobScheduler.JobStatus: Exempted app com.claro.claromusica.latam considered buggy
12-05 12:17:00.595  1634  1954 D ShortcutService: received package broadcast intent: Intent { act=android.intent.action.PACKAGE_CHANGED dat=package: flg=0x45000010 (has extras) }
12-05 12:17:00.595  1634  1954 D ShortcutService: changing package: com.miui.android.fashiongallery userId0
12-05 12:17:00.595  1634  1954 D ShortcutService: handlePackageChanged: com.miui.android.fashiongallery user=0
12-05 12:17:00.596  1634  1954 D ShortcutService: rescanPackageIfNeeded 0@com.miui.android.fashiongallery, forceRescan=true , isNewApp=true
12-05 12:17:00.603  1634  1954 D ShortcutService: Package com.miui.android.fashiongallery has 0 manifest shortcut(s), and 0 share target(s)
12-05 12:17:00.646  1634  1902 D isUidValid: uid = 10287
12-05 12:17:00.653  1634  1650 W AppOpService: Ignored setUidMode call for runtime permission app op: uid = 10296, code = RECEIVE_WAP_PUSH, mode = allow, callingUid = 1001, oldMode = allow
12-05 12:17:00.655  1634  1650 W AppOpService: Ignored setUidMode call for runtime permission app op: uid = 10296, code = READ_CELL_BROADCASTS, mode = allow, callingUid = 1001, oldMode = allow
12-05 12:17:00.664  1634  2154 D PackageManager: set app component=ComponentInfo{com.miui.android.fashiongallery/androidx.work.impl.background.systemalarm.RescheduleReceiver} enabled state: 1 from com.miui.android.fashiongallery,uid=10287,pid=22415
12-05 12:17:00.681 22415 22415 D FramePredict: FramePredict init: true
12-05 12:17:00.682  1634  7907 W AppOps  : setUidMode() called with a mode inconsistent with runtime permission state, this is discouraged and you should revoke the runtime permission instead: uid=10160, switchCode=0, mode=4, permission=android.permission.ACCESS_BACKGROUND_LOCATION
12-05 12:17:00.683  1634  7907 E AppOpService: Blocked setUidMode call for runtime permission app op: uid = 10160, code = COARSE_LOCATION, mode = foreground, callingUid = 1000, oldMode = allow
12-05 12:17:00.683  1634  7907 E AppOpService: java.lang.RuntimeException
12-05 12:17:00.683  1634  7907 E AppOpService: 	at com.android.server.permission.access.appop.AppOpService.setUidMode(AppOpService.kt:286)
12-05 12:17:00.683  1634  7907 E AppOpService: 	at com.android.server.appop.AppOpsCheckingServiceTracingDecorator.setUidMode(AppOpsCheckingServiceTracingDecorator.java:120)
12-05 12:17:00.683  1634  7907 E AppOpService: 	at com.android.server.appop.AppOpsService.setUidMode(AppOpsService.java:2143)
12-05 12:17:00.683  1634  7907 E AppOpService: 	at com.android.server.appop.AppOpsService.setUidMode(AppOpsService.java:2093)
12-05 12:17:00.683  1634  7907 E AppOpService: 	at android.app.AppOpsManager.setUidMode(AppOpsManager.java:8329)
12-05 12:17:00.683  1634  7907 E AppOpService: 	at com.android.role.controller.model.Permissions.setAppOpModeAsUser(Permissions.java:908)
12-05 12:17:00.683  1634  7907 E AppOpService: 	at com.android.role.controller.model.Permissions.setAppOpUidModeAsUser(Permissions.java:885)
12-05 12:17:00.683  1634  7907 E AppOpService: 	at com.android.role.controller.model.Permissions.grantPermissionAndAppOpAsUser(Permissions.java:373)
12-05 12:17:00.683  1634  7907 E AppOpService: 	at com.android.role.controller.model.Permissions.grantSingleAsUser(Permissions.java:247)
12-05 12:17:00.683  1634  7907 E AppOpService: 	at com.android.role.controller.model.Permissions.grantAsUser(Permissions.java:205)
12-05 12:17:00.683  1634  7907 E AppOpService: 	at com.android.role.controller.model.Role.grantAsUser(Role.java:867)
12-05 12:17:00.683  1634  7907 E AppOpService: 	at com.android.role.controller.service.RoleControllerServiceImpl.addRoleHolderInternal(RoleControllerServiceImpl.java:380)
12-05 12:17:00.683  1634  7907 E AppOpService: 	at com.android.role.controller.service.RoleControllerServiceImpl.onGrantDefaultRoles(RoleControllerServiceImpl.java:163)
12-05 12:17:00.683  1634  7907 E AppOpService: 	at com.android.role.LocalRoleController.lambda$grantDefaultRoles$1(LocalRoleController.java:56)
12-05 12:17:00.683  1634  7907 E AppOpService: 	at com.android.role.LocalRoleController.$r8$lambda$ye-flP7Mf14AbTzwSmiTgndT6Cg(LocalRoleController.java:0)
12-05 12:17:00.683  1634  7907 E AppOpService: 	at com.android.role.LocalRoleController$$ExternalSyntheticLambda1.run(R8$$SyntheticClass:0)
12-05 12:17:00.683  1634  7907 E AppOpService: 	at android.os.Handler.handleCallback(Handler.java:959)
12-05 12:17:00.683  1634  7907 E AppOpService: 	at android.os.Handler.dispatchMessage(Handler.java:100)
12-05 12:17:00.683  1634  7907 E AppOpService: 	at android.os.Looper.loopOnce(Looper.java:249)
12-05 12:17:00.683  1634  7907 E AppOpService: 	at android.os.Looper.loop(Looper.java:337)
12-05 12:17:00.683  1634  7907 E AppOpService: 	at android.os.HandlerThread.run(HandlerThread.java:85)
12-05 12:17:00.689  1634  7907 W AppOpService: Ignored setUidMode call for runtime permission app op: uid = 10141, code = FINE_LOCATION, mode = foreground, callingUid = 1000, oldMode = foreground
12-05 12:17:00.689  1634  7907 W AppOpService: Ignored setUidMode call for runtime permission app op: uid = 10141, code = COARSE_LOCATION, mode = foreground, callingUid = 1000, oldMode = foreground
12-05 12:17:00.690  1634  2154 E JobScheduler: ResourceBudgetManagerInternal is null
12-05 12:17:00.693  1634  1650 W AppOpService: Ignored setUidMode call for runtime permission app op: uid = 1001, code = READ_SMS, mode = allow, callingUid = 1001, oldMode = allow
12-05 12:17:00.694  1634  1744 W AppOpService: Ignored setUidMode call for runtime permission app op: uid = 1001, code = RECEIVE_SMS, mode = allow, callingUid = 1001, oldMode = allow
12-05 12:17:00.695  1634  1744 W AppOpService: Ignored setUidMode call for runtime permission app op: uid = 1001, code = RECEIVE_WAP_PUSH, mode = allow, callingUid = 1001, oldMode = allow
12-05 12:17:00.696  1634  1744 W AppOpService: Ignored setUidMode call for runtime permission app op: uid = 1001, code = SEND_SMS, mode = allow, callingUid = 1001, oldMode = allow
12-05 12:17:00.697  1634  2154 W AppOpService: Ignored setUidMode call for runtime permission app op: uid = 1001, code = READ_CELL_BROADCASTS, mode = allow, callingUid = 1001, oldMode = allow
12-05 12:17:00.736  1634  7907 W AppOpService: Ignored setUidMode call for runtime permission app op: uid = 10181, code = FINE_LOCATION, mode = foreground, callingUid = 1000, oldMode = foreground
12-05 12:17:00.737  1634  7907 W AppOpService: Ignored setUidMode call for runtime permission app op: uid = 10181, code = COARSE_LOCATION, mode = foreground, callingUid = 1000, oldMode = foreground
12-05 12:17:00.738  1634  1650 D PackageManager: set app component=ComponentInfo{com.miui.android.fashiongallery/androidx.work.impl.background.systemalarm.RescheduleReceiver} enabled state: 2 from com.miui.android.fashiongallery,uid=10287,pid=22415
12-05 12:17:00.745  1634  2154 W JobScheduler: Job didn't exist in JobStore: 
12-05 12:17:00.748  1634  1926 D MiuiSentinelService: begin judgment FdAmountLeakException
12-05 12:17:00.838  1634  1681 W ActivityManager: Rescheduling restart of crashed service com.facebook.services/com.facebook.oxygen.services.fbns.PreloadedFbnsService in 8508ms for mem-pressure-event
12-05 12:17:00.875  1634  1681 W MagnificationConnectionManager: requestConnection duplicated request: connect=false, mConnectionState=DISCONNECTED
12-05 12:17:00.968  1634  1930 I SmartPower: com.zhiliaoapp.musically/10306(15030): idle->background(1000ms) R(resource active  uid:10306 pid:15030 net) adj=700.
12-05 12:17:01.093  1634  1716 I PackageManager: Continuing with installation of file:///data/app/vmdl490830859.tmp
12-05 12:17:01.093  1634  2154 D Aurogon :  packageName = com.google.android.gms isAllowWakeUpList 
12-05 12:17:01.096  1634  2154 I SmartPower: com.android.vending/10163(19602): idle->background(2269ms) R(service destroy com.android.vending/com.google.android.finsky.verifier.impl.service.impl.PackageVerificationService) adj=250.
12-05 12:17:01.111  1634  1685 I ActivityManager: Start proc 22473:app.revanced.android.gms/u0a362 for service {app.revanced.android.gms/com.google.android.gms.cast.media.CastMediaRouteProviderService} caller=com.google.android.gms
12-05 12:17:01.140   572  9972 I keystore2: system/security/keystore2/src/security_level.rs:227 - entry create_operation
12-05 12:17:01.140   572  9972 I keystore2: system/security/keystore2/src/security_level.rs:232 - key: domain:r#KEY_ID, nspace:-3210006840702569986, alias:None, blob:None
12-05 12:17:01.141   572  9972 I keystore2: system/security/keystore2/src/security_level.rs:882 - entry upgrade_keyblob_if_required_with
12-05 12:17:01.141   572  9972 I keystore2: system/security/keystore2/src/security_level.rs:347 - In KeystoreSecurityLevel::create_operation: calling begin
12-05 12:17:01.145   572  9972 I keystore2: system/security/keystore2/src/security_level.rs:381 - upgraded_blob: None
12-05 12:17:01.149   572  9972 I keystore2: system/security/keystore2/src/security_level.rs:227 - entry create_operation
12-05 12:17:01.149   572  9972 I keystore2: system/security/keystore2/src/security_level.rs:232 - key: domain:r#KEY_ID, nspace:-3210006840702569986, alias:None, blob:None
12-05 12:17:01.150   572  9972 I keystore2: system/security/keystore2/src/security_level.rs:882 - entry upgrade_keyblob_if_required_with
12-05 12:17:01.150   572  9972 I keystore2: system/security/keystore2/src/security_level.rs:347 - In KeystoreSecurityLevel::create_operation: calling begin
12-05 12:17:01.151   572  9972 I keystore2: system/security/keystore2/src/security_level.rs:381 - upgraded_blob: None
12-05 12:17:01.155  1634  4119 I SmartPower: app.revanced.android.gms/10362(22473): died->background(1023ms) R(process start ) adj=-10000.
12-05 12:17:01.162   572  9972 I keystore2: system/security/keystore2/src/security_level.rs:227 - entry create_operation
12-05 12:17:01.162   572  9972 I keystore2: system/security/keystore2/src/security_level.rs:232 - key: domain:r#KEY_ID, nspace:-3210006840702569986, alias:None, blob:None
12-05 12:17:01.163   572  9972 I keystore2: system/security/keystore2/src/security_level.rs:882 - entry upgrade_keyblob_if_required_with
12-05 12:17:01.163   572  9972 I keystore2: system/security/keystore2/src/security_level.rs:347 - In KeystoreSecurityLevel::create_operation: calling begin
12-05 12:17:01.164 22473 22499 D MiuiDownscaleImpl: set override inverted scale : 1.0
12-05 12:17:01.165   572  9972 I keystore2: system/security/keystore2/src/security_level.rs:381 - upgraded_blob: None
12-05 12:17:01.173   572  9972 I keystore2: system/security/keystore2/src/security_level.rs:227 - entry create_operation
12-05 12:17:01.173   572  9972 I keystore2: system/security/keystore2/src/security_level.rs:232 - key: domain:r#KEY_ID, nspace:-3210006840702569986, alias:None, blob:None
12-05 12:17:01.174   572  9972 I keystore2: system/security/keystore2/src/security_level.rs:882 - entry upgrade_keyblob_if_required_with
12-05 12:17:01.174   572  9972 I keystore2: system/security/keystore2/src/security_level.rs:347 - In KeystoreSecurityLevel::create_operation: calling begin
12-05 12:17:01.176   572  9972 I keystore2: system/security/keystore2/src/security_level.rs:381 - upgraded_blob: None
12-05 12:17:01.182   572  9972 I keystore2: system/security/keystore2/src/security_level.rs:227 - entry create_operation
12-05 12:17:01.182   572  9972 I keystore2: system/security/keystore2/src/security_level.rs:232 - key: domain:r#KEY_ID, nspace:-3210006840702569986, alias:None, blob:None
12-05 12:17:01.184   572  9972 I keystore2: system/security/keystore2/src/security_level.rs:882 - entry upgrade_keyblob_if_required_with
12-05 12:17:01.184   572  9972 I keystore2: system/security/keystore2/src/security_level.rs:347 - In KeystoreSecurityLevel::create_operation: calling begin
12-05 12:17:01.186   572  9972 I keystore2: system/security/keystore2/src/security_level.rs:381 - upgraded_blob: None
12-05 12:17:01.190   572  9972 I keystore2: system/security/keystore2/src/security_level.rs:227 - entry create_operation
12-05 12:17:01.190   572  9972 I keystore2: system/security/keystore2/src/security_level.rs:232 - key: domain:r#KEY_ID, nspace:-3210006840702569986, alias:None, blob:None
12-05 12:17:01.191   572  9972 I keystore2: system/security/keystore2/src/security_level.rs:882 - entry upgrade_keyblob_if_required_with
12-05 12:17:01.191   572  9972 I keystore2: system/security/keystore2/src/security_level.rs:347 - In KeystoreSecurityLevel::create_operation: calling begin
12-05 12:17:01.197   572  9972 I keystore2: system/security/keystore2/src/security_level.rs:381 - upgraded_blob: None
12-05 12:17:01.218 22473 22473 I ActivityThread: TrafficStats init done
12-05 12:17:01.220  1634  1740 W ActivityTaskManager: callingPackage for (uid=1000, pid=1634) is ambiguous: [android, com.android.providers.settings, com.android.server.telecom, com.android.location.fused, com.mediatek.location.lppe.main]
12-05 12:17:01.221  1634  1744 D ForceDarkAppConfigProvider: cloudConfigVersion: -1   localConfigVersion:20250313
12-05 12:17:01.221  1634  1744 I UiModeManager: systemserver package:app.revanced.android.gms null
12-05 12:17:01.222  1634  1740 W OptProp : Cannot read opt property android.window.PROPERTY_COMPAT_ALLOW_ORIENTATION_OVERRIDE
12-05 12:17:01.225  1634  1740 I ActivityTaskManager: isKeyguardEditor: false, newTransition: TransitionRecord{79dc7fd id=373 type=OPEN flags=0x0}
12-05 12:17:01.225  1634  1740 D WindowManager: Collecting in transition 373: ActivityRecord{bcb6cf2 u0 com.miui.securitycenter/com.miui.permcenter.install.AdbInstallActivity init visibleRequested:false
12-05 12:17:01.225  1634  1740 D MiuiFreeformServiceImpl: addLaunchFreeformActivityOptionIfNeed adjust sourceFreeFormActivity from caller: ProcessRecord{f3429c7 1634:system/1000} sourceFreeFormActivity: null
12-05 12:17:01.225  1634  1740 D MiuiFreeformServiceImpl: addLaunchFreeformActivityOptionIfNeed skip due to not find sourceTask: null sourceFfas: null sourceFreeFormActivity: null
12-05 12:17:01.228  2340  2436 D OneHandedController: stopOneHanded state is 0
12-05 12:17:01.234  1634  1740 D WindowManager: setLockTaskAuth: task=Task{39f663e #1533 type=standard A=1000:com.miui.securitycenter} mLockTaskAuth=LOCK_TASK_AUTH_PINNABLE
12-05 12:17:01.234  1634  1740 D WindowManager: Collecting in transition 373: Task{39f663e #1533 type=standard A=1000:com.miui.securitycenter} init visibleRequested:false
12-05 12:17:01.235  1634  1740 W OptProp : Cannot read opt property android.window.PROPERTY_COMPAT_ALLOW_MIN_ASPECT_RATIO_OVERRIDE
12-05 12:17:01.237 22473 22473 I ActivityThread: Miui Feature Init done
12-05 12:17:01.237  1634  1740 D WindowManager: setLockTaskAuth: task=Task{39f663e #1533 type=standard A=1000:com.miui.securitycenter} mLockTaskAuth=LOCK_TASK_AUTH_PINNABLE
12-05 12:17:01.238  1634  1740 D MiuiFreeFormManagerService: onStartActivityInner as = Task{39f663e #1533 type=standard A=1000:com.miui.securitycenter} op = null
12-05 12:17:01.240  1634  1740 D ActivityTaskManager: Task#startActivityLocked isOrhasTask=true newTask=true
