12-05 12:17:10.129  1634  1930 I SmartPower: com.facebook.services/10173(22782): background->idle(6425ms) R(broadcast start Intent { act=android.intent.action.PACKAGE_CHANGED dat=package: flg=0x45000010 (has extras) }) adj=500.
12-05 12:17:10.921  1634  3953 W ContentProviderHelper: No provider info for content provider com.miui.personalassistant.servicedeliver.system.provider when providerRunning is false, caller is ProcessRecord{e78af0f 2010:com.miui.home/u0a165}
12-05 12:17:10.922  2010  2445 E ActivityThread: Failed to find provider info for com.miui.personalassistant.servicedeliver.system.provider
12-05 12:17:11.034  1634  1930 I SmartPower: com.zhiliaoapp.musically/10306(15030): background->idle(10066ms) R(broadcast start Intent { act=android.intent.action.BATTERY_CHANGED flg=0x60000010 (has extras) }) adj=700.
12-05 12:17:11.036  1634  1930 I SmartPower: com.whatsapp/10344(20720): background->idle(5906ms) R(broadcast start Intent { act=android.intent.action.BATTERY_CHANGED flg=0x60000010 (has extras) }) adj=227.
12-05 12:17:11.037  1634  1930 I SmartPower: com.miui.android.fashiongallery/10287(22415): background->idle(3001ms) R(broadcast start Intent { act=android.intent.action.BATTERY_CHANGED flg=0x60000010 (has extras) }) adj=700.
12-05 12:17:11.143 17116 17116 D UserSceneDetector: invoke error.
12-05 12:17:11.203  1634  4302 W ContextImpl: Calling a method in the system process without a qualified user: android.app.ContextImpl.sendBroadcastMultiplePermissions:1310 android.content.Context.sendBroadcastMultiplePermissions:2536 com.android.server.TelephonyRegistry.broadcastServiceStateChanged:3826 com.android.server.TelephonyRegistry.notifyServiceStateForPhoneId:1837 com.android.internal.telephony.ITelephonyRegistry$Stub.onTransact:546 
12-05 12:17:11.206  1634  4302 W ContextImpl: Calling a method in the system process without a qualified user: android.app.ContextImpl.sendBroadcastMultiplePermissions:1343 com.android.server.TelephonyRegistry.broadcastServiceStateChanged:3830 com.android.server.TelephonyRegistry.notifyServiceStateForPhoneId:1837 com.android.internal.telephony.ITelephonyRegistry$Stub.onTransact:546 android.os.Binder.execTransactInternal:1512 
12-05 12:17:11.212  1634  2622 I Telecom-TelecomServiceImpl$1: isInEmergencyCall: false: TSI.iIEC@E+8
12-05 12:17:11.213  1634  4302 W ContextImpl: Calling a method in the system process without a qualified user: android.app.ContextImpl.sendBroadcastMultiplePermissions:1343 com.android.server.TelephonyRegistry.broadcastServiceStateChanged:3839 com.android.server.TelephonyRegistry.notifyServiceStateForPhoneId:1837 com.android.internal.telephony.ITelephonyRegistry$Stub.onTransact:546 android.os.Binder.execTransactInternal:1512 
12-05 12:17:11.217  1634  4302 W ContextImpl: Calling a method in the system process without a qualified user: android.app.ContextImpl.sendBroadcastMultiplePermissions:1343 com.android.server.TelephonyRegistry.broadcastServiceStateChanged:3845 com.android.server.TelephonyRegistry.notifyServiceStateForPhoneId:1837 com.android.internal.telephony.ITelephonyRegistry$Stub.onTransact:546 android.os.Binder.execTransactInternal:1512 
12-05 12:17:11.256  1634  1685 I ActivityManager: Start proc 23280:com.google.android.cellbroadcastreceiver/u0a274 for broadcast {com.google.android.cellbroadcastreceiver/com.android.cellbroadcastreceiver.CellBroadcastReceiver} caller=android
12-05 12:17:11.305  1634  4302 I SmartPower: com.google.android.cellbroadcastreceiver/10274(23280): died->background(13054ms) R(process start ) adj=-10000.
12-05 12:17:11.318 23280 23300 D MiuiDownscaleImpl: set override inverted scale : 1.0
12-05 12:17:11.328 23280 23302 D ActivityThread: the event that target app starts is : AppLaunchEvent{mType='441', mProcessName='com.google.android.cellbroadcastreceiver', mPackageName='com.google.android.cellbroadcastreceiver', mIsMainProcess='true', mVersionCode='300000000', mLaunchTime='2025-12-05'}
12-05 12:17:11.374 23280 23280 I ActivityThread: TrafficStats init done
12-05 12:17:11.389 23280 23280 I ActivityThread: Miui Feature Init done
12-05 12:17:11.782  1634  2134 W JobScheduler.JobStatus: Exempted app com.claro.claromusica.latam considered buggy
12-05 12:17:11.974 17116 17116 D MiuiMultiWindowUtils: freeform resolution args raw data:{  "wide_default":{    "freeform_args": {        "vertical_portrait":{"aspect_ratio":0.626, "original_ratio":0.5643,"original_scale":0.74,"top_margin":0.168,"left_margin":0.484},        "horizontal_portrait":{"aspect_ratio":0.626, "original_ratio":0.5643,"original_scale":0.74,"top_margin":0.1222,"left_margin":0.59745},        "vertical_landscape":{"aspect_ratio":1.6, "original_ratio":1,"original_scale":0.604,"top_margin":0.2596,"left_margin":0.2624},        "horizontal_landscape":{"aspect_ratio":1.6, "original_ratio":1,"original_scale":0.604,"top_margin":0.213,"left_margin":0.3758}    },    "mini_freeform_args":{        "vertical_portrait":{"original_ratio":0.147},        "horizontal_portrait":{"original_ratio":0.147},        "vertical_landscape":{"original_ratio":0.165},        "horizontal_landscape":{"original_ratio":0.165}    }  },  "narrow_default": {    "freeform_args": {        "vertical_portrait":{"aspect_ratio":0.626, "original_ratio":1,"original_scale":0.74,"top_margin":0.0753,"left_margin":-1},        "horizontal_portrait":{"aspect_ratio":0.626, "original_ratio":1,"original_scale":0.5756,"top_margin":-1,"left_margin":0.0753},        "vertical_landscape":{"aspect_ratio":1.6, "original_ratio":0.6847,"original_scale":0.587,"top_margin":0.0753,"left_margin":-1},        "horizontal_landscape":{"aspect_ratio":1.6, "original_ratio":0.6847,"original_scale":0.587,"top_margin":-1,"left_margin":0.0753}    },    "mini_freeform_args":{        "vertical_portrait":{"original_ratio":0.26},        "horizontal_portrait":{"original_ratio":0.26},        "vertical_landscape":{"original_ratio":0.293},        "horizontal_landscape":{"original_ratio":0.293}    }  },  "regular_default": {    "freeform_args": {      "vertical_portrait":{"aspect_ratio":0.625, "original_ratio":1,"original_scale":0.7,"top_margin":0.109,"left_margin":-1},      "horizontal_portrait":{"aspect_ratio":0.6667, "original_ratio":1,"original_scale":0.6102,"top_margin":-1,"left_margin":0.026},      "vertical_landscape":{"aspect_ratio":1.6, "original_ratio":1,"original_scale":0.4244,"top_margin":0.109,"left_margin":-1},      "horizontal_landscape":{"aspect_ratio":1.6, "original_ratio":1,"original_scale":0.4244,"top_margin":-1,"left_margin":0.026}    },    "mini_freeform_args":{      "vertical_portrait":{"original_ratio":0.25},      "horizontal_portrait":{"original_ratio":0.25},      "vertical_landscape":{"original_ratio":0.25},      "horizontal_landscape":{"original_ratio":0.25}    }  },  "pad_default": {    "freeform_args": {      "vertical_portrait":{"aspect_ratio":0.5625, "original_ratio":0.375,"original_scale":0.835,"top_margin":0.049,"left_margin":0.2775},      "horizontal_portrait":{"aspect_ratio":0.5625, "original_ratio":0.375,"original_scale":0.835,"top_margin":-1,"left_margin":0.6525},      "vertical_landscape":{"aspect_ratio":-1, "original_ratio":1,"original_scale":0.468,"top_margin":0.049,"left_margin":-1},      "horizontal_landscape":{"aspect_ratio":-1, "original_ratio":1,"original_scale":0.468,"top_margin":-1,"left_margin":0.4976}    },    "mini_freeform_args":{      "vertical_portrait":{"original_ratio":0.144},      "horizontal_portrait":{"original_ratio":0.144},      "vertical_landscape":{"original_ratio":0.2},      "horizontal_landscape":{"original_ratio":0.2}    }  }}
12-05 12:17:11.975 17116 17116 D MiuiMultiWindowUtils: initFreeFormResolutionArgs failed, device is tides
12-05 12:17:11.976  1634  2134 W PackageConfigPersister: App-specific configuration not found for packageName: com.example.gestor_money and userId: 0
12-05 12:17:11.979  1634  1818 I InputMethodManagerService: IMMS.showSoftInput(), client = com.android.internal.inputmethod.IInputMethodClient$Stub$Proxy@5d45ca4
12-05 12:17:11.979  1634  1818 I InputMethodManagerService: IMMS.showCurrentInputLocked(), flags = 0
12-05 12:17:11.980  1634  4302 W PackageConfigPersister: App-specific configuration not found for packageName: com.example.gestor_money and userId: 0
12-05 12:17:11.980  1634  1818 D SmartPower: com.google.android.inputmethod.latin/10187(3538): show input method
12-05 12:17:11.980  1634  1818 I SmartPower: com.google.android.inputmethod.latin/10187(3538): idle->visible(334529ms) R(show input method) adj=100.
12-05 12:17:11.981  1634  1818 I DefaultImeVisibilityApplier: IMMS.showCurrentInputLocked request ims to show inputMethod.
12-05 12:17:12.008  1634  4302 D PerfShielderService: com.example.gestor_money|com.example.gestor_money/com.example.gestor_money.MainActivity|85|19371157268076|74|0|2
12-05 12:17:12.008  3719  6632 W MiuiPerfServiceClient: interceptAndQueuing:17116|com.example.gestor_money|85|74|19371157268076|Slow main thread|2
12-05 12:17:12.038  1634  1818 I InputMethodManagerService: IMMS.showSoftInput(), client = com.android.internal.inputmethod.IInputMethodClient$Stub$Proxy@a76ca09
12-05 12:17:12.039  1634  1818 I InputMethodManagerService: IMMS.showCurrentInputLocked(), flags = 0
12-05 12:17:12.039  1634  1818 D SmartPower: com.google.android.inputmethod.latin/10187(3538): show input method
12-05 12:17:12.040  1634  1818 I DefaultImeVisibilityApplier: IMMS.showCurrentInputLocked request ims to show inputMethod.
12-05 12:17:12.135  1634  4302 I InputMethodManagerService: IMMS.applyImeVisibility(), setVisible = true, mCurclient = ClientState{ed03875 mUid=10135 mPid=17116 mSelfReportedDisplayId=0}
12-05 12:17:12.135  1634  4302 I WindowManager: WMS.showImePostLayout(), imeTarget = Window{d993f4c u0 com.example.gestor_money/com.example.gestor_money.MainActivity}
12-05 12:17:12.136  1634  1669 D MiuiRefreshRatePolicy: reset
12-05 12:17:12.143  2340  2436 D OneHandedController: stopOneHanded state is 0
12-05 12:17:12.145  2340  2436 D OneHandedController: stopOneHanded state is 0
12-05 12:17:12.156  1634  3979 D MiuiRefreshRatePolicy: reset
12-05 12:17:12.158  2340  2436 D MiuiFreeformModeController: avoidForInsetsBottomChangedIfNeed newMovableBottom: 2416
12-05 12:17:12.161  1634  3979 I WindowManager: Relayout Window{6c89056 u0 InputMethod}: oldVis=8 newVis=0 focusMayChange = true requestedWidth = 1080 requestedHeight = 2356 outFrames = ClientWindowFrames{frame=[0,104][1080,2460] display=[0,104][1080,2460] parentFrame=[0,0][0,0]} outSurfaceControl = Surface(name=InputMethod#7066)/@0xd5d4028
12-05 12:17:12.167  1634  4302 D MiuiRefreshRatePolicy: reset
12-05 12:17:12.172  1634  4302 D MiuiRefreshRatePolicy: reset
12-05 12:17:12.175  1634  3979 D MiuiRefreshRatePolicy: reset
12-05 12:17:12.177  2340  2436 D MiuiFreeformModeController: avoidForInsetsBottomChangedIfNeed newMovableBottom: 2416
12-05 12:17:12.197  1634  3979 D WindowManager: wms.finishDrawingLocked: mDrawState=COMMIT_DRAW_PENDING Window{6c89056 u0 InputMethod} in Surface(name=InputMethod#7066)/@0x90eae4b
12-05 12:17:12.199  1634  1669 D MiuiRefreshRatePolicy: reset
12-05 12:17:12.199  1634  2622 I InputMethodManagerService: IMMS.applyImeVisibility(), setVisible = true, mCurclient = ClientState{ed03875 mUid=10135 mPid=17116 mSelfReportedDisplayId=0}
12-05 12:17:12.203  1634  2622 I WindowManager: WMS.showImePostLayout(), imeTarget = Window{d993f4c u0 com.example.gestor_money/com.example.gestor_money.MainActivity}
12-05 12:17:12.205  1634  1669 D MiuiRefreshRatePolicy: reset
12-05 12:17:12.213  2340  2436 D OneHandedController: stopOneHanded state is 0
12-05 12:17:12.216  1634  1930 I SmartPower: com.google.android.gms/10153(3313): background->idle(3002ms) R(service destroy com.google.android.gms/.games.chimera.GamesAsyncServiceProxy) adj=250.
12-05 12:17:12.277  2340  2436 D MiuiFreeformModeController: avoidForInsetsBottomChangedIfNeed newMovableBottom: 2416
12-05 12:17:12.279  1634  1669 I WindowManager: input method visible height changed 902
12-05 12:17:12.281  1634  1794 I ITouchFeature: current device and process support version:1
12-05 12:17:12.281  1634  1669 D MiuiRefreshRatePolicy: reset
12-05 12:17:12.283  2340  2436 D MiuiFreeformModeController: onImeVisibilityChanged imeVisible: true imeHeight: 902 adjustedForRotation:false
12-05 12:17:12.289  2340  2436 D MiuiFreeformModeAvoidAlgorithm: begin autoOrderingAvoidMiniTask caller=com.android.wm.shell.multitasking.miuifreeform.MiuiFreeformModeController.onImeVisibilityChanged:450 com.android.wm.shell.multitasking.miuifreeform.MiuiFreeformModeController.-$$Nest$monImeVisibilityChanged:1 com.android.wm.shell.multitasking.miuifreeform.MiuiFreeformModeController$MiuiFreeformModeControlImpl.lambda$onImeVisibilityChanged$3:3 com.android.wm.shell.multitasking.miuifreeform.MiuiFreeformModeController$MiuiFreeformModeControlImpl.$r8$lambda$I8pLo3AF2ou1cqheYS2gEEPZPso:1 com.android.wm.shell.multitasking.miuifreeform.MiuiFreeformModeController$MiuiFreeformModeControlImpl$$ExternalSyntheticLambda0.run:9 android.os.Handler.handleCallback:959 
12-05 12:17:12.289  2340  2436 D MiuiFreeformModeAvoidAlgorithm: getCurrMiniPos: SameSideMiniPosList: []
12-05 12:17:12.289  2340  2436 D MiuiFreeformModeAvoidAlgorithm: getCurrMiniPos: SameSideMiniPosList: []
12-05 12:17:12.289  2340  2436 D MiuiFreeformModeAvoidAlgorithm: end autoOrderingAvoidMiniTask res:AvoidResult{distance=0, combination={}, activeTaskPos=Rect(0, 0 - 0, 0)}
12-05 12:17:12.289  2340  2436 D WindowManagerShell: onKeepClearAreasChanged: restricted={}, unrestricted={Rect(0, 1514 - 1080, 2328)}
12-05 12:17:12.292  1634  1669 D MiuiRefreshRatePolicy: reset
12-05 12:17:12.305  1634  1669 I WindowManager: wms.showSurfaceRobustly mWin:Window{6c89056 u0 InputMethod}
12-05 12:17:12.322  2340  2436 D OneHandedController: stopOneHanded state is 0
12-05 12:17:12.527  1634  2622 D PerfShielderService: com.example.gestor_money|com.example.gestor_money/com.example.gestor_money.MainActivity|431|19372126601306|121|2|7
12-05 12:17:12.528  3719  6632 W MiuiPerfServiceClient: interceptAndQueuing:17116|com.example.gestor_money|431|121|19372126601306|Slow handle animation|7
12-05 12:17:14.239  1634  4302 D Aurogon :  packageName = com.google.android.gms isAllowWakeUpList 
12-05 12:17:14.269  1634  3953 D Aurogon :  packageName = com.google.android.gms isAllowWakeUpList 
12-05 12:17:14.301  1634  2622 D Aurogon :  packageName = com.google.android.gms isAllowWakeUpList 
12-05 12:17:14.339  1634  3953 D Aurogon :  packageName = com.google.android.gms isAllowWakeUpList 
12-05 12:17:14.346  1634  4302 D Aurogon :  packageName = com.google.android.gms isAllowWakeUpList 
12-05 12:17:14.364  1634  2134 D Aurogon :  packageName = com.google.android.gms isAllowWakeUpList 
12-05 12:17:14.382  1634  2134 D Aurogon :  packageName = com.google.android.gms isAllowWakeUpList 
12-05 12:17:14.399  1634  2134 D Aurogon :  packageName = com.google.android.gms isAllowWakeUpList 
12-05 12:17:14.407  1634  4302 D Aurogon :  packageName = com.google.android.gms isAllowWakeUpList 
12-05 12:17:14.411  1634  4302 D Aurogon :  packageName = com.google.android.gms isAllowWakeUpList 
12-05 12:17:14.416  1634  2622 D Aurogon :  packageName = com.google.android.gms isAllowWakeUpList 
12-05 12:17:14.434  1634  1930 I SmartPower: com.google.android.cellbroadcastreceiver/10274(23280): background->idle(3129ms) R(broadcast end Intent { act=android.intent.action.SERVICE_STATE flg=0x1000010 (has extras) }) adj=905.
12-05 12:17:14.439  1634  3979 D Aurogon :  packageName = com.google.android.gms isAllowWakeUpList 
12-05 12:17:14.461  1634  2622 D Aurogon :  packageName = com.google.android.gms isAllowWakeUpList 
12-05 12:17:14.466  1634  2622 D Aurogon :  packageName = com.google.android.gms isAllowWakeUpList 
12-05 12:17:14.481  1634  3979 D Aurogon :  packageName = com.google.android.gms isAllowWakeUpList 
12-05 12:17:14.523  1634  4302 D Aurogon :  packageName = com.google.android.gms isAllowWakeUpList 
12-05 12:17:14.529  1634  3979 D Aurogon :  packageName = com.google.android.gms isAllowWakeUpList 
12-05 12:17:14.548  1634  3979 D Aurogon :  packageName = com.google.android.gms isAllowWakeUpList 
12-05 12:17:14.568  1634  3979 D Aurogon :  packageName = com.google.android.gms isAllowWakeUpList 
12-05 12:17:14.573  1634  4302 D Aurogon :  packageName = com.google.android.gms isAllowWakeUpList 
12-05 12:17:14.588  1634  2134 D Aurogon :  packageName = com.google.android.gms isAllowWakeUpList 
12-05 12:17:14.607  1634  4302 D Aurogon :  packageName = com.google.android.gms isAllowWakeUpList 
12-05 12:17:14.614  1634  2134 D Aurogon :  packageName = com.google.android.gms isAllowWakeUpList 
12-05 12:17:14.632  1634  3979 D Aurogon :  packageName = com.google.android.gms isAllowWakeUpList 
12-05 12:17:14.648  1634  2134 D Aurogon :  packageName = com.google.android.gms isAllowWakeUpList 
12-05 12:17:14.659  1634  2134 D Aurogon :  packageName = com.google.android.gms isAllowWakeUpList 
12-05 12:17:14.695  1634  2622 D Aurogon :  packageName = com.google.android.gms isAllowWakeUpList 
12-05 12:17:14.703  1634  2134 D Aurogon :  packageName = com.google.android.gms isAllowWakeUpList 
12-05 12:17:14.827  1634  1634 D UiModeManager: updateConfigurationLocked: mDockState=0; mCarMode=false; mCar=false; mPowerSave=false; mOverrideNightModeOn=false; mOverrideNightModeOff=false; mComputedNightMode=true; mNightModeValue=2; uiMode=44
12-05 12:17:15.002  1634  1634 D UiModeManager: updateConfigurationLocked: mDockState=0; mCarMode=false; mCar=false; mPowerSave=false; mOverrideNightModeOn=false; mOverrideNightModeOff=false; mComputedNightMode=true; mNightModeValue=2; uiMode=44
12-05 12:17:15.017  1634  1818 I InputMethodManagerService: IMMS.showCurrentInputLocked(), flags = 0
12-05 12:17:15.017  1634  1818 D SmartPower: com.google.android.inputmethod.latin/10187(3538): show input method
12-05 12:17:15.017  1634  1818 I DefaultImeVisibilityApplier: IMMS.showCurrentInputLocked request ims to show inputMethod.
12-05 12:17:15.020  1634  2622 W PackageConfigPersister: App-specific configuration not found for packageName: com.example.gestor_money and userId: 0
12-05 12:17:15.076  1634  1818 I InputMethodManagerService: IMMS.showSoftInput(), client = com.android.internal.inputmethod.IInputMethodClient$Stub$Proxy@609c818
12-05 12:17:15.077  1634  1818 I InputMethodManagerService: IMMS.showCurrentInputLocked(), flags = 0
12-05 12:17:15.077  1634  1818 D SmartPower: com.google.android.inputmethod.latin/10187(3538): show input method
12-05 12:17:15.077  1634  1818 I DefaultImeVisibilityApplier: IMMS.showCurrentInputLocked request ims to show inputMethod.
12-05 12:17:15.198  1634  3409 I InputMethodManagerService: IMMS.applyImeVisibility(), setVisible = true, mCurclient = ClientState{ed03875 mUid=10135 mPid=17116 mSelfReportedDisplayId=0}
12-05 12:17:15.199  1634  3409 I WindowManager: WMS.showImePostLayout(), imeTarget = Window{d993f4c u0 com.example.gestor_money/com.example.gestor_money.MainActivity}
12-05 12:17:15.200  1634  1669 D MiuiRefreshRatePolicy: reset
12-05 12:17:15.206  2340  2436 D OneHandedController: stopOneHanded state is 0
12-05 12:17:15.208  1634  2622 D MiuiRefreshRatePolicy: reset
12-05 12:17:15.214  1634  2622 D MiuiRefreshRatePolicy: reset
12-05 12:17:15.223  1634  3409 I InputMethodManagerService: IMMS.applyImeVisibility(), setVisible = true, mCurclient = ClientState{ed03875 mUid=10135 mPid=17116 mSelfReportedDisplayId=0}
12-05 12:17:15.223  1634  3409 I WindowManager: WMS.showImePostLayout(), imeTarget = Window{d993f4c u0 com.example.gestor_money/com.example.gestor_money.MainActivity}
12-05 12:17:15.224  1634  1669 D MiuiRefreshRatePolicy: reset
12-05 12:17:15.230  2340  2436 D OneHandedController: stopOneHanded state is 0
12-05 12:17:15.309  1634  1678 D HeapUsage Monitor: HeapAllocSize : 118MB; monitorSize : 500MB
12-05 12:17:15.396   572 20728 I keystore2: system/security/keystore2/watchdog/src/lib.rs:319 - Watchdog thread idle -> terminating. Have a great day.
12-05 12:17:15.499  1634  1684 I SmartPower: com.zhiliaoapp.musically/10306(15030): idle->background(4466ms) R(broadcast start Intent { act=android.intent.action.BATTERY_CHANGED flg=0x60000010 (has extras) }) adj=700.
12-05 12:17:15.504  1634  1684 I SmartPower: com.whatsapp/10344(20720): idle->background(4469ms) R(broadcast start Intent { act=android.intent.action.BATTERY_CHANGED flg=0x60000010 (has extras) }) adj=227.
12-05 12:17:15.506  1634  1684 I SmartPower: com.miui.android.fashiongallery/10287(22415): idle->background(4470ms) R(broadcast start Intent { act=android.intent.action.BATTERY_CHANGED flg=0x60000010 (has extras) }) adj=700.
12-05 12:17:15.563  1634  2622 D PerfShielderService: com.example.gestor_money|com.example.gestor_money/com.example.gestor_money.MainActivity|384|19375117397230|120|2|6
12-05 12:17:15.564  3719  6632 W MiuiPerfServiceClient: interceptAndQueuing:17116|com.example.gestor_money|384|120|19375117397230|Slow handle animation|6
12-05 12:17:15.590  1634  2622 D PerfShielderService: com.google.android.inputmethod.latin|InputMethod|203|19375047493230|197|0|2
12-05 12:17:15.590  3719  6632 W MiuiPerfServiceClient: interceptAndQueuing:3538|com.google.android.inputmethod.latin|203|197|19375047493230|Slow main thread|2
12-05 12:17:16.628  1634  1775 E JobScheduler.Background: Couldn't determine stopped state for unknown package: com.google.android.apps.turbo
12-05 12:17:16.628  1634  1775 E JobScheduler.Background: Couldn't determine stopped state for unknown package: com.google.android.apps.turbo
12-05 12:17:16.629  1634  1775 E JobScheduler.Background: Couldn't determine stopped state for unknown package: com.google.android.apps.turbo
12-05 12:17:16.629  1634  1775 E JobScheduler.Background: Couldn't determine stopped state for unknown package: com.google.android.apps.turbo
12-05 12:17:16.630  1634  1775 E JobScheduler.Background: Couldn't determine stopped state for unknown package: com.google.android.apps.turbo
12-05 12:17:16.753  1634  3409 I SmartPower: com.google.android.gms/10153(3313): idle->background(4537ms) R(service unbind com.google.android.gms/.measurement.service.MeasurementBrokerService) adj=250.
12-05 12:17:17.494  1634  1930 I SmartPower: com.android.vending/10163(19602): background->idle(16397ms) R(service unbind com.android.vending/com.google.android.finsky.developergroupidinfo.DeveloperGroupIdInfoService) adj=700.
12-05 12:17:18.116  1634  1775 W JobScheduler.JobStatus: Exempted app com.claro.claromusica.latam considered buggy
12-05 12:17:18.120  1634  1775 E JobScheduler: ResourceBudgetManagerInternal is null
12-05 12:17:18.148  1634  2622 E JobScheduler: ResourceBudgetManagerInternal is null
12-05 12:17:18.161  1634  3409 D Aurogon :  packageName = com.google.android.gms isAllowWakeUpList 
12-05 12:17:18.164  1634  2622 W JobScheduler.JobStatus: Exempted app com.claro.claromusica.latam considered buggy
12-05 12:17:18.167  1634  3953 D Aurogon :  packageName = com.google.android.gms isAllowWakeUpList 
12-05 12:17:18.170  1634  3409 D Aurogon :  packageName = com.google.android.gms isAllowWakeUpList 
12-05 12:17:18.501  1634  1930 I SmartPower: com.zhiliaoapp.musically/10306(15030): background->idle(3001ms) R(broadcast start Intent { act=android.intent.action.BATTERY_CHANGED flg=0x60000010 (has extras) }) adj=700.
12-05 12:17:18.506  1634  1930 I SmartPower: com.whatsapp/10344(20720): background->idle(3001ms) R(broadcast start Intent { act=android.intent.action.BATTERY_CHANGED flg=0x60000010 (has extras) }) adj=227.
12-05 12:17:18.507  1634  1930 I SmartPower: com.miui.android.fashiongallery/10287(22415): background->idle(3001ms) R(broadcast start Intent { act=android.intent.action.BATTERY_CHANGED flg=0x60000010 (has extras) }) adj=700.
12-05 12:17:18.596  1634  3409 D MiuiRefreshRatePolicy: reset
12-05 12:17:18.599  1634  3409 D MiuiRefreshRatePolicy: reset
12-05 12:17:19.449  1634  2622 D MiuiRefreshRatePolicy: reset
12-05 12:17:19.452  1634  2622 D MiuiRefreshRatePolicy: reset
12-05 12:17:19.754  1634  1930 I SmartPower: com.google.android.gms/10153(3313): background->idle(3000ms) R(service unbind com.google.android.gms/.measurement.service.MeasurementBrokerService) adj=250.
12-05 12:17:19.936  1634  1634 D UiModeManager: updateConfigurationLocked: mDockState=0; mCarMode=false; mCar=false; mPowerSave=false; mOverrideNightModeOn=false; mOverrideNightModeOff=false; mComputedNightMode=true; mNightModeValue=2; uiMode=44
12-05 12:17:19.946  1634  1634 D UiModeManager: updateConfigurationLocked: mDockState=0; mCarMode=false; mCar=false; mPowerSave=false; mOverrideNightModeOn=false; mOverrideNightModeOff=false; mComputedNightMode=true; mNightModeValue=2; uiMode=44
12-05 12:17:19.952  1634  1634 D UiModeManager: updateConfigurationLocked: mDockState=0; mCarMode=false; mCar=false; mPowerSave=false; mOverrideNightModeOn=false; mOverrideNightModeOff=false; mComputedNightMode=true; mNightModeValue=2; uiMode=44
12-05 12:17:19.964  1634  1634 D UiModeManager: updateConfigurationLocked: mDockState=0; mCarMode=false; mCar=false; mPowerSave=false; mOverrideNightModeOn=false; mOverrideNightModeOff=false; mComputedNightMode=true; mNightModeValue=2; uiMode=44
12-05 12:17:20.374  1634  1818 I InputMethodManagerService: IMMS.showCurrentInputLocked(), flags = 0
12-05 12:17:20.375  1634  1818 D SmartPower: com.google.android.inputmethod.latin/10187(3538): show input method
12-05 12:17:20.375  1634  1818 I DefaultImeVisibilityApplier: IMMS.showCurrentInputLocked request ims to show inputMethod.
12-05 12:17:20.378  1634  3979 W PackageConfigPersister: App-specific configuration not found for packageName: com.example.gestor_money and userId: 0
12-05 12:17:20.414  1634  1690 I ExtM    : zram userate is low, no need to flush: 14
12-05 12:17:20.440  1634  1818 I InputMethodManagerService: IMMS.showSoftInput(), client = com.android.internal.inputmethod.IInputMethodClient$Stub$Proxy@d8d721d
12-05 12:17:20.440  1634  1818 I InputMethodManagerService: IMMS.showCurrentInputLocked(), flags = 0
12-05 12:17:20.441  1634  1818 D SmartPower: com.google.android.inputmethod.latin/10187(3538): show input method
12-05 12:17:20.441  1634  1818 I DefaultImeVisibilityApplier: IMMS.showCurrentInputLocked request ims to show inputMethod.
12-05 12:17:20.531  1634  3953 I InputMethodManagerService: IMMS.applyImeVisibility(), setVisible = true, mCurclient = ClientState{ed03875 mUid=10135 mPid=17116 mSelfReportedDisplayId=0}
12-05 12:17:20.531  1634  3953 I WindowManager: WMS.showImePostLayout(), imeTarget = Window{d993f4c u0 com.example.gestor_money/com.example.gestor_money.MainActivity}
12-05 12:17:20.535  1634  1669 D MiuiRefreshRatePolicy: reset
12-05 12:17:20.543  2340  2436 D OneHandedController: stopOneHanded state is 0
12-05 12:17:20.570  1634  3953 I InputMethodManagerService: IMMS.applyImeVisibility(), setVisible = true, mCurclient = ClientState{ed03875 mUid=10135 mPid=17116 mSelfReportedDisplayId=0}
12-05 12:17:20.570  1634  3953 I WindowManager: WMS.showImePostLayout(), imeTarget = Window{d993f4c u0 com.example.gestor_money/com.example.gestor_money.MainActivity}
12-05 12:17:20.572  1634  1669 D MiuiRefreshRatePolicy: reset
12-05 12:17:20.582  2340  2436 D OneHandedController: stopOneHanded state is 0
12-05 12:17:21.077  1634  1818 I InputMethodManagerService: IMMS.showCurrentInputLocked(), flags = 0
12-05 12:17:21.078  1634  1818 D SmartPower: com.google.android.inputmethod.latin/10187(3538): show input method
12-05 12:17:21.078  1634  1818 I DefaultImeVisibilityApplier: IMMS.showCurrentInputLocked request ims to show inputMethod.
12-05 12:17:21.080  1634  2622 W PackageConfigPersister: App-specific configuration not found for packageName: com.example.gestor_money and userId: 0
12-05 12:17:21.150 17116 17116 D MiuiCameraCoveredManager: java.lang.NullPointerException: Attempt to invoke virtual method 'java.lang.String android.provider.MiuiSettings$SettingsCloudData$CloudData.getString(java.lang.String, java.lang.String)' on a null object reference
12-05 12:17:21.153 17116 17116 I ForceDarkHelperStubImpl: setViewRootImplForceDark: false for com.example.gestor_money.MainActivity@b7e48ee, reason: AppDarkModeEnable
12-05 12:17:21.201  1634  1634 D UiModeManager: updateConfigurationLocked: mDockState=0; mCarMode=false; mCar=false; mPowerSave=false; mOverrideNightModeOn=false; mOverrideNightModeOff=false; mComputedNightMode=true; mNightModeValue=2; uiMode=44
12-05 12:17:21.205  1634  3953 D CoreBackPreview: Window{3b3efde u0 Ventana emergente}: Setting back callback OnBackInvokedCallbackInfo{mCallback=android.window.IOnBackInvokedCallback$Stub$Proxy@9e81cb6, mPriority=0, mIsAnimationCallback=false}
12-05 12:17:21.217  1634  3953 D MiuiRefreshRatePolicy: reset
12-05 12:17:21.219  1634  1634 D UiModeManager: updateConfigurationLocked: mDockState=0; mCarMode=false; mCar=false; mPowerSave=false; mOverrideNightModeOn=false; mOverrideNightModeOff=false; mComputedNightMode=true; mNightModeValue=2; uiMode=44
12-05 12:17:21.229 17116 17116 I ForceDarkHelperStubImpl: setViewRootImplForceDark: false for com.example.gestor_money.MainActivity@b7e48ee, reason: AppDarkModeEnable
12-05 12:17:21.247  1634  2622 D WindowManager: wms.finishDrawingLocked: mDrawState=COMMIT_DRAW_PENDING Window{3b3efde u0 Ventana emergente} in Surface(name=Ventana emergente#7069)/@0xc815924
12-05 12:17:21.249  1634  1669 D MiuiRefreshRatePolicy: reset
12-05 12:17:21.251  1634  1818 I InputMethodManagerService: IMMS.showSoftInput(), client = com.android.internal.inputmethod.IInputMethodClient$Stub$Proxy@532f489
12-05 12:17:21.251  1634  1818 I InputMethodManagerService: IMMS.showCurrentInputLocked(), flags = 0
12-05 12:17:21.251  1634  1818 D SmartPower: com.google.android.inputmethod.latin/10187(3538): show input method
12-05 12:17:21.251  1634  1818 I DefaultImeVisibilityApplier: IMMS.showCurrentInputLocked request ims to show inputMethod.
12-05 12:17:21.254  1634  1669 D MiuiRefreshRatePolicy: reset
12-05 12:17:21.257  1634  1669 I WindowManager: wms.showSurfaceRobustly mWin:Window{3b3efde u0 Ventana emergente}
12-05 12:17:21.304  1634  3954 D MiuiRefreshRatePolicy: reset
12-05 12:17:21.383  1634  3954 I InputMethodManagerService: IMMS.applyImeVisibility(), setVisible = true, mCurclient = ClientState{ed03875 mUid=10135 mPid=17116 mSelfReportedDisplayId=0}
12-05 12:17:21.384  1634  3954 I WindowManager: WMS.showImePostLayout(), imeTarget = Window{d993f4c u0 com.example.gestor_money/com.example.gestor_money.MainActivity}
12-05 12:17:21.384  3538  3538 D UserSceneDetector: invoke error.
12-05 12:17:21.385  1634  1669 D MiuiRefreshRatePolicy: reset
12-05 12:17:21.392  2340  2436 D OneHandedController: stopOneHanded state is 0
12-05 12:17:21.403  1634  3979 I InputMethodManagerService: IMMS.applyImeVisibility(), setVisible = true, mCurclient = ClientState{ed03875 mUid=10135 mPid=17116 mSelfReportedDisplayId=0}
12-05 12:17:21.404  1634  3979 I WindowManager: WMS.showImePostLayout(), imeTarget = Window{d993f4c u0 com.example.gestor_money/com.example.gestor_money.MainActivity}
12-05 12:17:21.405  1634  1669 D MiuiRefreshRatePolicy: reset
12-05 12:17:21.409  2340  2436 D OneHandedController: stopOneHanded state is 0
12-05 12:17:21.426  1634  4302 D MiuiRefreshRatePolicy: reset
12-05 12:17:21.433  1634  1669 D MiuiRefreshRatePolicy: reset
12-05 12:17:21.464  1634  1926 D MiuiSentinelService: begin judgment FdAmountLeakException
12-05 12:17:21.493  1634  1690 I ExtM    : zram userate is low, no need to flush: 14
12-05 12:17:21.622  1634  3954 D PerfShielderService: com.example.gestor_money|com.example.gestor_money/com.example.gestor_money.MainActivity|451|19381267343076|125|2|5
12-05 12:17:21.623  3719  6632 W MiuiPerfServiceClient: interceptAndQueuing:17116|com.example.gestor_money|451|125|19381267343076|Slow handle animation|5
12-05 12:17:21.712  1634  1684 I SmartPower: com.zhiliaoapp.musically/10306(15030): idle->background(3211ms) R(broadcast start Intent { act=android.intent.action.BATTERY_CHANGED flg=0x60000010 (has extras) }) adj=700.
12-05 12:17:21.714  1634  1684 I SmartPower: com.whatsapp/10344(20720): idle->background(3208ms) R(broadcast start Intent { act=android.intent.action.BATTERY_CHANGED flg=0x60000010 (has extras) }) adj=800.
12-05 12:17:21.714  1634  1684 I SmartPower: com.miui.android.fashiongallery/10287(22415): idle->background(3207ms) R(broadcast start Intent { act=android.intent.action.BATTERY_CHANGED flg=0x60000010 (has extras) }) adj=700.
12-05 12:17:21.888  1634  3954 D PerfShielderService: com.google.android.inputmethod.latin|InputMethod|202|19380405905230|194|0|2
12-05 12:17:21.889  1634  3954 D PerfShielderService: com.google.android.inputmethod.latin|InputMethod|335|19381240300307|326|0|2
12-05 12:17:21.889  3719  6632 W MiuiPerfServiceClient: interceptAndQueuing:3538|com.google.android.inputmethod.latin|202|194|19380405905230|Slow main thread|2
12-05 12:17:21.889  3719  3778 W MiuiPerfServiceClient: interceptAndQueuing:3538|com.google.android.inputmethod.latin|335|326|19381240300307|Slow main thread|2
12-05 12:17:21.998  1634  4302 D CoreBackPreview: Window{3b3efde u0 Ventana emergente}: Setting back callback null
12-05 12:17:22.005  1634  4302 D WindowManager: setParent old=Window{d993f4c u0 com.example.gestor_money/com.example.gestor_money.MainActivity},new=null,this window=Window{3b3efde u0 Ventana emergente},callers=com.android.server.wm.WindowContainer.removeChild:897 com.android.server.wm.WindowContainer.removeImmediately:955 com.android.server.wm.WindowState.removeImmediately:2534 com.android.server.wm.WindowState.removeIfPossible:2722 com.android.server.wm.WindowManagerService.removeClientToken:2461 com.android.server.wm.Session.remove:297 
12-05 12:17:22.006  1634  4302 D MiuiRefreshRatePolicy: reset
12-05 12:17:22.473  1634  1690 I ExtM    : zram userate is low, no need to flush: 14
12-05 12:17:22.581  1634  1690 I ExtM    : zram userate is low, no need to flush: 14
12-05 12:17:22.725  1634  3953 I ActivityManager: Process com.google.android.cellbroadcastreceiver (pid 23280) has died: cch+5 CEM 
12-05 12:17:22.726  1634  1915 E ProcessManager: error write exception log
12-05 12:17:22.729  1634  1655 D DisplayManagerService: Drop pending events for gone uid 10274
12-05 12:17:22.761  1634  3953 I ActivityManager: Process com.facebook.system (pid 23103) has died: cch+5 CEM 
12-05 12:17:22.762  1634  1915 E ProcessManager: error write exception log
12-05 12:17:22.765  1634  1655 D DisplayManagerService: Drop pending events for gone uid 10172
12-05 12:17:22.783  1634  1668 D WindowManagerService: touch another display`s GestureStub,update focus!
12-05 12:17:22.798  1634  3954 D MiuiRefreshRatePolicy: reset
12-05 12:17:22.816  1634  3979 I tsched_scene: binder died pkg=com.whatsapp, cb=miui.turbosched.ITurboSchedManager$ITurboSchedStateChangeCallback$Stub$Proxy@59242fd
12-05 12:17:22.817  1634  3954 I ActivityManager: Process com.whatsapp (pid 20720) has died: svcb SVC 
12-05 12:17:22.818  1634  1915 E ProcessManager: error write exception log
12-05 12:17:22.819  1634  1655 D DisplayManagerService: Drop pending events for gone uid 10344
12-05 12:17:22.830  1634  2622 D CoreBackPreview: startBackNavigation currentTask=Task{5867f62 #1534 type=standard A=10135:com.example.gestor_money}, topRunningActivity=ActivityRecord{a26c080 u0 com.example.gestor_money/.MainActivity t1534}, callbackInfo=OnBackInvokedCallbackInfo{mCallback=android.window.IOnBackInvokedCallback$Stub$Proxy@168a013, mPriority=0, mIsAnimationCallback=false}, currentFocus=Window{d993f4c u0 com.example.gestor_money/com.example.gestor_money.MainActivity}
12-05 12:17:22.836  1634  2622 D MiuiRefreshRatePolicy: reset
12-05 12:17:23.343  1634  4302 D MiuiRefreshRatePolicy: reset
12-05 12:17:23.557  1634  1690 I ExtM    : zram userate is low, no need to flush: 14
12-05 12:17:23.712  1634  1818 I InputMethodManagerService: IMMS.showCurrentInputLocked(), flags = 0
12-05 12:17:23.712  1634  1818 D SmartPower: com.google.android.inputmethod.latin/10187(3538): show input method
12-05 12:17:23.712  1634  1818 I DefaultImeVisibilityApplier: IMMS.showCurrentInputLocked request ims to show inputMethod.
12-05 12:17:23.719  1634  2622 W PackageConfigPersister: App-specific configuration not found for packageName: com.example.gestor_money and userId: 0
12-05 12:17:23.770  1634  1818 I InputMethodManagerService: IMMS.showSoftInput(), client = com.android.internal.inputmethod.IInputMethodClient$Stub$Proxy@4bbd4b5
12-05 12:17:23.771  1634  1818 I InputMethodManagerService: IMMS.showCurrentInputLocked(), flags = 0
12-05 12:17:23.771  1634  1818 D SmartPower: com.google.android.inputmethod.latin/10187(3538): show input method
12-05 12:17:23.772  1634  1818 I DefaultImeVisibilityApplier: IMMS.showCurrentInputLocked request ims to show inputMethod.
12-05 12:17:23.851  1634  3954 I InputMethodManagerService: IMMS.applyImeVisibility(), setVisible = true, mCurclient = ClientState{ed03875 mUid=10135 mPid=17116 mSelfReportedDisplayId=0}
12-05 12:17:23.851  1634  3954 I WindowManager: WMS.showImePostLayout(), imeTarget = Window{d993f4c u0 com.example.gestor_money/com.example.gestor_money.MainActivity}
12-05 12:17:23.853  1634  1669 D MiuiRefreshRatePolicy: reset
12-05 12:17:23.854  1634  3953 I SmartPower: com.google.android.gms/10153(3313): idle->background(4101ms) R(service start com.google.android.gms/.chimera.GmsBoundBrokerService) adj=0.
12-05 12:17:23.862  2340  2436 D OneHandedController: stopOneHanded state is 0
12-05 12:17:23.875  1634  3953 I InputMethodManagerService: IMMS.applyImeVisibility(), setVisible = true, mCurclient = ClientState{ed03875 mUid=10135 mPid=17116 mSelfReportedDisplayId=0}
12-05 12:17:23.876  1634  3953 I WindowManager: WMS.showImePostLayout(), imeTarget = Window{d993f4c u0 com.example.gestor_money/com.example.gestor_money.MainActivity}
12-05 12:17:23.879  1634  1669 D MiuiRefreshRatePolicy: reset
12-05 12:17:23.892  2340  2436 D OneHandedController: stopOneHanded state is 0
12-05 12:17:24.250  1634  3954 D PerfShielderService: com.example.gestor_money|com.example.gestor_money/com.example.gestor_money.MainActivity|358|19383806506846|99|2|6
12-05 12:17:24.250  3719  6632 W MiuiPerfServiceClient: interceptAndQueuing:17116|com.example.gestor_money|358|99|19383806506846|Slow handle animation|6
12-05 12:17:24.458  1634  1649 D PerfShielderService: com.google.android.inputmethod.latin|InputMethod|166|19383703214461|155|0|2
12-05 12:17:24.458  3719  6632 W MiuiPerfServiceClient: interceptAndQueuing:3538|com.google.android.inputmethod.latin|166|155|19383703214461|Slow main thread|2
12-05 12:17:24.712  1634  1930 I SmartPower: com.zhiliaoapp.musically/10306(15030): background->idle(3001ms) R(broadcast start Intent { act=android.intent.action.BATTERY_CHANGED flg=0x60000010 (has extras) }) adj=700.
12-05 12:17:24.715  1634  1930 I SmartPower: com.miui.android.fashiongallery/10287(22415): background->idle(3000ms) R(broadcast start Intent { act=android.intent.action.BATTERY_CHANGED flg=0x60000010 (has extras) }) adj=700.
12-05 12:17:24.732  1634  1668 D WindowManagerService: touch another display`s GestureStub,update focus!
12-05 12:17:24.744  1634  3954 D CoreBackPreview: startBackNavigation currentTask=Task{5867f62 #1534 type=standard A=10135:com.example.gestor_money}, topRunningActivity=ActivityRecord{a26c080 u0 com.example.gestor_money/.MainActivity t1534}, callbackInfo=OnBackInvokedCallbackInfo{mCallback=android.window.IOnBackInvokedCallback$Stub$Proxy@168a013, mPriority=0, mIsAnimationCallback=false}, currentFocus=Window{d993f4c u0 com.example.gestor_money/com.example.gestor_money.MainActivity}
12-05 12:17:24.746  1634  3953 D MiuiRefreshRatePolicy: reset
12-05 12:17:24.818  1634  3953 D MiuiRefreshRatePolicy: reset
12-05 12:17:24.869  1634  1690 I ExtM    : zram userate is low, no need to flush: 14
12-05 12:17:24.977  1634  1690 I ExtM    : zram userate is low, no need to flush: 15
12-05 12:17:25.033  1634  1634 D UiModeManager: updateConfigurationLocked: mDockState=0; mCarMode=false; mCar=false; mPowerSave=false; mOverrideNightModeOn=false; mOverrideNightModeOff=false; mComputedNightMode=true; mNightModeValue=2; uiMode=44
12-05 12:17:25.049  1634  1634 D UiModeManager: updateConfigurationLocked: mDockState=0; mCarMode=false; mCar=false; mPowerSave=false; mOverrideNightModeOn=false; mOverrideNightModeOff=false; mComputedNightMode=true; mNightModeValue=2; uiMode=44
12-05 12:17:25.319  1634  3953 D MiuiRefreshRatePolicy: reset
12-05 12:17:25.962  1634  1690 I ExtM    : zram userate is low, no need to flush: 15
12-05 12:17:26.069  1634  1690 I ExtM    : zram userate is low, no need to flush: 15
12-05 12:17:26.685  1634  1634 D MBrainLocalService: isVendorFreezeConditionPass is false
12-05 12:17:26.685  1634  1634 D MBrainLocalService: notifyNetworkChange failed
12-05 12:17:26.856  1634  1930 I SmartPower: com.google.android.gms/10153(3313): background->idle(3002ms) R(service start com.google.android.gms/.chimera.GmsBoundBrokerService) adj=250.
12-05 12:17:27.045  1634  1690 I ExtM    : zram userate is low, no need to flush: 15
12-05 12:17:27.153  1634  1690 I ExtM    : zram userate is low, no need to flush: 15
12-05 12:17:27.516  1634  1681 D ThermalBrightnessController: updateSkinTemperature: actual temperature: 35.335, applied temperature: 35.335
12-05 12:17:28.125  1634  1690 I ExtM    : zram userate is low, no need to flush: 15
12-05 12:17:28.171  1634  3953 D Aurogon :  packageName = com.google.android.gms isAllowWakeUpList 
12-05 12:17:28.193  1634  3954 D Aurogon :  packageName = com.google.android.gms isAllowWakeUpList 
12-05 12:17:28.198  1634  3953 D Aurogon :  packageName = com.google.android.gms isAllowWakeUpList 
12-05 12:17:28.652  1634  3953 D MiuiRefreshRatePolicy: reset
12-05 12:17:28.655  1634  3953 D MiuiRefreshRatePolicy: reset
12-05 12:17:29.209  1634  1690 I ExtM    : zram userate is low, no need to flush: 15
12-05 12:17:29.633  1634  3954 I SmartPower: com.android.vending/10163(19602): idle->background(12139ms) R(service unbind com.android.vending/com.google.android.finsky.scheduler.process.mainimpl.PhoneskyJobServiceMain) adj=250.
12-05 12:17:29.642  1634  3954 W JobScheduler.JobStatus: Exempted app com.claro.claromusica.latam considered buggy
12-05 12:17:29.646  1634  1775 E JobScheduler: ResourceBudgetManagerInternal is null
12-05 12:17:29.664  1634  3954 I SmartPower: com.google.android.gms/10153(3313): idle->background(2807ms) R(service unbind com.google.android.gms/.games.chimera.GamesAndroidServiceProxy) adj=250.
12-05 12:17:29.680  1634  1685 I ActivityManager: Start proc 23374:com.google.android.apps.messaging/u0a170 for service {com.google.android.apps.messaging/androidx.work.impl.background.systemjob.SystemJobService} caller=android
12-05 12:17:29.705  1634  3954 D MiuiRefreshRatePolicy: reset
12-05 12:17:29.708  1634  3954 D MiuiRefreshRatePolicy: reset
12-05 12:17:29.733  1634  3953 I SmartPower: com.google.android.apps.messaging/10170(23374): died->background(900959ms) R(process start ) adj=-10000.
12-05 12:17:29.740 23374 23389 D MiuiDownscaleImpl: set override inverted scale : 1.0
12-05 12:17:29.744 23374 23391 D ActivityThread: the event that target app starts is : AppLaunchEvent{mType='441', mProcessName='com.google.android.apps.messaging', mPackageName='com.google.android.apps.messaging', mIsMainProcess='true', mVersionCode='292971063', mLaunchTime='2025-12-05'}
12-05 12:17:29.867 23374 23374 I ActivityThread: TrafficStats init done
12-05 12:17:29.878 23374 23374 I ActivityThread: Miui Feature Init done
12-05 12:17:30.162  1634  1634 D UiModeManager: updateConfigurationLocked: mDockState=0; mCarMode=false; mCar=false; mPowerSave=false; mOverrideNightModeOn=false; mOverrideNightModeOff=false; mComputedNightMode=true; mNightModeValue=2; uiMode=44
12-05 12:17:30.182  1634  1634 D UiModeManager: updateConfigurationLocked: mDockState=0; mCarMode=false; mCar=false; mPowerSave=false; mOverrideNightModeOn=false; mOverrideNightModeOff=false; mComputedNightMode=true; mNightModeValue=2; uiMode=44
12-05 12:17:30.190  1634  1634 D UiModeManager: updateConfigurationLocked: mDockState=0; mCarMode=false; mCar=false; mPowerSave=false; mOverrideNightModeOn=false; mOverrideNightModeOff=false; mComputedNightMode=true; mNightModeValue=2; uiMode=44
12-05 12:17:30.422  1634  3954 W JobScheduler.JobStatus: Exempted app com.claro.claromusica.latam considered buggy
12-05 12:17:30.446  1634  3954 W JobScheduler.JobStatus: Exempted app com.claro.claromusica.latam considered buggy
12-05 12:17:30.456  1634  3954 W JobScheduler.JobStatus: Exempted app com.claro.claromusica.latam considered buggy
12-05 12:17:30.467  1634  3954 W JobScheduler.JobStatus: Exempted app com.claro.claromusica.latam considered buggy
12-05 12:17:30.477  1634  3954 W JobScheduler.JobStatus: Exempted app com.claro.claromusica.latam considered buggy
12-05 12:17:30.486  1634  4302 W JobScheduler.JobStatus: Exempted app com.claro.claromusica.latam considered buggy
12-05 12:17:30.497  1634  3954 W JobScheduler.JobStatus: Exempted app com.claro.claromusica.latam considered buggy
12-05 12:17:30.507  1634  4302 W JobScheduler.JobStatus: Exempted app com.claro.claromusica.latam considered buggy
12-05 12:17:30.515  1634  4302 W JobScheduler.JobStatus: Exempted app com.claro.claromusica.latam considered buggy
12-05 12:17:30.531  1634  3954 W JobScheduler.JobStatus: Exempted app com.claro.claromusica.latam considered buggy
12-05 12:17:30.538  1634  3954 E JobScheduler: ResourceBudgetManagerInternal is null
12-05 12:17:30.541  1634  4302 W JobScheduler: Job didn't exist in JobStore: 
12-05 12:17:30.547  1634  4302 W JobScheduler.JobStatus: Exempted app com.claro.claromusica.latam considered buggy
12-05 12:17:30.555  1634  4302 W JobScheduler.JobStatus: Exempted app com.claro.claromusica.latam considered buggy
12-05 12:17:30.563  1634  4302 W JobScheduler.JobStatus: Exempted app com.claro.claromusica.latam considered buggy
12-05 12:17:30.629  1634  3954 W JobScheduler.JobStatus: Exempted app com.claro.claromusica.latam considered buggy
12-05 12:17:30.678  1634  4302 I PowerManagerServiceImpl: Partial wakeLock:[PARTIAL_WAKE_LOCK                 'WorkManager:TikTokListenableWorker startWork -> com.google.apps.tiktok.sync.impl.workmanager.SyncPeriodicWorker startWork() -> com.google.apps.tiktok.sync.impl.workmanager.SyncPeriodicWorker startWork() -> NoAccountWorkerFactory startWork()' (uid=10170 pid=23374 pkg=com.google.android.apps.messaging)], disabled: true, procState: 19, reason: Process Priority
12-05 12:17:30.687  1634  1684 I SmartPower: com.zhiliaoapp.musically/10306(15030): idle->background(5974ms) R(broadcast start Intent { act=android.intent.action.BATTERY_CHANGED flg=0x60000010 (has extras) }) adj=700.
12-05 12:17:30.691  1634  1684 I SmartPower: com.miui.android.fashiongallery/10287(22415): idle->background(5977ms) R(broadcast start Intent { act=android.intent.action.BATTERY_CHANGED flg=0x60000010 (has extras) }) adj=700.
12-05 12:17:30.700  1634  4302 I PowerManagerServiceImpl: Partial wakeLock:[PARTIAL_WAKE_LOCK                 'WorkManager:TikTokListenableWorker startWork -> com.google.apps.tiktok.sync.impl.workmanager.SyncPeriodicWorker startWork() -> com.google.apps.tiktok.sync.impl.workmanager.SyncPeriodicWorker startWork() -> NoAccountWorkerFactory startWork()' (uid=10170 pid=23374 pkg=com.google.android.apps.messaging)], disabled: true, procState: 19, reason: Process Priority
12-05 12:17:30.768  1634  1926 D MiuiSentinelService: begin judgment FdAmountLeakException
12-05 12:17:30.858  1634  4302 W JobScheduler.JobStatus: Exempted app com.claro.claromusica.latam considered buggy
12-05 12:17:30.885  1634  4302 W JobScheduler.JobStatus: Exempted app com.claro.claromusica.latam considered buggy
12-05 12:17:30.937  1634  4302 W JobScheduler.JobStatus: Exempted app com.claro.claromusica.latam considered buggy
12-05 12:17:32.231  1634  1668 D WindowManagerService: touch another display`s GestureStub,update focus!
12-05 12:17:32.258  1634  3954 D CoreBackPreview: startBackNavigation currentTask=Task{5867f62 #1534 type=standard A=10135:com.example.gestor_money}, topRunningActivity=ActivityRecord{a26c080 u0 com.example.gestor_money/.MainActivity t1534}, callbackInfo=OnBackInvokedCallbackInfo{mCallback=android.window.IOnBackInvokedCallback$Stub$Proxy@168a013, mPriority=0, mIsAnimationCallback=false}, currentFocus=Window{d993f4c u0 com.example.gestor_money/com.example.gestor_money.MainActivity}
12-05 12:17:32.281  1634  3954 D MiuiRefreshRatePolicy: reset
12-05 12:17:32.286  1634  3954 D MiuiRefreshRatePolicy: reset
12-05 12:17:32.371  1634  1649 I InputMethodManagerService: IMMS.applyImeVisibility(), setVisible = false, mCurclient = ClientState{ed03875 mUid=10135 mPid=17116 mSelfReportedDisplayId=0}
12-05 12:17:32.384  2340  2436 D MiuiFreeformModeController: avoidForInsetsBottomChangedIfNeed newMovableBottom: 2416
12-05 12:17:32.388  1634  1669 I WindowManager: input method visible height changed 0
12-05 12:17:32.389  1634  1794 I ITouchFeature: current device and process support version:1
12-05 12:17:32.390  1634  1669 D MiuiRefreshRatePolicy: reset
12-05 12:17:32.393  2340  2436 D MiuiFreeformModeController: onImeVisibilityChanged imeVisible: false imeHeight: 0 adjustedForRotation:false
