12-05 12:17:43.040  1634  1669 I WindowManager: StartingWindow exit animation finished, win = Window{b6f94e9 u0 Splash Screen com.android.settings EXITING} remove = true
12-05 12:17:43.042  1634  1669 D WindowManager: setParent old=ActivityRecord{6902ab7 u0 com.miui.securitycenter/com.miui.appmanager.ApplicationsDetailsActivity t1535},new=null,this window=Window{b6f94e9 u0 Splash Screen com.android.settings},callers=com.android.server.wm.WindowContainer.removeChild:897 com.android.server.wm.ActivityRecord.removeChild:5543 com.android.server.wm.ActivityRecord.removeChild:507 com.android.server.wm.WindowContainer.removeImmediately:955 com.android.server.wm.WindowState.removeImmediately:2534 com.android.server.wm.WindowState.destroySurface:3622 
12-05 12:17:43.045  1634  1669 D WindowManager: postWindowRemoveCleanupLocked: Removing startingWindow Window{b6f94e9 u0 Splash Screen com.android.settings} from ActivityRecord{6902ab7 u0 com.miui.securitycenter/com.miui.appmanager.ApplicationsDetailsActivity t1535} activity = ActivityRecord{6902ab7 u0 com.miui.securitycenter/com.miui.appmanager.ApplicationsDetailsActivity t1535}
12-05 12:17:43.046  1634  1669 D MiuiRefreshRatePolicy: reset
12-05 12:17:43.057  1634  1669 D MiuiRefreshRatePolicy: reset
12-05 12:17:43.385  1634  3969 I ActivityManager: Process com.android.settings (pid 18747) has died: cch+5 CEM 
12-05 12:17:43.386  1634  1915 E ProcessManager: error write exception log
12-05 12:17:43.420  1634  3954 I ActivityManager: Process android.process.acore (pid 21355) has died: svcb CEM 
12-05 12:17:43.421  1634  1915 E ProcessManager: error write exception log
12-05 12:17:43.422  1634  1655 D DisplayManagerService: Drop pending events for gone uid 10096
12-05 12:17:43.553  1634  3959 I ActivityManager: Process com.facebook.services (pid 22782) has died: svcb SVC 
12-05 12:17:43.554  1634  1915 E ProcessManager: error write exception log
12-05 12:17:43.555  1634  3959 W ActivityManager: Scheduling restart of crashed service com.facebook.services/com.facebook.oxygen.services.fbns.PreloadedFbnsService in 1000ms for start-requested
12-05 12:17:43.559  1634  1655 D DisplayManagerService: Drop pending events for gone uid 10173
12-05 12:17:43.617  1634  2631 I ActivityManager: Process com.google.android.googlequicksearchbox:googleapp (pid 23457) has died: svcb CACC
12-05 12:17:43.618  1634  1915 E ProcessManager: error write exception log
12-05 12:17:43.618  1634  3943 I WindowManager: WIN DEATH: Window{fa039df u0 LauncherMinusOneScreen}
12-05 12:17:43.620  1634  3943 D WindowManager: setParent old=ActivityRecord{e53174 u0 com.miui.home/.launcher.Launcher t2},new=null,this window=Window{fa039df u0 LauncherMinusOneScreen},callers=com.android.server.wm.WindowContainer.removeChild:897 com.android.server.wm.ActivityRecord.removeChild:5543 com.android.server.wm.ActivityRecord.removeChild:507 com.android.server.wm.WindowContainer.removeImmediately:955 com.android.server.wm.WindowState.removeImmediately:2534 com.android.server.wm.WindowState.removeIfPossible:2722 
12-05 12:17:43.622  1634  3943 D MiuiRefreshRatePolicy: reset
12-05 12:17:43.634  1634  1926 D MiuiSentinelService: begin judgment FdAmountLeakException
12-05 12:17:43.638  1634  1668 W ActivityManager: setHasOverlayUi called on unknown pid: 23457
12-05 12:17:43.686  1634  1926 D MiuiSentinelService: begin judgmentRssLeakException
12-05 12:17:43.687  1634  1926 E MiuiSentinelMemoryManager: getRSSinfo: usap64#22969
12-05 12:17:43.687  1634  1926 D MiuiSentinelMemoryManager: cmdline: usap64, pid: 22969, RSSsize:401328
12-05 12:17:43.714  1634  1916 I ProcessManager: getRenderThreadTidByPid, caller=1634
12-05 12:17:43.815 22969 22969 D MiuiCameraCoveredManager: java.lang.NullPointerException: Attempt to invoke virtual method 'java.lang.String android.provider.MiuiSettings$SettingsCloudData$CloudData.getString(java.lang.String, java.lang.String)' on a null object reference
12-05 12:17:43.824  1634  1649 W WindowManager: Changing focus from Window{8e282e9 u0 com.miui.securitycenter/com.miui.appmanager.ApplicationsDetailsActivity} to Window{8a84299 u0 com.miui.securitycenter/com.miui.appmanager.ApplicationsDetailsActivity} displayId=0 Callers=com.android.server.wm.RootWindowContainer.updateFocusedWindowLocked:602 com.android.server.wm.WindowManagerService.updateFocusedWindowLocked:7173 com.android.server.wm.WindowManagerService.addWindow:2246 com.android.server.wm.Session.addToDisplayAsUser:280 
12-05 12:17:43.831  1634  1649 D WindowManager: wms.Input focus has changed to Window{8a84299 u0 com.miui.securitycenter/com.miui.appmanager.ApplicationsDetailsActivity} display=0 updateInputWindows = false
12-05 12:17:43.831  1634  1649 I MultiSenceManagerInternalStub: getInstance
12-05 12:17:43.833  1634  1936 I MultiSenceManagerInternalStubImpl: packageName = com.miui.securitycenter
12-05 12:17:43.833  1634  1936 W ContextImpl: Calling a method in the system process without a qualified user: android.app.ContextImpl.sendBroadcast:1260 com.android.server.wm.MultiSenceManagerInternalStubImpl.sendFocusWindowsBroadcast:148 com.android.server.wm.MultiSenceManagerInternalStubImpl$UpdateScreenStatus.run:98 android.os.Handler.handleCallback:959 android.os.Handler.dispatchMessage:100 
12-05 12:17:43.836  1634  1669 D WindowManager: wms.Focus not requested for window=Window{8a84299 u0 com.miui.securitycenter/com.miui.appmanager.ApplicationsDetailsActivity} because it has no surface or is not focusable.
12-05 12:17:43.838  1634  1649 D CoreBackPreview: Window{8a84299 u0 com.miui.securitycenter/com.miui.appmanager.ApplicationsDetailsActivity}: Setting back callback OnBackInvokedCallbackInfo{mCallback=android.window.IOnBackInvokedCallback$Stub$Proxy@b8c3a7d, mPriority=0, mIsAnimationCallback=false}
12-05 12:17:43.851  1634  3409 D MiuiRefreshRatePolicy: reset
12-05 12:17:43.870  1634  4119 D WindowManager: wms.finishDrawingLocked: mDrawState=COMMIT_DRAW_PENDING Window{8a84299 u0 com.miui.securitycenter/com.miui.appmanager.ApplicationsDetailsActivity} in Surface(name=com.miui.securitycenter/com.miui.appmanager.ApplicationsDetailsActivity#7109)/@0x20d3c35
12-05 12:17:43.873  1634  1669 D MiuiRefreshRatePolicy: reset
12-05 12:17:43.885  1634  1669 D MiuiRefreshRatePolicy: reset
12-05 12:17:43.891  1634  1669 I WindowManager: wms.showSurfaceRobustly mWin:Window{8a84299 u0 com.miui.securitycenter/com.miui.appmanager.ApplicationsDetailsActivity}
12-05 12:17:44.191  1634  1669 D MiuiRefreshRatePolicy: reset
12-05 12:17:44.202  1634  1669 D MiuiRefreshRatePolicy: reset
12-05 12:17:44.471  1634  1916 I ProcessManager: getRenderThreadTidByPid, caller=1634
12-05 12:17:44.542  1634  1649 D PackageManager: Uninstall pkg: com.example.gestor_money u0 flags:0 from u1000/22969 of com.miui.securitycenter
12-05 12:17:44.544  1634  1684 I ActivityManager: Force stopping com.example.gestor_money appid=10135 user=0: deletePackageX
12-05 12:17:44.545  1634  1649 D CoreBackPreview: Window{8a84299 u0 com.miui.securitycenter/com.miui.appmanager.ApplicationsDetailsActivity}: Setting back callback null
12-05 12:17:44.546  1634  1716 I AppsFilter: interaction: PackageSetting{2c71f52 com.android.microdroid.empty_payload/10254} -> PackageSetting{92b5369 com.example.gestor_money/10135} BLOCKED
12-05 12:17:44.546  1634  1716 I AppsFilter: interaction: PackageSetting{7c27ffb com.android.provision.carrieroverlay.claro/10080} -> PackageSetting{92b5369 com.example.gestor_money/10135} BLOCKED
12-05 12:17:44.546  1634  1716 I AppsFilter: interaction: PackageSetting{7f12818 android.aosp.carrieroverlay.claro/10070} -> PackageSetting{92b5369 com.example.gestor_money/10135} BLOCKED
12-05 12:17:44.553  1634  1649 W WindowManager: Changing focus from Window{8a84299 u0 com.miui.securitycenter/com.miui.appmanager.ApplicationsDetailsActivity EXITING} to Window{8e282e9 u0 com.miui.securitycenter/com.miui.appmanager.ApplicationsDetailsActivity} displayId=0 Callers=com.android.server.wm.RootWindowContainer.updateFocusedWindowLocked:602 com.android.server.wm.WindowManagerService.updateFocusedWindowLocked:7173 com.android.server.wm.WindowState.setupWindowForRemoveOnExit:2749 com.android.server.wm.WindowState.removeIfPossible:2711 
12-05 12:17:44.564  1634  1649 D WindowManager: wms.Input focus has changed to Window{8e282e9 u0 com.miui.securitycenter/com.miui.appmanager.ApplicationsDetailsActivity} display=0 updateInputWindows = false
12-05 12:17:44.564  1634  1649 I MultiSenceManagerInternalStub: getInstance
12-05 12:17:44.564  1634  1936 I MultiSenceManagerInternalStubImpl: packageName = com.miui.securitycenter
12-05 12:17:44.565  1634  1936 W ContextImpl: Calling a method in the system process without a qualified user: android.app.ContextImpl.sendBroadcast:1260 com.android.server.wm.MultiSenceManagerInternalStubImpl.sendFocusWindowsBroadcast:148 com.android.server.wm.MultiSenceManagerInternalStubImpl$UpdateScreenStatus.run:98 android.os.Handler.handleCallback:959 android.os.Handler.dispatchMessage:100 
12-05 12:17:44.565  1634  1649 D MiuiRefreshRatePolicy: reset
12-05 12:17:44.567   572 15412 I keystore2: system/security/keystore2/src/maintenance.rs:341 - clearNamespace(r#APP, nspace=10135)
12-05 12:17:44.569   572 15412 I keystore2: system/security/keystore2/src/gc.rs:85 - entry to notify_gc. notified:0
12-05 12:17:44.569   572 23446 I keystore2: system/security/keystore2/src/gc.rs:154 - entry to step. notified:1
12-05 12:17:44.569   572 23446 I keystore2: system/security/keystore2/src/gc.rs:113 - No superseded blobs. deleted_blob_ids:[]
12-05 12:17:44.574   572 23446 I keystore2: system/security/keystore2/src/database.rs:1266 - DELETE FORM persistent.blobentry WHERE NOT subcomponent_type = KEY_BLOB
12-05 12:17:44.598  1634  1669 D MiuiRefreshRatePolicy: reset
12-05 12:17:44.683  1634  1716 W PackageFreezer: Freeze package com.example.gestor_money about 0.139 seconds for reason: deletePackageX
12-05 12:17:44.689  1634  1668 D CompatChangeReporter: Compat change id reported: 313677553; UID 1000; state: ENABLED
12-05 12:17:44.690  1634  1668 D CompatChangeReporter: Compat change id reported: 311208629; UID 1000; state: ENABLED
12-05 12:17:44.693  1634  1716 E PackageManager: cleanupDexUseInfo failed.[Ljava.lang.StackTraceElement;@e81b1e9
12-05 12:17:44.696  1634  3955 W PackageConfigPersister: App-specific configuration not found for packageName: com.miui.securitycenter and userId: 0
12-05 12:17:44.711  1634  1716 I ActivityManager: Force stopping com.example.gestor_money appid=10135 user=0: pkg removed
12-05 12:17:44.718  1634  1669 D WindowManager: setParent old=ActivityRecord{6902ab7 u0 com.miui.securitycenter/com.miui.appmanager.ApplicationsDetailsActivity t1535},new=null,this window=Window{8a84299 u0 com.miui.securitycenter/com.miui.appmanager.ApplicationsDetailsActivity},callers=com.android.server.wm.WindowContainer.removeChild:897 com.android.server.wm.ActivityRecord.removeChild:5543 com.android.server.wm.ActivityRecord.removeChild:507 com.android.server.wm.WindowContainer.removeImmediately:955 com.android.server.wm.WindowState.removeImmediately:2534 com.android.server.wm.WindowState.destroySurface:3622 
12-05 12:17:44.720  1634  1669 D MiuiRefreshRatePolicy: reset
12-05 12:17:44.729  1634  1669 D MiuiRefreshRatePolicy: reset
12-05 12:17:44.758  1634  1930 I SmartPower: com.instagram.android/10288(20675): background->idle(58899ms) R(broadcast end Intent { act=action_batch_upload flg=0x10 pkg=com.instagram.android cmp=com.instagram.android/com.instagram.analytics.uploadscheduler.AnalyticsUploadAlarmReceiver }) adj=915.
12-05 12:17:44.781  1634  4119 W ActivityManager: Slow operation: 95ms so far, now at startProcess: done updating battery stats
12-05 12:17:44.782  1634  4119 W ActivityManager: Slow operation: 96ms so far, now at startProcess: building log message
12-05 12:17:44.783  1634  4119 I ActivityManager: Start proc 23915:com.facebook.services/u0a173 for service {com.facebook.services/com.facebook.oxygen.services.fbns.PreloadedFbnsService} caller=com.instagram.android
12-05 12:17:44.783  1634  4119 W ActivityManager: Slow operation: 96ms so far, now at startProcess: starting to update pids map
12-05 12:17:44.783  1634  4119 W ActivityManager: Slow operation: 96ms so far, now at startProcess: done updating pids map
12-05 12:17:44.783  1634  4119 I SmartPower: com.facebook.services/10173(23915): died->background(1229ms) R(process start ) adj=-10000.
12-05 12:17:44.790 23915 23930 D MiuiDownscaleImpl: set override inverted scale : 1.0
12-05 12:17:44.817  2340  2436 I SoScStageCoordinator: Transition requested:TransitionRequestInfo { type = CLOSE, triggerTask = TaskInfo{userId=0 taskId=1535 displayId=0 isRunning=true baseIntent=Intent { act=android.settings.APPLICATION_DETAILS_SETTINGS dat=package: flg=0x10008000 cmp=com.android.settings/.applications.InstalledAppDetails } baseActivity=ComponentInfo{com.miui.securitycenter/com.miui.appmanager.ApplicationsDetailsActivity} topActivity=ComponentInfo{com.miui.securitycenter/com.miui.appmanager.ApplicationsDetailsActivity} origActivity=ComponentInfo{com.android.settings/com.android.settings.applications.InstalledAppDetails} realActivity=ComponentInfo{com.android.settings/com.android.settings.applications.InstalledAppDetailsTop} numActivities=1 lastActiveTime=48177284 supportsSplitScreenMultiWindow=true supportsMultiWindow=true resizeMode=1 isResizeable=true minWidth=-1 minHeight=-1 defaultMinSize=200 token=WCT{android.window.IWindowContainerToken$Stub$Proxy@fcb38b7} topActivityType=1 pictureInPictureParams=null shouldDockBigOverlays=false launchIntoPipHostTaskId=-1 lastParentTaskIdBeforePip=-1 displayCutoutSafeInsets=null topActivityInfo=ActivityInfo{9591824 com.miui.appmanager.ApplicationsDetailsActivity} launchCookies=[] positionInParent=Point(0, 0) parentTaskId=-1 isFocused=true isVisible=true isVisibleRequested=true isSleeping=false locusId=null displayAreaFeatureId=1 isTopActivityTransparent=false appCompatTaskInfo=AppCompatTaskInfo { topActivityInSizeCompat=false topActivityEligibleForLetterboxEducation= falseisLetterboxEducationEnabled= false isLetterboxDoubleTapEnabled= false topActivityEligibleForUserAspectRatioButton= false topActivityBoundsLetterboxed= false isFromLetterboxDoubleTap= false topActivityLetterboxVerticalPosition= -1 topActivityLetterboxHorizontalPosition= -1 topActivityLetterboxWidth=1080 topActivityLetterboxHeight=2460 isUserFullscreenOverrideEnabled=false isSystemFullscreenOverrideEnabled=false cameraCompatTaskInfo=CameraCompatTaskInfo { cameraCompatControlState=hidden freeformCameraCompatMode=inactive}} isImmersive=false mTopActivityRequestOrientation=1 mBehindAppLockPkg=null mOriginatingUid=0 isEmbedded=false shouldBeVisible=true mIsCastMode=false mTopActivityMediaSize=null mTopActivityRecordName=ActivityRecord{6902ab7 u0 com.miui.securitycenter/com.miui.appmanager.ApplicationsDetailsActivity t1535} mTopActivityOrientation=1}, pipTask = null, remoteTransition = null, displayChange = null, flags = 0, debugId = 378 } isSoScActive:false triggerTask:TaskInfo{userId=0 taskId=1535 displayId=0 isRunning=true baseIntent=Intent { act=android.settings.APPLICATION_DETAILS_SETTINGS dat=package: flg=0x10008000 cmp=com.android.settings/.applications.InstalledAppDetails } baseActivity=ComponentInfo{com.miui.securitycenter/com.miui.appmanager.ApplicationsDetailsActivity} topActivity=ComponentInfo{com.miui.securitycenter/com.miui.appmanager.ApplicationsDetailsActivity} origActivity=ComponentInfo{com.android.settings/com.android.settings.applications.InstalledAppDetails} realActivity=ComponentInfo{com.android.settings/com.android.settings.applications.InstalledAppDetailsTop} numActivities=1 lastActiveTime=48177284 supportsSplitScreenMultiWindow=true supportsMultiWindow=true resizeMode=1 isResizeable=true minWidth=-1 minHeight=-1 defaultMinSize=200 token=WCT{android.window.IWindowContainerToken$Stub$Proxy@fcb38b7} topActivityType=1 pictureInPictureParams=null shouldDockBigOverlays=false launchIntoPipHostTaskId=-1 lastParentTaskIdBeforePip=-1 displayCutoutSafeInsets=null topActivityInfo=ActivityInfo{9591824 com.miui.appmanager.ApplicationsDetailsActivity} launchCookies=[] positionInParent=Point(0, 0) parentTaskId=-1 isFocused=true isVisible=true isVisibleRequested=true isSleeping=false locusId=null displayAreaFeatureId=1 isTopActivityTransparent=false appCompatTaskInfo=AppCompatTaskInfo { topActivityInSizeCompat=false topActivityEligibleForLetterboxEducation= falseisLetterboxEducationEnabled= false isLetterboxDoubleTapEnabled= false topActivityEligibleForUserAspectRatioButton= false topActivityBoundsLe
12-05 12:17:44.817  1634  3955 D WindowManager: Collecting in transition 378: Task{e97b635 #1535 type=standard A=1000:com.android.settings} init visibleRequested:true
12-05 12:17:44.819 23915 23932 D ActivityThread: the event that target app starts is : AppLaunchEvent{mType='441', mProcessName='com.facebook.services', mPackageName='com.facebook.services', mIsMainProcess='true', mVersionCode='833629966', mLaunchTime='2025-12-05'}
12-05 12:17:44.823  1634  3955 D MiuiSoScManager: supportSoScMinimizedMode:true
12-05 12:17:44.823  1634  3955 D MiuiSoScManager: taskInSoScFullMode:false
12-05 12:17:44.830  1634  1873 E AppOps  : attributionTag VCN not declared in manifest of android
12-05 12:17:44.831  1634  1681 I CredentialManager: updateProvidersWhenPackageRemoved
12-05 12:17:44.832  1634  3955 D MiuiFreeFormGestureController: deliverResultForFinishActivity resultTo: ActivityRecord{233e51f u0 com.android.settings/.applications.InstalledAppDetails t-1 f}} resultFrom: ActivityRecord{6902ab7 u0 com.miui.securitycenter/com.miui.appmanager.ApplicationsDetailsActivity t1535 f}} isInVideoOrGameScene: false intent: Intent { act=miui.intent.action.APP_MANAGER_APPLICATION_DETAIL pkg=com.miui.securitycenter cmp=com.miui.securitycenter/com.miui.appmanager.ApplicationsDetailsActivity (has extras) }
12-05 12:17:44.834  1634  3955 D WindowManager: Collecting in transition 378: Task{e97b635 #1535 type=standard A=1000:com.android.settings} init visibleRequested:true
12-05 12:17:44.835  1634  3955 D WindowManager: Collecting in transition 378: ActivityRecord{6902ab7 u0 com.miui.securitycenter/com.miui.appmanager.ApplicationsDetailsActivity t1535 f}} init visibleRequested:true
12-05 12:17:44.851  1634  3955 D MiuiRefreshRatePolicy: reset
12-05 12:17:44.860  1634  1649 D WindowManager: Set transition=TransitionRecord{99ef6a6 id=378 type=CLOSE flags=0x0}, ready=false, SyncId=378 used=true, override=false, defer=0, states=Display{#0 state=ON size=1080x2460 ROTATION_0}:false
12-05 12:17:44.862  1634  1669 D WindowManager: wms.Focus not requested for window=Window{8e282e9 u0 com.miui.securitycenter/com.miui.appmanager.ApplicationsDetailsActivity} because it has no surface or is not focusable.
12-05 12:17:44.864  1634  1954 D ShortcutService: received package broadcast intent: Intent { act=android.intent.action.PACKAGE_REMOVED dat=package: flg=0x4000010 (has extras) }
12-05 12:17:44.867  1634  1954 D ShortcutService: removing package: com.example.gestor_money userId0
12-05 12:17:44.869  1634  1954 D ShortcutService: handlePackageRemoved: com.example.gestor_money user=0
12-05 12:17:44.882  1634  2005 D HealthConnectTrackerManagerImpl: Step tracking flag disabled. Aborting initialization.
12-05 12:17:44.883  1634  1775 E JobScheduler.Background: Couldn't determine stopped state for unknown package: com.google.android.apps.turbo
12-05 12:17:44.883  1634  1775 E JobScheduler.Background: Couldn't determine stopped state for unknown package: com.google.android.apps.turbo
12-05 12:17:44.883  1634  1775 E JobScheduler.Background: Couldn't determine stopped state for unknown package: com.google.android.apps.turbo
12-05 12:17:44.883  1634  1775 E JobScheduler.Background: Couldn't determine stopped state for unknown package: com.google.android.apps.turbo
12-05 12:17:44.883  1634  1775 E JobScheduler.Background: Couldn't determine stopped state for unknown package: com.google.android.apps.turbo
12-05 12:17:44.885  2340  2436 D OneHandedController: stopOneHanded state is 0
12-05 12:17:44.889  5432  6602 W ContextImpl: Calling a method in the system process without a qualified user: android.app.ContextImpl.sendBroadcast:1275 android.content.ContextWrapper.sendBroadcast:527 u6.e.f:24 u6.e.c:0 u6.e$d.run:7 
12-05 12:17:44.899  1634  3943 D WindowManager: Collecting in transition 378: ActivityRecord{e53174 u0 com.miui.home/.launcher.Launcher t2} init visibleRequested:false
12-05 12:17:44.902  1634  1634 D CompatChangeReporter: Compat change id reported: 151861875; UID 1000; state: ENABLED
12-05 12:17:44.902  1634  3943 W WindowManager: Changing focus from Window{8e282e9 u0 com.miui.securitycenter/com.miui.appmanager.ApplicationsDetailsActivity} to null displayId=0 Callers=com.android.server.wm.RootWindowContainer.updateFocusedWindowLocked:602 com.android.server.wm.WindowManagerService.updateFocusedWindowLocked:7173 com.android.server.wm.ActivityTaskManagerService.setLastResumedActivityUncheckLocked:5842 com.android.server.wm.ActivityTaskSupervisor.updateTopResumedActivityIfNeeded:2450 
12-05 12:17:44.903  1634  3943 D WindowManager: wms.Input focus has changed to null display=0 updateInputWindows = true
12-05 12:17:44.903  1634  3943 I MultiSenceManagerInternalStub: getInstance
12-05 12:17:44.904  1634  2631 D ShortcutService: rescanPackageIfNeeded 0@com.miui.securitycenter, forceRescan=false , isNewApp=false
12-05 12:17:44.910  1634  3943 D WindowManager: Set transition=TransitionRecord{99ef6a6 id=378 type=CLOSE flags=0x0}, ready=true, SyncId=378 
12-05 12:17:44.912  1634  3943 D MiuiRefreshRatePolicy: reset
12-05 12:17:44.913  1634  3943 I BLASTSyncEngine: SyncGroup 378:  Unfinished container:ActivityRecord{e53174 u0 com.miui.home/.launcher.Launcher t2}
12-05 12:17:44.913  1634  3943 I BLASTSyncEngine: isActivitySyncFinished isSyncFinished false ActivityRecord{e53174 u0 com.miui.home/.launcher.Launcher t2}
12-05 12:17:44.917  1634  1915 D MiuiMultiWindowUtils: DeviceLevel.IS_MIUI_LITE_VERSION 2.0 not support miui multiWindowtides
12-05 12:17:44.919  2340  2436 I MultiTaskingTaskRepository: no MULTI_WINDOW, but base activity is null
12-05 12:17:44.919  2340  2436 I MultiTaskingTaskRepository: needSkip: is home task
12-05 12:17:44.919  2340  2436 D MiuiFreeformModeController: onFocusTaskChanged taskInfo: TaskInfo{userId=0 taskId=1 displayId=0 isRunning=true baseIntent=Intent { act=android.intent.action.MAIN cat=[android.intent.category.HOME] flg=0x10000100 cmp=com.miui.home/.launcher.Launcher } baseActivity=ComponentInfo{com.miui.home/com.miui.home.launcher.Launcher} topActivity=ComponentInfo{com.miui.home/com.miui.home.launcher.Launcher} origActivity=null realActivity=null numActivities=1 lastActiveTime=31662 supportsSplitScreenMultiWindow=true supportsMultiWindow=true resizeMode=2 isResizeable=true minWidth=-1 minHeight=-1 defaultMinSize=200 token=WCT{android.window.IWindowContainerToken$Stub$Proxy@ea9efcb} topActivityType=2 pictureInPictureParams=null shouldDockBigOverlays=false launchIntoPipHostTaskId=-1 lastParentTaskIdBeforePip=-1 displayCutoutSafeInsets=null topActivityInfo=ActivityInfo{76d23a8 com.miui.home.launcher.Launcher} launchCookies=[] positionInParent=Point(0, 0) parentTaskId=-1 isFocused=true isVisible=false isVisibleRequested=true isSleeping=false locusId=null displayAreaFeatureId=1 isTopActivityTransparent=false appCompatTaskInfo=AppCompatTaskInfo { topActivityInSizeCompat=false topActivityEligibleForLetterboxEducation= falseisLetterboxEducationEnabled= false isLetterboxDoubleTapEnabled= false topActivityEligibleForUserAspectRatioButton= false topActivityBoundsLetterboxed= false isFromLetterboxDoubleTap= false topActivityLetterboxVerticalPosition= -1 topActivityLetterboxHorizontalPosition= -1 topActivityLetterboxWidth=1080 topActivityLetterboxHeight=2460 isUserFullscreenOverrideEnabled=false isSystemFullscreenOverrideEnabled=false cameraCompatTaskInfo=CameraCompatTaskInfo { cameraCompatControlState=hidden freeformCameraCompatMode=inactive}} isImmersive=false mTopActivityRequestOrientation=-2 mBehindAppLockPkg=null mOriginatingUid=0 isEmbedded=false shouldBeVisible=true mIsCastMode=false mTopActivityMediaSize=null mTopActivityRecordName=ActivityRecord{e53174 u0 com.miui.home/.launcher.Launcher t2} mTopActivityOrientation=1}
12-05 12:17:44.925  5432  6156 W ContextImpl: Calling a method in the system process without a qualified user: android.app.ContextImpl.startForegroundService:1968 android.content.ContextWrapper.startForegroundService:869 androidx.core.content.g.a:0 q3.k.d:76 s2.j.y:77 
12-05 12:17:44.956 23915 23915 I ActivityThread: TrafficStats init done
12-05 12:17:44.983 23915 23915 I ActivityThread: Miui Feature Init done
12-05 12:17:44.999  2340  2340 D MiuiCameraCoveredManager: java.lang.NullPointerException: Attempt to invoke virtual method 'java.lang.String android.provider.MiuiSettings$SettingsCloudData$CloudData.getString(java.lang.String, java.lang.String)' on a null object reference
12-05 12:17:45.016  6360  6584 D MilletUtils: setUidState, uid = 10165 allow = true
12-05 12:17:45.043  1634  2631 W AppOpService: Ignored setUidMode call for runtime permission app op: uid = 10296, code = RECEIVE_WAP_PUSH, mode = allow, callingUid = 1001, oldMode = allow
12-05 12:17:45.059  1634  4729 D MiuiRefreshRatePolicy: reset
12-05 12:17:45.061  1634  4729 I BLASTSyncEngine: SyncGroup 378:  Unfinished container:ActivityRecord{e53174 u0 com.miui.home/.launcher.Launcher t2}
12-05 12:17:45.061  1634  4729 I BLASTSyncEngine: isActivitySyncFinished isSyncFinished false ActivityRecord{e53174 u0 com.miui.home/.launcher.Launcher t2}
12-05 12:17:45.063  1634  2631 W AppOpService: Ignored setUidMode call for runtime permission app op: uid = 10296, code = READ_CELL_BROADCASTS, mode = allow, callingUid = 1001, oldMode = allow
12-05 12:17:45.078  1634  1954 D ShortcutService: Saving package item android to /data/system_ce/0/shortcut_service/launchers/android0.xml
12-05 12:17:45.101  1634  1669 D MiuiRefreshRatePolicy: reset
12-05 12:17:45.102  1634  1669 I PowerManagerServiceImpl: Acquire wakelock: SCREEN_BRIGHT_WAKE_LOCK           'WindowManager/displayId:0' ON_AFTER_RELEASE (uid=1000 pid=1634 pkg=android ws=WorkSource{1000 com.android.systemui})
12-05 12:17:45.103  1634  1669 I BLASTSyncEngine: SyncGroup 378:  Unfinished container:ActivityRecord{e53174 u0 com.miui.home/.launcher.Launcher t2}
12-05 12:17:45.103  1634  1669 I BLASTSyncEngine: isActivitySyncFinished isSyncFinished false ActivityRecord{e53174 u0 com.miui.home/.launcher.Launcher t2}
12-05 12:17:45.115  1634  1669 I WindowManager: wms.showSurfaceRobustly mWin:Window{4b1ec60 u0 Toast}
12-05 12:17:45.138  1634  1954 D ShortcutService: Saving package item com.android.systemui to /data/system_ce/0/shortcut_service/launchers/com.android.systemui0.xml
12-05 12:17:45.142  1634  4119 W AppOpService: Ignored setUidMode call for runtime permission app op: uid = 1001, code = READ_SMS, mode = allow, callingUid = 1001, oldMode = allow
12-05 12:17:45.145  1634  3969 W AppOpService: Ignored setUidMode call for runtime permission app op: uid = 1001, code = RECEIVE_SMS, mode = allow, callingUid = 1001, oldMode = allow
12-05 12:17:45.146  1634  4119 W AppOpService: Ignored setUidMode call for runtime permission app op: uid = 1001, code = RECEIVE_WAP_PUSH, mode = allow, callingUid = 1001, oldMode = allow
12-05 12:17:45.148  1634  4119 W AppOpService: Ignored setUidMode call for runtime permission app op: uid = 1001, code = SEND_SMS, mode = allow, callingUid = 1001, oldMode = allow
12-05 12:17:45.149  1634  2631 W AppOpService: Ignored setUidMode call for runtime permission app op: uid = 1001, code = READ_CELL_BROADCASTS, mode = allow, callingUid = 1001, oldMode = allow
12-05 12:17:45.187  1634  1954 D ShortcutService: Saving package item com.miui.home to /data/system_ce/0/shortcut_service/launchers/com.miui.home0.xml
12-05 12:17:45.298  1634  1681 W MagnificationConnectionManager: requestConnection duplicated request: connect=false, mConnectionState=DISCONNECTED
12-05 12:17:45.312  1634  1678 D HeapUsage Monitor: HeapAllocSize : 150MB; monitorSize : 500MB
12-05 12:17:45.642  1634  1926 D MiuiSentinelService: begin judgment FdAmountLeakException
12-05 12:17:45.767  1634  1685 W ActivityManager: Slow operation: 850ms so far, now at startProcess: returned from zygote!
12-05 12:17:45.770  1634  1634 W Looper  : Slow dispatch took 925ms main h=android.app.ActivityThread$H c=android.app.LoadedApk$ReceiverDispatcher$Args$$ExternalSyntheticLambda0@4b8da2a m=0
12-05 12:17:45.773  1634  1634 W Looper  : Slow delivery took 962ms main h=android.app.ActivityThread$H c=android.app.LoadedApk$ReceiverDispatcher$Args$$ExternalSyntheticLambda0@a7aa3d0 m=0
12-05 12:17:45.776  1634  1779 I RollbackManager: broadcast=ACTION_PACKAGE_FULLY_REMOVED pkg=com.example.gestor_money
12-05 12:17:45.781  1634  1634 D MBrainLocalService: isVendorFreezeConditionPass is false
12-05 12:17:45.781  1634  1634 E AppStateIntentReceiver: notifyChange failed
12-05 12:17:45.791  1634  1634 I Telecom : CarModeTracker: Package com.example.gestor_money is not tracked.: SSH.oR@E/I
12-05 12:17:45.791  1634  1634 I Telecom-InCallController: updateCarModeForConnections: car mode apps: : SSH.oR@E/I
12-05 12:17:45.792  1634  1634 I Telecom-InCallController: update carmode current:UserHandle{0} parent:null: SSH.oR@E/I
12-05 12:17:45.793  1634  1634 D MBrainLocalService: isVendorFreezeConditionPass is false
12-05 12:17:45.793  1634  1634 E MBrainLocalService: notifyAppSwitch failed
12-05 12:17:45.802  1634  1666 D Aurogon :  uid = 10165 switch to FG
12-05 12:17:45.811  1634  2630 I ActivityManager: Background started FGS: Allowed [callingPackage: com.miui.securitycenter; callingUid: 1000; uidState: PER ; uidBFSL: [BFSL]; intent: Intent { act=com.miui.cleaner.GARBAGE_PKG_REMOVED pkg=com.miui.cleaner (has extras) }; code:PROC_STATE_PERSISTENT; tempAllowListReason:<keychain,reasonCode:KEY_CHAIN,duration:30000,callingUid:1000>; targetSdkVersion:34; callerTargetSdkVersion:34; startForegroundCount:0; bindFromPackage:null: isBindService:false]
12-05 12:17:45.964  1634  1684 D Persistence: writeHistoricalOpsDLocked 5 ms.
12-05 12:17:45.970  1634  1684 D Persistence: writeHistoricalOpsDLocked 6 ms.
12-05 12:17:45.985  1634  1684 D Persistence: writeHistoricalOpsDLocked 15 ms.
12-05 12:17:46.008  1634  1684 D Persistence: writeHistoricalOpsDLocked 22 ms.
12-05 12:17:46.023  1634  1684 D Persistence: writeHistoricalOpsDLocked 13 ms.
12-05 12:17:46.047  5432  6156 W ContextImpl: Calling a method in the system process without a qualified user: android.app.ContextImpl.sendBroadcast:1275 android.content.ContextWrapper.sendBroadcast:527 mb.q.D:34 s2.j.y:80 s2.j.k:0 
12-05 12:17:46.048  1634  1902 D isUidValid: uid = 10152
12-05 12:17:46.048  1634  3825 W ActivityManager: Slow operation: 1131ms so far, now at startProcess: done updating battery stats
12-05 12:17:46.049  1634  3825 W ActivityManager: Slow operation: 1132ms so far, now at startProcess: building log message
12-05 12:17:46.049  1634  3825 I ActivityManager: Start proc 23940:com.android.keychain/1000 for service {com.android.keychain/com.android.keychain.KeyChainService} caller=android
12-05 12:17:46.049  1634  3825 W ActivityManager: Slow operation: 1132ms so far, now at startProcess: starting to update pids map
12-05 12:17:46.050  1634  3825 W ActivityManager: Slow operation: 1132ms so far, now at startProcess: done updating pids map
12-05 12:17:46.050  1634  3825 I SmartPower: com.android.keychain/1000(23940): died->invisible(42510ms) R(process start ) adj=-10000.
12-05 12:17:46.059  1634  1685 W ActivityManager: Slow operation: 264ms so far, now at startProcess: asking zygote to start proc
12-05 12:17:46.059 23940 23958 D MiuiDownscaleImpl: set override inverted scale : 1.0
12-05 12:17:46.068  1634  4729 E JobScheduler: ResourceBudgetManagerInternal is null
12-05 12:17:46.070  1634  7907 W AppOps  : setUidMode() called with a mode inconsistent with runtime permission state, this is discouraged and you should revoke the runtime permission instead: uid=10160, switchCode=0, mode=4, permission=android.permission.ACCESS_BACKGROUND_LOCATION
12-05 12:17:46.070  1634  7907 E AppOpService: Blocked setUidMode call for runtime permission app op: uid = 10160, code = COARSE_LOCATION, mode = foreground, callingUid = 1000, oldMode = allow
12-05 12:17:46.070  1634  7907 E AppOpService: java.lang.RuntimeException
12-05 12:17:46.070  1634  7907 E AppOpService: 	at com.android.server.permission.access.appop.AppOpService.setUidMode(AppOpService.kt:286)
12-05 12:17:46.070  1634  7907 E AppOpService: 	at com.android.server.appop.AppOpsCheckingServiceTracingDecorator.setUidMode(AppOpsCheckingServiceTracingDecorator.java:120)
12-05 12:17:46.070  1634  7907 E AppOpService: 	at com.android.server.appop.AppOpsService.setUidMode(AppOpsService.java:2143)
12-05 12:17:46.070  1634  7907 E AppOpService: 	at com.android.server.appop.AppOpsService.setUidMode(AppOpsService.java:2093)
12-05 12:17:46.070  1634  7907 E AppOpService: 	at android.app.AppOpsManager.setUidMode(AppOpsManager.java:8329)
12-05 12:17:46.070  1634  7907 E AppOpService: 	at com.android.role.controller.model.Permissions.setAppOpModeAsUser(Permissions.java:908)
12-05 12:17:46.070  1634  7907 E AppOpService: 	at com.android.role.controller.model.Permissions.setAppOpUidModeAsUser(Permissions.java:885)
12-05 12:17:46.070  1634  7907 E AppOpService: 	at com.android.role.controller.model.Permissions.grantPermissionAndAppOpAsUser(Permissions.java:373)
12-05 12:17:46.070  1634  7907 E AppOpService: 	at com.android.role.controller.model.Permissions.grantSingleAsUser(Permissions.java:247)
12-05 12:17:46.070  1634  7907 E AppOpService: 	at com.android.role.controller.model.Permissions.grantAsUser(Permissions.java:205)
12-05 12:17:46.070  1634  7907 E AppOpService: 	at com.android.role.controller.model.Role.grantAsUser(Role.java:867)
12-05 12:17:46.070  1634  7907 E AppOpService: 	at com.android.role.controller.service.RoleControllerServiceImpl.addRoleHolderInternal(RoleControllerServiceImpl.java:380)
12-05 12:17:46.070  1634  7907 E AppOpService: 	at com.android.role.controller.service.RoleControllerServiceImpl.onGrantDefaultRoles(RoleControllerServiceImpl.java:163)
12-05 12:17:46.070  1634  7907 E AppOpService: 	at com.android.role.LocalRoleController.lambda$grantDefaultRoles$1(LocalRoleController.java:56)
12-05 12:17:46.070  1634  7907 E AppOpService: 	at com.android.role.LocalRoleController.$r8$lambda$ye-flP7Mf14AbTzwSmiTgndT6Cg(LocalRoleController.java:0)
12-05 12:17:46.070  1634  7907 E AppOpService: 	at com.android.role.LocalRoleController$$ExternalSyntheticLambda1.run(R8$$SyntheticClass:0)
12-05 12:17:46.070  1634  7907 E AppOpService: 	at android.os.Handler.handleCallback(Handler.java:959)
12-05 12:17:46.070  1634  7907 E AppOpService: 	at android.os.Handler.dispatchMessage(Handler.java:100)
12-05 12:17:46.070  1634  7907 E AppOpService: 	at android.os.Looper.loopOnce(Looper.java:249)
12-05 12:17:46.070  1634  7907 E AppOpService: 	at android.os.Looper.loop(Looper.java:337)
12-05 12:17:46.070  1634  7907 E AppOpService: 	at android.os.HandlerThread.run(HandlerThread.java:85)
12-05 12:17:46.071 23940 23974 D ActivityThread: the event that target app starts is : AppLaunchEvent{mType='441', mProcessName='com.android.keychain', mPackageName='com.android.keychain', mIsMainProcess='true', mVersionCode='35', mLaunchTime='2025-12-05'}
12-05 12:17:46.074  1634  7907 W AppOpService: Ignored setUidMode call for runtime permission app op: uid = 10141, code = FINE_LOCATION, mode = foreground, callingUid = 1000, oldMode = foreground
12-05 12:17:46.074  1634  7907 W AppOpService: Ignored setUidMode call for runtime permission app op: uid = 10141, code = COARSE_LOCATION, mode = foreground, callingUid = 1000, oldMode = foreground
12-05 12:17:46.083  1634  1634 W Looper  : Slow dispatch took 283ms main h=android.os.Handler c=com.android.server.BatteryService$$ExternalSyntheticLambda9@a157397 m=0
12-05 12:17:46.086  2010  2010 W Activity: PerfMonitor: Slow Operation: Activity com.miui.home/.launcher.Launcher onStart took 1170ms
12-05 12:17:46.087  1634  1668 D SchedBoost: com.miui.securitycenter boosting, skip reset priority
12-05 12:17:46.090  1634  1916 E RTMode  : Error: package name null
12-05 12:17:46.094  1634  1685 W ActivityManager: Slow operation: 300ms so far, now at startProcess: returned from zygote!
12-05 12:17:46.099  2010  2010 D UserSceneDetector: invoke error.
12-05 12:17:46.103  2340  2436 D SoScSplitScreenController: updateDividerFixedState isFixed:true
12-05 12:17:46.107  1634  3825 D MiuiRefreshRatePolicy: reset
12-05 12:17:46.108  1634  3825 I BLASTSyncEngine: SyncGroup 378:  Unfinished container:ActivityRecord{e53174 u0 com.miui.home/.launcher.Launcher t2}
12-05 12:17:46.108  1634  3825 I BLASTSyncEngine: isActivitySyncFinished isSyncFinished false ActivityRecord{e53174 u0 com.miui.home/.launcher.Launcher t2}
12-05 12:17:46.110  1634  3825 W WindowManager: Changing focus from null to Window{eb16e7a u0 com.miui.home/com.miui.home.launcher.Launcher} displayId=0 Callers=com.android.server.wm.RootWindowContainer.updateFocusedWindowLocked:602 com.android.server.wm.WindowManagerService.updateFocusedWindowLocked:7173 com.android.server.wm.WindowManagerService.relayoutWindowInner:3075 com.android.server.wm.WindowManagerService.relayoutWindow:2723 
12-05 12:17:46.119  1634  3825 D WindowManager: wms.Input focus has changed to Window{eb16e7a u0 com.miui.home/com.miui.home.launcher.Launcher} display=0 updateInputWindows = true
12-05 12:17:46.120  1634  3825 I MultiSenceManagerInternalStub: getInstance
12-05 12:17:46.120  1634  1936 I MultiSenceManagerInternalStubImpl: packageName = com.miui.home
12-05 12:17:46.121  1634  1936 W ContextImpl: Calling a method in the system process without a qualified user: android.app.ContextImpl.sendBroadcast:1260 com.android.server.wm.MultiSenceManagerInternalStubImpl.sendFocusWindowsBroadcast:148 com.android.server.wm.MultiSenceManagerInternalStubImpl$UpdateScreenStatus.run:98 android.os.Handler.handleCallback:959 android.os.Handler.dispatchMessage:100 
12-05 12:17:46.122  1634  3825 I WindowManager: Relayout Window{eb16e7a u0 com.miui.home/com.miui.home.launcher.Launcher}: oldVis=8 newVis=0 focusMayChange = true requestedWidth = 1080 requestedHeight = 2460 outFrames = ClientWindowFrames{frame=[0,0][1080,2460] display=[0,0][1080,2460] parentFrame=[0,0][0,0]} outSurfaceControl = Surface(name=com.miui.home/com.miui.home.launcher.Launcher#7118)/@0x44ac525
12-05 12:17:46.127 23940 23940 I ActivityThread: TrafficStats init done
12-05 12:17:46.130  1634  1634 W JobScheduler.JobStatus: Exempted app com.claro.claromusica.latam considered buggy
12-05 12:17:46.135  1634  1669 D WindowManager: Collecting in transition 378: WallpaperWindowToken{14e65a4 token=android.os.Binder@3374c37} init visibleRequested:false
12-05 12:17:46.135  1634  1669 D WindowManager: Collecting in transition 378: WallpaperWindowToken{14e65a4 token=android.os.Binder@3374c37} init visibleRequested:false
12-05 12:17:46.136  1634  1669 D WindowManager: Collecting in transition 378: WallpaperWindowToken{67272c5 token=android.os.Binder@d56c53c} init visibleRequested:false
12-05 12:17:46.136  1634  1669 D WindowManager: Collecting in transition 378: WallpaperWindowToken{67272c5 token=android.os.Binder@d56c53c} init visibleRequested:false
12-05 12:17:46.137  1634  1775 E JobScheduler.Background: Couldn't determine stopped state for unknown package: com.google.android.apps.turbo
12-05 12:17:46.137  1634  1775 E JobScheduler.Background: Couldn't determine stopped state for unknown package: com.google.android.apps.turbo
12-05 12:17:46.137  1634  1775 E JobScheduler.Background: Couldn't determine stopped state for unknown package: com.google.android.apps.turbo
12-05 12:17:46.137  1634  1775 E JobScheduler.Background: Couldn't determine stopped state for unknown package: com.google.android.apps.turbo
12-05 12:17:46.137  1634  1669 D MiuiRefreshRatePolicy: reset
12-05 12:17:46.137  1634  1775 E JobScheduler.Background: Couldn't determine stopped state for unknown package: com.google.android.apps.turbo
12-05 12:17:46.139  1634  1685 W ActivityManager: Slow operation: 344ms so far, now at startProcess: done updating battery stats
12-05 12:17:46.139  1634  1669 I BLASTSyncEngine: SyncGroup 378:  Unfinished container:ActivityRecord{e53174 u0 com.miui.home/.launcher.Launcher t2}
12-05 12:17:46.141  1634  1685 W ActivityManager: Slow operation: 347ms so far, now at startProcess: building log message
12-05 12:17:46.142  1634  1669 I BLASTSyncEngine: isActivitySyncFinished isSyncFinished false ActivityRecord{e53174 u0 com.miui.home/.launcher.Launcher t2}
12-05 12:17:46.142  1634  1669 D MiuiRefreshRatePolicy: reset
12-05 12:17:46.143  1634  1685 I ActivityManager: Start proc 23976:com.android.chrome/u0a181 for broadcast {com.android.chrome/org.chromium.chrome.browser.browserservices.InstalledWebappBroadcastReceiver} caller=null
12-05 12:17:46.143  1634  1685 W ActivityManager: Slow operation: 349ms so far, now at startProcess: starting to update pids map
12-05 12:17:46.144  1634  1634 I ConditionProviders: Disallowing condition provider com.example.gestor_money (userSet: true)
12-05 12:17:46.145  1634  1669 I BLASTSyncEngine: SyncGroup 378:  Unfinished container:ActivityRecord{e53174 u0 com.miui.home/.launcher.Launcher t2}
12-05 12:17:46.145  1634  1669 I BLASTSyncEngine: isActivitySyncFinished isSyncFinished false ActivityRecord{e53174 u0 com.miui.home/.launcher.Launcher t2}
12-05 12:17:46.146  1634  1685 W ActivityManager: Slow operation: 351ms so far, now at startProcess: done updating pids map
12-05 12:17:46.151  1634  1669 I WindowManager: wms.showSurfaceRobustly mWin:Window{b09d26e u0 com.miui.miwallpaper.wallpaperservice.ImageWallpaper}
12-05 12:17:46.151  1634  1669 I WindowManager: wms.showSurfaceRobustly mWin:Window{5ae1dd5 u0 com.miui.miwallpaper.wallpaperservice.MiuiKeyguardPictorialWallpaper}
12-05 12:17:46.153  1634  1685 W ActivityManager: Slow operation: 110ms so far, now at startProcess: asking zygote to start proc
12-05 12:17:46.155  1634  1874 E NotificationVibratorHelper: Error creating vibration waveform with pattern: [0]
12-05 12:17:46.162  1634  3955 D PackageManager: set app component=ComponentInfo{com.facebook.services/com.facebook.oxygen.services.helium.trampoline.HeliumSandboxedService} enabled state: 1 from com.facebook.services,uid=10173,pid=23915
12-05 12:17:46.166  1634  1634 W Looper  : Drained
12-05 12:17:46.168  1634  1649 D PackageManager: set app component=ComponentInfo{com.facebook.services/com.facebook.oxygen.services.helium.trampoline.HeliumSandboxedService0} enabled state: 1 from com.facebook.services,uid=10173,pid=23915
12-05 12:17:46.172  1634  2655 D PackageManager: set app component=ComponentInfo{com.facebook.services/com.facebook.oxygen.services.helium.trampoline.HeliumSandboxedService1} enabled state: 1 from com.facebook.services,uid=10173,pid=23915
12-05 12:17:46.174  1634 23601 D IntervalStats: Unable to parse usage stats packages: [361, 363, 365, 378, 381, 383, 407, 412, 424, 463, 485, 514]
12-05 12:17:46.175  1634  7907 W AppOpService: Ignored setUidMode call for runtime permission app op: uid = 10181, code = FINE_LOCATION, mode = foreground, callingUid = 1000, oldMode = foreground
12-05 12:17:46.176  1634  7907 W AppOpService: Ignored setUidMode call for runtime permission app op: uid = 10181, code = COARSE_LOCATION, mode = foreground, callingUid = 1000, oldMode = foreground
12-05 12:17:46.178  1634 23601 D IntervalStats: Unable to parse usage stats packages: [19, 77, 356, 358, 359, 361, 363, 364, 365, 366, 367, 368, 369, 370, 371, 373, 374, 376, 377, 378, 379, 380, 381, 382, 383, 386, 387, 388, 389, 392, 393, 395, 398, 399, 400, 401, 402, 403, 404, 407, 408, 409, 410, 411, 412, 413, 414, 415, 417, 418, 419, 420, 421, 424, 425, 426, 433, 434, 435, 436, 437, 439, 440, 441, 442, 444, 448, 449, 450, 451, 452, 453, 455, 456, 457, 458, 459, 460, 461, 462, 463, 464, 465, 466, 467, 468, 469, 470, 471, 473, 474, 475, 476, 477, 478, 479, 480, 481, 482, 483, 484, 485, 486, 487, 488, 489, 490, 491, 492, 493, 494, 495, 496, 497, 498, 499, 500, 501, 503, 504, 505, 506, 507, 508, 509, 510, 511, 512, 514, 515, 516, 541, 547, 549, 550, 556, 558, 560, 562, 563, 564, 567]
12-05 12:17:46.183 23940 23940 I ActivityThread: Miui Feature Init done
12-05 12:17:46.187  1634  1685 W ActivityManager: Slow operation: 143ms so far, now at startProcess: returned from zygote!
12-05 12:17:46.191  1634  4325 D WindowManager: wms.finishDrawingLocked: mDrawState=COMMIT_DRAW_PENDING Window{eb16e7a u0 com.miui.home/com.miui.home.launcher.Launcher} in Surface(name=com.miui.home/com.miui.home.launcher.Launcher#7118)/@0xbed3e8f
12-05 12:17:46.207  1634  1669 D MiuiRefreshRatePolicy: reset
12-05 12:17:46.209  1634  1669 D miuiBarFollowAnimation:  BarFollowAnimation core services Flag is effective
12-05 12:17:46.209  1634  1669 D miuiElementAnimation:  ElementAnimation core services Flag is effective
12-05 12:17:46.211  1634  1669 I WindowManager: wms.showSurfaceRobustly mWin:Window{eb16e7a u0 com.miui.home/com.miui.home.launcher.Launcher}
12-05 12:17:46.212  1634  1669 D WindowManager: Final targets: [Task{42a400d #1 type=home}, Task{e97b635 #1535 type=standard A=1000:com.android.settings}, WallpaperWindowToken{67272c5 token=android.os.Binder@d56c53c}, WallpaperWindowToken{14e65a4 token=android.os.Binder@3374c37}]
12-05 12:17:46.229  2340  2436 I MultiTaskingTaskRepository: needSkip: is home task
12-05 12:17:46.229  2340  2436 W MultiTaskingTaskRepository: putOrUpdateTaskInfo skip
12-05 12:17:46.229  2340  2436 I MultiTaskingTaskRepository: needSkip: is home task
12-05 12:17:46.229  2340  2436 W MultiTaskingTaskRepository: onToBackTransitionReady putOrUpdateTaskInfo skip
12-05 12:17:46.231  2340  2436 D MiuiFreeformModeAnimation: startAnimation change: {WCT{android.window.IWindowContainerToken$Stub$Proxy@498c252} m=TO_FRONT f=SHOW_WALLPAPER|MOVE_TO_TOP leash=Surface(name=Task=1#47)/@0xe0d81a1 sb=Rect(0, 0 - 1080, 2460) eb=Rect(0, 0 - 1080, 2460) d=0 taskParent=-1} info.getType(): 2
12-05 12:17:46.231  2340  2436 D MiuiFreeformModeAnimation: startAnimation change: {WCT{android.window.IWindowContainerToken$Stub$Proxy@dabe923} m=CLOSE f=NONE leash=Surface(name=Task=1535#7088)/@0xcc56fc6 sb=Rect(0, 0 - 1080, 2460) eb=Rect(0, 0 - 1080, 2460) d=0 taskParent=-1} info.getType(): 2
12-05 12:17:46.231  2340  2436 D MiuiFreeformModeAnimation: startAnimation change: {null m=TO_FRONT f=IS_WALLPAPER leash=Surface(name=WallpaperWindowToken{67272c5 token=android.os.Binder@d56c53c}#53)/@0x1431b87 sb=Rect(0, 0 - 1080, 2460) eb=Rect(0, 0 - 1080, 2460) d=0} info.getType(): 2
12-05 12:17:46.231  2340  2436 D MiuiFreeformModeAnimation: startAnimation change: {null m=TO_FRONT f=IS_WALLPAPER|IS_OCCLUDED leash=Surface(name=WallpaperWindowToken{14e65a4 token=android.os.Binder@3374c37}#52)/@0xd600ab4 sb=Rect(0, 0 - 1080, 2460) eb=Rect(0, 0 - 1080, 2460) d=0} info.getType(): 2
12-05 12:17:46.231  2340  2436 D SoScStageCoordinator: inCloseTransition:false pairsStartedWithCloseTransition:false isRequestCloseTriggerTask:false inSingleSoScState:false inSoScUnactivie:true closeStage:null
12-05 12:17:46.233  2340  2436 D RemoteTransitionHandler: Found filterPair{{types=[] flags=0x0] notFlags=0x100 checks=[{atype=home independent=true modes=[OPEN,TO_FRONT] flags=NONE mustBeTask=false order=TOP topActivity=ComponentInfo{com.miui.home/com.miui.home.launcher.Launcher} launchCookie=null},{atype=standard independent=true modes=[CLOSE,TO_BACK] flags=NONE mustBeTask=false order=ANY topActivity=null launchCookie=null}]} RemoteTransition { remoteTransition = android.window.IRemoteTransition$Stub$Proxy@b33d9e3, appThread = null, debugName = null, hyperRemoteTransition = null }}
12-05 12:17:46.237  1634  1669 D WindowManager: snapshot isNothing = false source = Task{e97b635 #1535 type=standard A=1000:com.android.settings}
12-05 12:17:46.239  1634  1669 D MiuiRefreshRatePolicy: reset
12-05 12:17:46.241  2340  2436 I MultiTaskingTaskRepository: needSkip: is home task
12-05 12:17:46.252  1634  3825 W ContentProviderHelper: Slow operation: 54ms so far, now at getContentProviderImpl: done!
12-05 12:17:46.257  1634  4729 I SmartPower: com.android.chrome/10181(23976): died->background(46459ms) R(process start ) adj=-10000.
12-05 12:17:46.271  1634  1744 W UserManagerService: Requested status bar icon for non-badged user 0
12-05 12:17:46.274 23976 23994 D MiuiDownscaleImpl: set override inverted scale : 1.0
12-05 12:17:46.276  1634  1685 W ActivityManager: Slow operation: 232ms so far, now at startProcess: done updating battery stats
12-05 12:17:46.277  1634  1685 W ActivityManager: Slow operation: 234ms so far, now at startProcess: building log message
12-05 12:17:46.277  1634  1685 I ActivityManager: Start proc 23998:com.miui.cleaner/u0a152 for service {com.miui.cleaner/com.miui.optimizecenter.service.CleanerService} caller=com.miui.securitycenter
12-05 12:17:46.277  1634  1685 W ActivityManager: Slow operation: 234ms so far, now at startProcess: starting to update pids map
12-05 12:17:46.277  1634  1685 W ActivityManager: Slow operation: 234ms so far, now at startProcess: done updating pids map
12-05 12:17:46.278  1634  1685 W ActivityManager: Slow operation: 214ms so far, now at startProcess: asking zygote to start proc
12-05 12:17:46.278  1634  1649 I SmartPower: com.miui.cleaner/10152(23998): died->background(537928ms) R(process start ) adj=-10000.
12-05 12:17:46.285 23998 24014 D MiuiDownscaleImpl: set override inverted scale : 1.0
12-05 12:17:46.286  1634 24017 D IntervalStats: Unable to parse usage stats packages: [361, 363, 365, 378, 381, 383, 407, 412, 424, 463, 485, 514]
