12-05 12:17:01.241  1634  1740 D ActivityTaskManager: Not add starting window, the reason is: windowIsTranslucent = false  windowIsFloating = true  this = ActivityRecord{bcb6cf2 u0 com.miui.securitycenter/com.miui.permcenter.install.AdbInstallActivity t1533} activityName = com.miui.securitycenter/com.miui.permcenter.install.AdbInstallActivity
12-05 12:17:01.241  1634  1740 I WindowManager: Try to add startingWindow type = STARTING_WINDOW_TYPE_SPLASH_SCREEN this = ActivityRecord{bcb6cf2 u0 com.miui.securitycenter/com.miui.permcenter.install.AdbInstallActivity t1533} preAllowTaskSnapshot = true afterAllowTaskSnapshot = false newTask = true taskSwitch = true processRunning = false activityCreated = false activityAllDrawn = false isSnapshotCompatible = false resolvedTheme = 0 theme = 2131952714
12-05 12:17:01.248  1634  1634 D MBrainLocalService: isVendorFreezeConditionPass is false
12-05 12:17:01.248  1634  1634 E MBrainLocalService: notifyAppSwitch failed
12-05 12:17:01.249  1634  1740 D WindowManager: Collecting in transition 373: ActivityRecord{bcb6cf2 u0 com.miui.securitycenter/com.miui.permcenter.install.AdbInstallActivity t1533} init visibleRequested:false
12-05 12:17:01.253  1634  1740 I ActivityTaskManager: START u0 {act=android.intent.action.VIEW flg=0x18000000 cmp=com.miui.securitycenter/com.miui.permcenter.install.AdbInstallActivity (has extras)} with LAUNCH_MULTIPLE from uid 1000 from pid 1634 callingPackage pm callers: com.android.server.wm.ActivityTaskManagerService.startActivity:1480 com.android.server.am.ActivityManagerService.startActivity:3663 com.android.server.pm.PmInjector.installVerify:65 com.android.server.pm.PackageManagerServiceImpl.verifyInstallFromShell:1327  (BAL_ALLOW_VISIBLE_WINDOW) result code=0
12-05 12:17:01.259  2340  2436 I SoScStageCoordinator: Transition requested:TransitionRequestInfo { type = OPEN, triggerTask = TaskInfo{userId=0 taskId=1533 displayId=0 isRunning=true baseIntent=Intent { act=android.intent.action.VIEW flg=0x18800000 cmp=com.miui.securitycenter/com.miui.permcenter.install.AdbInstallActivity } baseActivity=ComponentInfo{com.miui.securitycenter/com.miui.permcenter.install.AdbInstallActivity} topActivity=ComponentInfo{com.miui.securitycenter/com.miui.permcenter.install.AdbInstallActivity} origActivity=null realActivity=ComponentInfo{com.miui.securitycenter/com.miui.permcenter.install.AdbInstallActivity} numActivities=1 lastActiveTime=48136225 supportsSplitScreenMultiWindow=false supportsMultiWindow=false resizeMode=0 isResizeable=false minWidth=-1 minHeight=-1 defaultMinSize=200 token=WCT{android.window.IWindowContainerToken$Stub$Proxy@70fcd6} topActivityType=1 pictureInPictureParams=null shouldDockBigOverlays=false launchIntoPipHostTaskId=-1 lastParentTaskIdBeforePip=-1 displayCutoutSafeInsets=Rect(0, 104 - 0, 0) topActivityInfo=ActivityInfo{a90b57 com.miui.permcenter.install.AdbInstallActivity} launchCookies=[] positionInParent=Point(0, 0) parentTaskId=-1 isFocused=false isVisible=false isVisibleRequested=false isSleeping=false locusId=null displayAreaFeatureId=1 isTopActivityTransparent=true appCompatTaskInfo=AppCompatTaskInfo { topActivityInSizeCompat=false topActivityEligibleForLetterboxEducation= falseisLetterboxEducationEnabled= false isLetterboxDoubleTapEnabled= false topActivityEligibleForUserAspectRatioButton= false topActivityBoundsLetterboxed= false isFromLetterboxDoubleTap= false topActivityLetterboxVerticalPosition= -1 topActivityLetterboxHorizontalPosition= -1 topActivityLetterboxWidth=1080 topActivityLetterboxHeight=2460 isUserFullscreenOverrideEnabled=false isSystemFullscreenOverrideEnabled=false cameraCompatTaskInfo=CameraCompatTaskInfo { cameraCompatControlState=hidden freeformCameraCompatMode=inactive}} isImmersive=false mTopActivityRequestOrientation=-2 mBehindAppLockPkg=null mOriginatingUid=0 isEmbedded=false shouldBeVisible=true mIsCastMode=false mTopActivityMediaSize=null mTopActivityRecordName=ActivityRecord{bcb6cf2 u0 com.miui.securitycenter/com.miui.permcenter.install.AdbInstallActivity t1533} mTopActivityOrientation=-2}, pipTask = null, remoteTransition = null, displayChange = null, flags = 0, debugId = 373 } isSoScActive:false triggerTask:TaskInfo{userId=0 taskId=1533 displayId=0 isRunning=true baseIntent=Intent { act=android.intent.action.VIEW flg=0x18800000 cmp=com.miui.securitycenter/com.miui.permcenter.install.AdbInstallActivity } baseActivity=ComponentInfo{com.miui.securitycenter/com.miui.permcenter.install.AdbInstallActivity} topActivity=ComponentInfo{com.miui.securitycenter/com.miui.permcenter.install.AdbInstallActivity} origActivity=null realActivity=ComponentInfo{com.miui.securitycenter/com.miui.permcenter.install.AdbInstallActivity} numActivities=1 lastActiveTime=48136225 supportsSplitScreenMultiWindow=false supportsMultiWindow=false resizeMode=0 isResizeable=false minWidth=-1 minHeight=-1 defaultMinSize=200 token=WCT{android.window.IWindowContainerToken$Stub$Proxy@70fcd6} topActivityType=1 pictureInPictureParams=null shouldDockBigOverlays=false launchIntoPipHostTaskId=-1 lastParentTaskIdBeforePip=-1 displayCutoutSafeInsets=Rect(0, 104 - 0, 0) topActivityInfo=ActivityInfo{a90b57 com.miui.permcenter.install.AdbInstallActivity} launchCookies=[] positionInParent=Point(0, 0) parentTaskId=-1 isFocused=false isVisible=false isVisibleRequested=false isSleeping=false locusId=null displayAreaFeatureId=1 isTopActivityTransparent=true appCompatTaskInfo=AppCompatTaskInfo { topActivityInSizeCompat=false topActivityEligibleForLetterboxEducation= falseisLetterboxEducationEnabled= false isLetterboxDoubleTapEnabled= false topActivityEligibleForUserAspectRatioButton= false topActivityBoundsLetterboxed= false isFromLetterboxDoubleTap= false topActivityLetterboxVerticalPosition= -1 topActivityLetterboxHorizontalPosition= -1 topActivityLetterboxWidth=1080 topActivityLetterboxHe
12-05 12:17:01.259  2340  2436 I SoScUtils: monitorTransitionRequest mRequestOpenTransition:null mRequestOpenTriggerTask:-1 mRequestCloseTransition:null mRequestCloseTriggerTask:-1 mRequestCloseStageType:-1
12-05 12:17:01.260  1634  4119 D WindowManager: Set transition=TransitionRecord{79dc7fd id=373 type=OPEN flags=0x0}, ready=false, SyncId=373 used=true, override=false, defer=0, states=Display{#0 state=ON size=1080x2460 ROTATION_0}:false
12-05 12:17:01.261  2340  2436 D OneHandedController: stopOneHanded state is 0
12-05 12:17:01.261  2340  2436 D OneHandedController: stopOneHanded state is 0
12-05 12:17:01.267  1634  3953 D WindowManager: Collecting in transition 373: ActivityRecord{bcb6cf2 u0 com.miui.securitycenter/com.miui.permcenter.install.AdbInstallActivity t1533} init visibleRequested:false
12-05 12:17:01.269 22473 22473 D ActivityThread: Loading provider app.revanced.android.gms.microg.settings: org.microg.gms.settings.SettingsProvider
12-05 12:17:01.270  1634  3953 D MiuiRefreshRatePolicy: reset
12-05 12:17:01.286  1634  1685 I ActivityManager: Start proc 15847:com.miui.securitycenter/1000 for next-top-activity {com.miui.securitycenter/com.miui.permcenter.install.AdbInstallActivity} caller=pm
12-05 12:17:01.307  1634  1634 D MBrainLocalService: isVendorFreezeConditionPass is false
12-05 12:17:01.307  1634  1634 D MBrainLocalService: notifyNetworkChange failed
12-05 12:17:01.323  1634  3953 D PackageManager: set app component=ComponentInfo{app.revanced.android.gms/androidx.work.impl.background.systemjob.SystemJobService} enabled state: 1 from app.revanced.android.gms,uid=10362,pid=22473
12-05 12:17:01.346  1634  1744 I SmartPower: com.miui.securitycenter/1000(15847): died->invisible(494110ms) R(process start ) adj=-10000.
12-05 12:17:01.353  1634  1930 I SmartPower: com.miui.analytics/10175(18501): background->idle(3002ms) R(service unbind com.miui.analytics/.onetrack.OneTrackService) adj=100.
12-05 12:17:01.356  1634  1666 D Aurogon :  uid = 1000 switch to FG
12-05 12:17:01.356  1634  1744 W MiuiBoosterUtils: enable_miuibooster_launch : false
12-05 12:17:01.358 15847 22517 D MiuiDownscaleImpl: set override inverted scale : 1.0
12-05 12:17:01.361  1634  1902 D isUidValid: uid = 10362
12-05 12:17:01.364 15847 22521 D ActivityThread: the event that target app starts is : AppLaunchEvent{mType='441', mProcessName='com.miui.securitycenter', mPackageName='com.miui.securitycenter', mIsMainProcess='true', mVersionCode='40001110', mLaunchTime='2025-12-05'}
12-05 12:17:01.373 22473 22473 D FramePredict: FramePredict init: true
12-05 12:17:01.430 15847 15847 I ActivityThread: TrafficStats init done
12-05 12:17:01.437 15847 15847 I ActivityThread: Miui Feature Init done
12-05 12:17:01.532  1634  3953 D CompatChangeReporter: Compat change id reported: 261072174; UID 1000; state: ENABLED
12-05 12:17:01.548 15847 15847 D MiuiMultiWindowUtils: freeform resolution args raw data:{  "wide_default":{    "freeform_args": {        "vertical_portrait":{"aspect_ratio":0.626, "original_ratio":0.5643,"original_scale":0.74,"top_margin":0.168,"left_margin":0.484},        "horizontal_portrait":{"aspect_ratio":0.626, "original_ratio":0.5643,"original_scale":0.74,"top_margin":0.1222,"left_margin":0.59745},        "vertical_landscape":{"aspect_ratio":1.6, "original_ratio":1,"original_scale":0.604,"top_margin":0.2596,"left_margin":0.2624},        "horizontal_landscape":{"aspect_ratio":1.6, "original_ratio":1,"original_scale":0.604,"top_margin":0.213,"left_margin":0.3758}    },    "mini_freeform_args":{        "vertical_portrait":{"original_ratio":0.147},        "horizontal_portrait":{"original_ratio":0.147},        "vertical_landscape":{"original_ratio":0.165},        "horizontal_landscape":{"original_ratio":0.165}    }  },  "narrow_default": {    "freeform_args": {        "vertical_portrait":{"aspect_ratio":0.626, "original_ratio":1,"original_scale":0.74,"top_margin":0.0753,"left_margin":-1},        "horizontal_portrait":{"aspect_ratio":0.626, "original_ratio":1,"original_scale":0.5756,"top_margin":-1,"left_margin":0.0753},        "vertical_landscape":{"aspect_ratio":1.6, "original_ratio":0.6847,"original_scale":0.587,"top_margin":0.0753,"left_margin":-1},        "horizontal_landscape":{"aspect_ratio":1.6, "original_ratio":0.6847,"original_scale":0.587,"top_margin":-1,"left_margin":0.0753}    },    "mini_freeform_args":{        "vertical_portrait":{"original_ratio":0.26},        "horizontal_portrait":{"original_ratio":0.26},        "vertical_landscape":{"original_ratio":0.293},        "horizontal_landscape":{"original_ratio":0.293}    }  },  "regular_default": {    "freeform_args": {      "vertical_portrait":{"aspect_ratio":0.625, "original_ratio":1,"original_scale":0.7,"top_margin":0.109,"left_margin":-1},      "horizontal_portrait":{"aspect_ratio":0.6667, "original_ratio":1,"original_scale":0.6102,"top_margin":-1,"left_margin":0.026},      "vertical_landscape":{"aspect_ratio":1.6, "original_ratio":1,"original_scale":0.4244,"top_margin":0.109,"left_margin":-1},      "horizontal_landscape":{"aspect_ratio":1.6, "original_ratio":1,"original_scale":0.4244,"top_margin":-1,"left_margin":0.026}    },    "mini_freeform_args":{      "vertical_portrait":{"original_ratio":0.25},      "horizontal_portrait":{"original_ratio":0.25},      "vertical_landscape":{"original_ratio":0.25},      "horizontal_landscape":{"original_ratio":0.25}    }  },  "pad_default": {    "freeform_args": {      "vertical_portrait":{"aspect_ratio":0.5625, "original_ratio":0.375,"original_scale":0.835,"top_margin":0.049,"left_margin":0.2775},      "horizontal_portrait":{"aspect_ratio":0.5625, "original_ratio":0.375,"original_scale":0.835,"top_margin":-1,"left_margin":0.6525},      "vertical_landscape":{"aspect_ratio":-1, "original_ratio":1,"original_scale":0.468,"top_margin":0.049,"left_margin":-1},      "horizontal_landscape":{"aspect_ratio":-1, "original_ratio":1,"original_scale":0.468,"top_margin":-1,"left_margin":0.4976}    },    "mini_freeform_args":{      "vertical_portrait":{"original_ratio":0.144},      "horizontal_portrait":{"original_ratio":0.144},      "vertical_landscape":{"original_ratio":0.2},      "horizontal_landscape":{"original_ratio":0.2}    }  }}
12-05 12:17:01.549 15847 15847 D MiuiMultiWindowUtils: initFreeFormResolutionArgs failed, device is tides
12-05 12:17:01.571  1634  2154 D WindowManager: Collecting in transition 373: ActivityRecord{bcb6cf2 u0 com.miui.securitycenter/com.miui.permcenter.install.AdbInstallActivity t1533} init visibleRequested:true
12-05 12:17:01.576  1634  2154 W WindowManager: Changing focus from Window{eb16e7a u0 com.miui.home/com.miui.home.launcher.Launcher} to null displayId=0 Callers=com.android.server.wm.RootWindowContainer.updateFocusedWindowLocked:602 com.android.server.wm.WindowManagerService.updateFocusedWindowLocked:7173 com.android.server.wm.ActivityTaskManagerService.setLastResumedActivityUncheckLocked:5842 com.android.server.wm.ActivityTaskSupervisor.updateTopResumedActivityIfNeeded:2450 
12-05 12:17:01.577  1634  2154 D WindowManager: wms.Input focus has changed to null display=0 updateInputWindows = true
12-05 12:17:01.577  1634  2154 I MultiSenceManagerInternalStub: getInstance
12-05 12:17:01.577 15847 22552 W ContextImpl: Calling a method in the system process without a qualified user: android.app.ContextImpl.bindService:2051 android.content.ContextWrapper.bindService:900 com.xiaomi.onetrack.api.bd.e:25 com.xiaomi.onetrack.api.bd.d:20 com.xiaomi.onetrack.api.bd.i:0 
12-05 12:17:01.581 15847 22545 W ContextImpl: Calling a method in the system process without a qualified user: android.app.ContextImpl.bindService:2051 android.content.ContextWrapper.bindService:900 m7.ij.g:11 m7.ij.d:103 m7.gy.a:203 
12-05 12:17:01.582  1634  2154 W OptProp : Cannot read opt property android.window.PROPERTY_COMPAT_ALLOW_RESIZEABLE_ACTIVITY_OVERRIDES
12-05 12:17:01.583  1634  1634 D MBrainLocalService: isVendorFreezeConditionPass is false
12-05 12:17:01.583  1634  1634 E MBrainLocalService: notifyAppSwitch failed
12-05 12:17:01.583  1634  2154 D WindowManager: Set transition=TransitionRecord{79dc7fd id=373 type=OPEN flags=0x0}, ready=true, SyncId=373 
12-05 12:17:01.585  1634  1915 D MiuiMultiWindowUtils: DeviceLevel.IS_MIUI_LITE_VERSION 2.0 not support miui multiWindowtides
12-05 12:17:01.586  1634  1668 D CompatChangeReporter: Compat change id reported: 313677553; UID 1000; state: ENABLED
12-05 12:17:01.586  1634  1669 D MiuiRefreshRatePolicy: reset
12-05 12:17:01.588  1634  1669 I BLASTSyncEngine: SyncGroup 373:  Unfinished container:ActivityRecord{bcb6cf2 u0 com.miui.securitycenter/com.miui.permcenter.install.AdbInstallActivity t1533}
12-05 12:17:01.589  2340  2436 I MultiTaskingTaskRepository: needSkip: is home task
12-05 12:17:01.590  1634  1668 D CompatChangeReporter: Compat change id reported: 311208629; UID 1000; state: ENABLED
12-05 12:17:01.590  1634  1669 I BLASTSyncEngine: isActivitySyncFinished isSyncFinished false ActivityRecord{bcb6cf2 u0 com.miui.securitycenter/com.miui.permcenter.install.AdbInstallActivity t1533}
12-05 12:17:01.600 15847 15847 D FramePredict: FramePredict init: true
12-05 12:17:01.605 15847 15847 I ActivityThread: HardwareRenderer preload  done
12-05 12:17:01.665  1634  1716 I AppsFilter: interaction: PackageSetting{fd09db4 com.example.gestor_money/10135} -> PackageSetting{828c344 com.miui.android.fashiongallery/10287} BLOCKED
12-05 12:17:01.666  1634  1716 I AppsFilter: interaction: PackageSetting{2d961b com.android.microdroid.empty_payload/10254} -> PackageSetting{828c344 com.miui.android.fashiongallery/10287} BLOCKED
12-05 12:17:01.666  1634  1716 I AppsFilter: interaction: PackageSetting{7982fdc com.android.provision.carrieroverlay.claro/10080} -> PackageSetting{828c344 com.miui.android.fashiongallery/10287} BLOCKED
12-05 12:17:01.666  1634  1716 I AppsFilter: interaction: PackageSetting{a8998e5 android.aosp.carrieroverlay.claro/10070} -> PackageSetting{828c344 com.miui.android.fashiongallery/10287} BLOCKED
12-05 12:17:01.675  1634  1954 D ShortcutService: received package broadcast intent: Intent { act=android.intent.action.PACKAGE_CHANGED dat=package: flg=0x45000010 (has extras) }
12-05 12:17:01.675  1634  1954 D ShortcutService: changing package: com.miui.android.fashiongallery userId0
12-05 12:17:01.676  1634  1954 D ShortcutService: handlePackageChanged: com.miui.android.fashiongallery user=0
12-05 12:17:01.676  1634  1954 D ShortcutService: rescanPackageIfNeeded 0@com.miui.android.fashiongallery, forceRescan=true , isNewApp=true
12-05 12:17:01.677  1634  1954 D ShortcutService: Package com.miui.android.fashiongallery has 0 manifest shortcut(s), and 0 share target(s)
12-05 12:17:01.682  1634  1634 W JobScheduler.JobStatus: Exempted app com.claro.claromusica.latam considered buggy
12-05 12:17:01.697  1634  1650 W AppOpService: Ignored setUidMode call for runtime permission app op: uid = 10296, code = RECEIVE_WAP_PUSH, mode = allow, callingUid = 1001, oldMode = allow
12-05 12:17:01.698  1634  1650 W AppOpService: Ignored setUidMode call for runtime permission app op: uid = 10296, code = READ_CELL_BROADCASTS, mode = allow, callingUid = 1001, oldMode = allow
12-05 12:17:01.699  1634  1742 D MiuiSoScManager: supportSoScMinimizedMode:true
12-05 12:17:01.699  1634  1742 D MiuiSoScManager: taskInSoScFullMode:false
12-05 12:17:01.703  1634  1742 D MiuiFreeFormGestureController: deliverResultForFinishActivity resultTo: null resultFrom: ActivityRecord{bcb6cf2 u0 com.miui.securitycenter/com.miui.permcenter.install.AdbInstallActivity t1533 f}} isInVideoOrGameScene: false intent: Intent { act=android.intent.action.VIEW flg=0x18800000 cmp=com.miui.securitycenter/com.miui.permcenter.install.AdbInstallActivity (has extras) }
12-05 12:17:01.703  1634  1742 D WindowManager: Collecting in transition 373: Task{39f663e #1533 type=standard A=1000:com.miui.securitycenter} init visibleRequested:true
12-05 12:17:01.704  1634  1742 D WindowManager: Collecting in transition 373: ActivityRecord{bcb6cf2 u0 com.miui.securitycenter/com.miui.permcenter.install.AdbInstallActivity t1533 f}} init visibleRequested:true
12-05 12:17:01.707  1634  1650 W AppOpService: Ignored setUidMode call for runtime permission app op: uid = 1001, code = READ_SMS, mode = allow, callingUid = 1001, oldMode = allow
12-05 12:17:01.708  1634  1634 D MBrainLocalService: isVendorFreezeConditionPass is false
12-05 12:17:01.708  1634  1634 E MBrainLocalService: notifyAppSwitch failed
12-05 12:17:01.708  1634  1742 D WindowManager: Set transition=TransitionRecord{79dc7fd id=373 type=OPEN flags=0x0}, ready=false, SyncId=373 used=true, override=false, defer=0, states=Display{#0 state=ON size=1080x2460 ROTATION_0}:false
12-05 12:17:01.708  1634  1650 W AppOpService: Ignored setUidMode call for runtime permission app op: uid = 1001, code = RECEIVE_SMS, mode = allow, callingUid = 1001, oldMode = allow
12-05 12:17:01.708  1634  1742 D MiuiRefreshRatePolicy: reset
12-05 12:17:01.709  1634  1650 W AppOpService: Ignored setUidMode call for runtime permission app op: uid = 1001, code = RECEIVE_WAP_PUSH, mode = allow, callingUid = 1001, oldMode = allow
12-05 12:17:01.709  1634  1650 W AppOpService: Ignored setUidMode call for runtime permission app op: uid = 1001, code = SEND_SMS, mode = allow, callingUid = 1001, oldMode = allow
12-05 12:17:01.710  1634  1650 W AppOpService: Ignored setUidMode call for runtime permission app op: uid = 1001, code = READ_CELL_BROADCASTS, mode = allow, callingUid = 1001, oldMode = allow
12-05 12:17:01.710  1634  1681 W MagnificationConnectionManager: requestConnection duplicated request: connect=false, mConnectionState=DISCONNECTED
12-05 12:17:01.715  2340  2436 D OneHandedController: stopOneHanded state is 0
12-05 12:17:01.796  1634  3827 D CompatChangeReporter: Compat change id reported: 151861875; UID 10106; state: ENABLED
12-05 12:17:01.817  1634  1685 I ActivityManager: Start proc 22583:com.android.htmlviewer:remote/u0a106 for content provider {com.android.htmlviewer/com.android.settings.cloud.CloudSettingsProvider} caller=com.miui.securitycenter
12-05 12:17:01.820 15847 15847 D MiuiCameraCoveredManager: java.lang.NullPointerException: Attempt to invoke virtual method 'java.lang.String android.provider.MiuiSettings$SettingsCloudData$CloudData.getString(java.lang.String, java.lang.String)' on a null object reference
12-05 12:17:01.821 15847 15847 D FramePredict: init success
12-05 12:17:01.853  1634  4119 I SmartPower: com.android.htmlviewer:remote/10106(22583): died->background(4147ms) R(process start ) adj=-10000.
12-05 12:17:01.866 22583 22598 D MiuiDownscaleImpl: set override inverted scale : 1.0
12-05 12:17:01.870  1634  2154 W WindowManager: Changing focus from null to Window{eb16e7a u0 com.miui.home/com.miui.home.launcher.Launcher} displayId=0 Callers=com.android.server.wm.RootWindowContainer.updateFocusedWindowLocked:602 com.android.server.wm.WindowManagerService.updateFocusedWindowLocked:7173 com.android.server.wm.ActivityTaskManagerService.setLastResumedActivityUncheckLocked:5842 com.android.server.wm.ActivityTaskSupervisor.updateTopResumedActivityIfNeeded:2450 
12-05 12:17:01.871  1634  2154 D WindowManager: wms.Input focus has changed to Window{eb16e7a u0 com.miui.home/com.miui.home.launcher.Launcher} display=0 updateInputWindows = true
12-05 12:17:01.871  1634  2154 I MultiSenceManagerInternalStub: getInstance
12-05 12:17:01.871  1634  1936 I MultiSenceManagerInternalStubImpl: packageName = com.miui.home
12-05 12:17:01.872  1634  1936 W ContextImpl: Calling a method in the system process without a qualified user: android.app.ContextImpl.sendBroadcast:1260 com.android.server.wm.MultiSenceManagerInternalStubImpl.sendFocusWindowsBroadcast:148 com.android.server.wm.MultiSenceManagerInternalStubImpl$UpdateScreenStatus.run:98 android.os.Handler.handleCallback:959 android.os.Handler.dispatchMessage:100 
12-05 12:17:01.874  1634  1634 D MBrainLocalService: isVendorFreezeConditionPass is false
12-05 12:17:01.874  1634  1634 E MBrainLocalService: notifyAppSwitch failed
12-05 12:17:01.877  1634  2154 D WindowManager: Set transition=TransitionRecord{79dc7fd id=373 type=OPEN flags=0x0}, ready=true, SyncId=373 
12-05 12:17:01.879  1634  2154 D MiuiRefreshRatePolicy: reset
12-05 12:17:01.881  1634  2154 D miuiBarFollowAnimation:  BarFollowAnimation core services Flag is effective
12-05 12:17:01.881  1634  2154 D miuiElementAnimation:  ElementAnimation core services Flag is effective
12-05 12:17:01.881  1634  2154 D WindowManager: Final targets: [Task{42a400d #1 type=home}]
12-05 12:17:01.881  2340  2436 I MultiTaskingTaskRepository: needSkip: is home task
12-05 12:17:01.889  1634  1930 I SmartPower: com.google.android.adservices.api/10260(18675): background->idle(3033ms) R(service create com.google.android.adservices.api/com.android.adservices.measurement.MeasurementService) adj=0.
12-05 12:17:01.889  2340  2436 D SoScSplitScreenController: updateDividerFixedState isFixed:true
12-05 12:17:01.890  2340  2436 I MultiTaskingTaskRepository: needSkip: is home task
12-05 12:17:01.890  2340  2436 W MultiTaskingTaskRepository: putOrUpdateTaskInfo skip
12-05 12:17:01.890  2340  2436 I MultiTaskingTaskRepository: needSkip: is home task
12-05 12:17:01.890  2340  2436 W MultiTaskingTaskRepository: onToBackTransitionReady putOrUpdateTaskInfo skip
12-05 12:17:01.892  2340  2436 D MiuiFreeformModeAnimation: startAnimation change: {WCT{android.window.IWindowContainerToken$Stub$Proxy@42d7847} m=CHANGE f=SHOW_WALLPAPER|MOVE_TO_TOP leash=Surface(name=Task=1#47)/@0xfb1e061 sb=Rect(0, 0 - 1080, 2460) eb=Rect(0, 0 - 1080, 2460) d=0 taskParent=-1} info.getType(): 1
12-05 12:17:01.892  1634  4119 D CoreBackPreview: Window{a652c11 u0 com.miui.securitycenter/com.miui.permcenter.install.AdbInstallActivity}: Setting back callback OnBackInvokedCallbackInfo{mCallback=android.window.IOnBackInvokedCallback$Stub$Proxy@8094a6f, mPriority=0, mIsAnimationCallback=false}
12-05 12:17:01.893  1634  1915 D MiuiMultiWindowUtils: DeviceLevel.IS_MIUI_LITE_VERSION 2.0 not support miui multiWindowtides
12-05 12:17:01.898  2340  2436 D SoScStageCoordinator: inCloseTransition:false pairsStartedWithCloseTransition:false isRequestCloseTriggerTask:false inSingleSoScState:false inSoScUnactivie:true closeStage:null
12-05 12:17:01.899  1634  1650 D MiuiRefreshRatePolicy: reset
12-05 12:17:01.901  2340  2436 D SoScUtils: monitorTransitionFinished transition:android.os.BinderProxy@bc9d8f1 transaction: android.view.SurfaceControl$Transaction@fec0874 mRequestCloseTransition:null mRequestOpenTransition:null mPairsOpenTransition:null mPairsOpenTransitionNull:null mRequestOpenTriggerTask:-1 mRequestCloseTriggerTask:-1 mOrientationTransition: null mMainStartingTask:-1 mSideStartingTask:-1
12-05 12:17:01.904  1634  4325 W UserManagerService: Requested status bar icon for non-badged user 0
12-05 12:17:01.906  1634  1650 D MiuiRefreshRatePolicy: reset
12-05 12:17:01.908  1634  1655 D WindowManager: Finish Transition (#373): created at 12-05 12:17:01.224 collect-started=0.122ms request-sent=25.818ms started=35.852ms ready=652.639ms sent=658.657ms finished=683.055ms
12-05 12:17:01.908  1634  3827 I Transition: finishTransition: updateLastSurfacePosition tf=Task{39f663e #1533 type=standard A=1000:com.miui.securitycenter}
12-05 12:17:01.909  1634  3827 I Transition: finishTransition: updateLastSurfacePosition tf=Task{42a400d #1 type=home}
12-05 12:17:01.909  1634  3827 I Transition: finishTransition: updateLastSurfacePosition tf=Task{f054ee3 #2 type=home I=com.miui.home/.launcher.Launcher}
12-05 12:17:01.910  2340  2436 I RemoteTransitionHandlerStubImpl: invokeAndRemoveWctCB transition is null, curWctCB: null
12-05 12:17:01.913 22583 22602 D ActivityThread: the event that target app starts is : AppLaunchEvent{mType='441', mProcessName='com.android.htmlviewer:remote', mPackageName='com.android.htmlviewer', mIsMainProcess='false', mVersionCode='35', mLaunchTime='2025-12-05'}
12-05 12:17:01.913  6360  6584 D MilletUtils: setUidState, uid = 10165 allow = true
12-05 12:17:01.916  1634  1744 I SmartPower: com.miui.weather2/10282(18158): idle->background(3398ms) R(content provider start ContentProviderRecord{d273499 u0 com.miui.weather2/.providers.WeatherProvider}) adj=0.
12-05 12:17:01.919  1634  2154 W UserManagerService: Requested status bar icon for non-badged user 0
12-05 12:17:01.923  1634  1742 D MiuiRefreshRatePolicy: reset
12-05 12:17:01.927  1634  1650 D MiuiRefreshRatePolicy: reset
12-05 12:17:01.934  1634  3827 W UserManagerService: Requested status bar icon for non-badged user 0
12-05 12:17:01.937  1634  1818 W InputMethodManagerService: Clear show forced flag.
12-05 12:17:01.938  1634  1666 D Aurogon :  uid = 1000 switch to BG
12-05 12:17:01.939  1634  4325 W UserManagerService: Requested status bar icon for non-badged user 0
12-05 12:17:01.939  1634  1902 D Aurogon :  onForegroundActivitiesChanged packageName = android.uid.system:1000
12-05 12:17:01.944  1634  3827 W PackageConfigPersister: App-specific configuration not found for packageName: com.miui.home and userId: 0
12-05 12:17:01.946 22583 22583 I ActivityThread: TrafficStats init done
12-05 12:17:01.959 22583 22583 I ActivityThread: Miui Feature Init done
12-05 12:17:01.964 15847 15847 D UserSceneDetector: invoke error.
12-05 12:17:01.982  1634  1902 D isUidValid: uid = 10106
12-05 12:17:01.989  1634  1744 D ProcessManager: beginSchedThreads is not Enabled
12-05 12:17:02.010   572 15412 I keystore2: system/security/keystore2/src/security_level.rs:227 - entry create_operation
12-05 12:17:02.010   572 15412 I keystore2: system/security/keystore2/src/security_level.rs:232 - key: domain:r#KEY_ID, nspace:4379323153733462258, alias:None, blob:None
12-05 12:17:02.011   572 15412 I keystore2: system/security/keystore2/src/security_level.rs:882 - entry upgrade_keyblob_if_required_with
12-05 12:17:02.011   572 15412 I keystore2: system/security/keystore2/src/security_level.rs:347 - In KeystoreSecurityLevel::create_operation: calling begin
12-05 12:17:02.012   572 15412 I keystore2: system/security/keystore2/src/security_level.rs:381 - upgraded_blob: None
12-05 12:17:02.063  1634  4119 D WindowManager: wms.finishDrawingLocked: mDrawState=COMMIT_DRAW_PENDING Window{a652c11 u0 com.miui.securitycenter/com.miui.permcenter.install.AdbInstallActivity} in Surface(name=com.miui.securitycenter/com.miui.permcenter.install.AdbInstallActivity#7047)/@0x99f8b68
12-05 12:17:02.064  1634  1669 D MiuiRefreshRatePolicy: reset
12-05 12:17:02.069  2340  2436 D MulWinSwitchDecorViewModel: handleEventReceiverIfMultiWinSwitchIsUnsupported: removeEventReceiver, callers=com.android.wm.shell.multitasking.miuimultiwinswitch.miuiwindowdecor.MulWinSwitchDecorViewModel.onTaskOpening:7 com.android.wm.shell.fullscreen.FullscreenTaskListener.onTaskAppeared:97 com.android.wm.shell.ShellTaskOrganizer.onTaskAppeared:9 com.android.wm.shell.ShellTaskOrganizer.onTaskAppeared:3 android.window.TaskOrganizer$1.lambda$onTaskAppeared$5:312 
12-05 12:17:02.069  2340  2436 I MultiTaskingTaskRepository: no MULTI_WINDOW, but base activity is null
12-05 12:17:02.069  2340  2436 W MultiTaskingTaskRepository: putOrUpdateTaskInfo skip
12-05 12:17:02.077 15847 15847 D UserSceneDetector: invoke error.
12-05 12:17:02.086  1634  1744 D CoreBackPreview: Window{a652c11 u0 com.miui.securitycenter/com.miui.permcenter.install.AdbInstallActivity}: Setting back callback null
12-05 12:17:02.095  1634  1744 D WindowManager: setParent old=ActivityRecord{bcb6cf2 u0 com.miui.securitycenter/com.miui.permcenter.install.AdbInstallActivity t1533 f}},new=null,this window=Window{a652c11 u0 com.miui.securitycenter/com.miui.permcenter.install.AdbInstallActivity},callers=com.android.server.wm.WindowContainer.removeChild:897 com.android.server.wm.ActivityRecord.removeChild:5543 com.android.server.wm.ActivityRecord.removeChild:507 com.android.server.wm.WindowContainer.removeImmediately:955 com.android.server.wm.WindowState.removeImmediately:2534 com.android.server.wm.WindowState.removeIfPossible:2722 
12-05 12:17:02.096  1634  1744 D MiuiRefreshRatePolicy: reset
12-05 12:17:02.102  1634  1744 D WindowManager: setParent old=Task{39f663e #1533 type=standard A=1000:com.miui.securitycenter},new=null,this window=ActivityRecord{bcb6cf2 u0 com.miui.securitycenter/com.miui.permcenter.install.AdbInstallActivity t1533 f}},callers=com.android.server.wm.WindowContainer.removeChild:897 com.android.server.wm.TaskFragment.removeChild:3337 com.android.server.wm.Task.removeChild:1913 com.android.server.wm.Task.removeChild:1892 com.android.server.wm.WindowContainer.removeImmediately:955 com.android.server.wm.WindowToken.removeImmediately:374 
12-05 12:17:02.105  1634  1744 D WindowManager: setParent old=DefaultTaskDisplayArea@18676565,new=null,this window=Task{39f663e #1533 type=standard A=1000:com.miui.securitycenter},callers=com.android.server.wm.WindowContainer.removeChild:897 com.android.server.wm.TaskDisplayArea.removeChildTask:360 com.android.server.wm.TaskDisplayArea.removeChild:351 com.android.server.wm.WindowContainer.removeImmediately:955 com.android.server.wm.TaskFragment.removeImmediately:3417 com.android.server.wm.Task.removeImmediately:3392 
12-05 12:17:02.106  1634  1744 D MiuiMultiWindowUtils: DeviceLevel.IS_MIUI_LITE_VERSION 2.0 not support miui multiWindowtides
12-05 12:17:02.106  1634  1744 D MiuiMultiWindowUtils: DeviceLevel.IS_MIUI_LITE_VERSION 2.0 not support miui multiWindowtides
12-05 12:17:02.108  1634  1669 D MiuiRefreshRatePolicy: reset
12-05 12:17:02.109  1634  1669 W ActivityTaskManager: Can't find TaskDisplayArea to determine support for multi window. Task id=1533 attached=false
12-05 12:17:02.110  2340  2436 D MulWinSwitchDecorViewModel: destroyWindowDecoration: taskId=1533 windowingMode=1 mWindowDecorByTaskId.size()=0 callers=com.android.wm.shell.fullscreen.FullscreenTaskListener.onTaskVanished:104 com.android.wm.shell.ShellTaskOrganizer.onTaskVanished:128 android.window.TaskOrganizer$1.lambda$onTaskVanished$6:317 android.window.TaskOrganizer$1.$r8$lambda$8ODi_1s42Z5SmyxWXsgMLDG64pA:0 android.window.TaskOrganizer$1$$ExternalSyntheticLambda0.run:0 
12-05 12:17:02.110  2340  2436 D MulWinSwitchDecorViewModel: handleEventReceiverIfMultiWinSwitchIsUnsupported: removeEventReceiver, callers=com.android.wm.shell.multitasking.miuimultiwinswitch.miuiwindowdecor.MulWinSwitchDecorViewModel.destroyWindowDecoration:82 com.android.wm.shell.fullscreen.FullscreenTaskListener.onTaskVanished:104 com.android.wm.shell.ShellTaskOrganizer.onTaskVanished:128 android.window.TaskOrganizer$1.lambda$onTaskVanished$6:317 android.window.TaskOrganizer$1.$r8$lambda$8ODi_1s42Z5SmyxWXsgMLDG64pA:0 
12-05 12:17:02.111  2340  2436 D MultiTaskingTaskRepository: onTaskVanished: taskInfo.taskId: 1533 current mMultiTaskingTaskInfoList: { ,1532 ,5 ,4 }
12-05 12:17:02.111  2340  2436 D MiuiFreeformModeCornerTipHandler: task#1533 onTaskVanished
12-05 12:17:02.111  2340  2436 I MiuiBubbleController: removeBubble: 1533 reason=2
12-05 12:17:02.111  2340  2436 I MultiTaskingTaskRepository: onTaskVanish multi list = [5, 4], full = [1532]
12-05 12:17:02.125  1634  1716 D PKMSImpl: Check install restriction took 3ms
12-05 12:17:02.134  1634  1684 I ActivityManager: Force stopping com.example.gestor_money appid=10135 user=-1: installPackageLI
12-05 12:17:02.138  1634  1716 I PackageManager: Update package com.example.gestor_money code path from /data/app/~~xN4zcemh841tPgkbYxSzzQ==/com.example.gestor_money-dIn5tPudEGjdCtTof5E5Hg== to /data/app/~~znM7y3N6nszyS79HtScIXQ==/com.example.gestor_money-X02hbyW19f5Gg2IR1b3sNw==; Retain data and using new
12-05 12:17:02.142  1634  1716 I AppsFilter: interaction: PackageSetting{2c71f52 com.android.microdroid.empty_payload/10254} -> PackageSetting{64f9fdc com.example.gestor_money/10135} BLOCKED
12-05 12:17:02.142  1634  1716 I AppsFilter: interaction: PackageSetting{7c27ffb com.android.provision.carrieroverlay.claro/10080} -> PackageSetting{64f9fdc com.example.gestor_money/10135} BLOCKED
12-05 12:17:02.142  1634  1716 I AppsFilter: interaction: PackageSetting{7f12818 android.aosp.carrieroverlay.claro/10070} -> PackageSetting{64f9fdc com.example.gestor_money/10135} BLOCKED
12-05 12:17:02.143  1634  1716 I AppsFilter: interaction: PackageSetting{2c71f52 com.android.microdroid.empty_payload/10254} -> PackageSetting{92b5369 com.example.gestor_money/10135} BLOCKED
12-05 12:17:02.143  1634  1716 I AppsFilter: interaction: PackageSetting{7c27ffb com.android.provision.carrieroverlay.claro/10080} -> PackageSetting{92b5369 com.example.gestor_money/10135} BLOCKED
12-05 12:17:02.143  1634  1716 I AppsFilter: interaction: PackageSetting{7f12818 android.aosp.carrieroverlay.claro/10070} -> PackageSetting{92b5369 com.example.gestor_money/10135} BLOCKED
12-05 12:17:02.183  1634  4325 D Aurogon :  packageName = com.google.android.gms isAllowWakeUpList 
12-05 12:17:02.247  1634  4325 D MiuiRefreshRatePolicy: reset
12-05 12:17:02.251  1634  4325 D MiuiRefreshRatePolicy: reset
12-05 12:17:02.439  1634  1716 W PackageFreezer: Freeze package com.example.gestor_money about 0.306 seconds for reason: installPackageLI
12-05 12:17:02.440  1634  1716 I InstallationTiming: com.example.gestor_money|null|3991|1046|84|6|0|1490|15
12-05 12:17:02.441  1634  1716 I AppsFilter: interaction: PackageSetting{2d961b com.android.microdroid.empty_payload/10254} -> PackageSetting{478bb72 com.example.gestor_money/10135} BLOCKED
12-05 12:17:02.441  1634  1716 I AppsFilter: interaction: PackageSetting{7982fdc com.android.provision.carrieroverlay.claro/10080} -> PackageSetting{478bb72 com.example.gestor_money/10135} BLOCKED
12-05 12:17:02.441  1634  1716 I AppsFilter: interaction: PackageSetting{a8998e5 android.aosp.carrieroverlay.claro/10070} -> PackageSetting{478bb72 com.example.gestor_money/10135} BLOCKED
12-05 12:17:02.442  1634  1716 I PackageManager: Installation Boost Off
12-05 12:17:02.445  1634 15970 D BaselineProfile: com.example.gestor_money prepareDexMetadata success: false
12-05 12:17:02.455  1634  1716 I ActivityManager: Force stopping com.example.gestor_money appid=10135 user=0: pkg removed
12-05 12:17:02.507  1634  1873 E AppOps  : attributionTag VCN not declared in manifest of android
12-05 12:17:02.512  1634  1954 D ShortcutService: received package broadcast intent: Intent { act=android.intent.action.PACKAGE_REMOVED dat=package: flg=0x4000010 (has extras) }
12-05 12:17:02.547  1634  1634 D CompatChangeReporter: Compat change id reported: 151861875; UID 1000; state: ENABLED
12-05 12:17:02.555  1634  1634 D MBrainLocalService: isVendorFreezeConditionPass is false
12-05 12:17:02.556  1634  1634 E AppStateIntentReceiver: notifyChange failed
12-05 12:17:02.567  1634  4119 D ShortcutService: rescanPackageIfNeeded 0@com.miui.securitycenter, forceRescan=false , isNewApp=false
12-05 12:17:02.573  1634  1742 W AppOpService: Ignored setUidMode call for runtime permission app op: uid = 10296, code = RECEIVE_WAP_PUSH, mode = allow, callingUid = 1001, oldMode = allow
12-05 12:17:02.576  1634  1742 W AppOpService: Ignored setUidMode call for runtime permission app op: uid = 10296, code = READ_CELL_BROADCASTS, mode = allow, callingUid = 1001, oldMode = allow
12-05 12:17:02.592  1634  1634 I Telecom : CarModeTracker: Package com.example.gestor_money is not tracked.: SSH.oR@E+w
12-05 12:17:02.601  1634  1634 I Telecom-InCallController: updateCarModeForConnections: car mode apps: : SSH.oR@E+w
12-05 12:17:02.601  1634  1634 I Telecom-InCallController: update carmode current:UserHandle{0} parent:null: SSH.oR@E+w
12-05 12:17:02.606  1634  1685 W ActivityManager: Slow operation: 59ms so far, now at startProcess: done updating battery stats
12-05 12:17:02.616  1634  1685 W ActivityManager: Slow operation: 69ms so far, now at startProcess: building log message
12-05 12:17:02.617  1634  1685 I ActivityManager: Start proc 22646:com.android.keychain/1000 for service {com.android.keychain/com.android.keychain.KeyChainService} caller=android
12-05 12:17:02.617  1634  1685 W ActivityManager: Slow operation: 69ms so far, now at startProcess: starting to update pids map
12-05 12:17:02.617  1634  1685 W ActivityManager: Slow operation: 69ms so far, now at startProcess: done updating pids map
12-05 12:17:02.630  1634  1650 W AppOpService: Ignored setUidMode call for runtime permission app op: uid = 1001, code = READ_SMS, mode = allow, callingUid = 1001, oldMode = allow
12-05 12:17:02.632  1634  2154 W AppOpService: Ignored setUidMode call for runtime permission app op: uid = 1001, code = RECEIVE_SMS, mode = allow, callingUid = 1001, oldMode = allow
12-05 12:17:02.633  1634  2154 W AppOpService: Ignored setUidMode call for runtime permission app op: uid = 1001, code = RECEIVE_WAP_PUSH, mode = allow, callingUid = 1001, oldMode = allow
12-05 12:17:02.635  1634  2154 W AppOpService: Ignored setUidMode call for runtime permission app op: uid = 1001, code = SEND_SMS, mode = allow, callingUid = 1001, oldMode = allow
12-05 12:17:02.636  1634  1744 W AppOpService: Ignored setUidMode call for runtime permission app op: uid = 1001, code = READ_CELL_BROADCASTS, mode = allow, callingUid = 1001, oldMode = allow
12-05 12:17:02.642  1634  1873 E AppOps  : attributionTag VCN not declared in manifest of android
12-05 12:17:02.651  1634  1682 I MiuiCompatModePackages: package com.example.gestor_money updated, removing config
12-05 12:17:02.651  1634  1902 D GreezeManager: uid: 10135  pkg:com.example.gestor_money package added.
12-05 12:17:02.657  1634  1827 W PackageConfigPersister: App-specific configuration not found for packageName: com.example.gestor_money and userId: 0
12-05 12:17:02.658  1634  1634 W AlarmManager: Package com.example.gestor_money, uid 10135 lost permission to set exact alarms!
12-05 12:17:02.659  1634  1634 D MBrainLocalService: isVendorFreezeConditionPass is false
12-05 12:17:02.659  1634  1634 E AppStateIntentReceiver: notifyChange failed
12-05 12:17:02.670  1634  1954 D ShortcutService: received package broadcast intent: Intent { act=android.intent.action.PACKAGE_ADDED dat=package: flg=0x4000010 (has extras) }
12-05 12:17:02.670  1634  1954 D ShortcutService: replacing package: com.example.gestor_money userId0
12-05 12:17:02.670  1634  1954 D ShortcutService: handlePackageUpdateFinished: com.example.gestor_money user=0
12-05 12:17:02.670  1634  1954 D ShortcutService: rescanPackageIfNeeded 0@com.example.gestor_money, forceRescan=true , isNewApp=true
12-05 12:17:02.688  1634  1954 D ShortcutService: Package com.example.gestor_money has 0 manifest shortcut(s), and 0 share target(s)
12-05 12:17:02.693  1634  1742 W AppOpService: Ignored setUidMode call for runtime permission app op: uid = 10296, code = RECEIVE_WAP_PUSH, mode = allow, callingUid = 1001, oldMode = allow
12-05 12:17:02.693  1634  1930 I SmartPower: android.process.acore/10096(21355): background->idle(3001ms) R(broadcast start Intent { act=android.intent.action.PACKAGE_CHANGED dat=package: flg=0x45000010 (has extras) }) adj=700.
12-05 12:17:02.707  1634  1742 W AppOpService: Ignored setUidMode call for runtime permission app op: uid = 10296, code = READ_CELL_BROADCASTS, mode = allow, callingUid = 1001, oldMode = allow
12-05 12:17:02.707 15030 15030 D ActivityThread: Package [com.example.gestor_money] reported as REPLACED, but missing application info. Assuming REMOVED.
12-05 12:17:02.707 21655 21655 D ActivityThread: Package [com.example.gestor_money] reported as REPLACED, but missing application info. Assuming REMOVED.
12-05 12:17:02.709 15847 15847 D ActivityThread: Package [com.example.gestor_money] reported as REPLACED, but missing application info. Assuming REMOVED.
12-05 12:17:02.710  5432  5432 D ActivityThread: Package [com.example.gestor_money] reported as REPLACED, but missing application info. Assuming REMOVED.
12-05 12:17:02.713  6360  6360 D ActivityThread: Package [com.example.gestor_money] reported as REPLACED, but missing application info. Assuming REMOVED.
12-05 12:17:02.715  1634  1634 D CompatChangeReporter: Compat change id reported: 311402873; UID 1000; state: ENABLED
12-05 12:17:02.717  1634  1634 D CompatChangeReporter: Compat change id reported: 323349338; UID 1000; state: ENABLED
12-05 12:17:02.717  1634  4119 W AppOpService: Ignored setUidMode call for runtime permission app op: uid = 1001, code = READ_SMS, mode = allow, callingUid = 1001, oldMode = allow
12-05 12:17:02.717  3313  3313 D ActivityThread: Package [com.example.gestor_money] reported as REPLACED, but missing application info. Assuming REMOVED.
12-05 12:17:02.719  1634  1650 W AppOpService: Ignored setUidMode call for runtime permission app op: uid = 1001, code = RECEIVE_SMS, mode = allow, callingUid = 1001, oldMode = allow
12-05 12:17:02.720  1634  1650 W AppOpService: Ignored setUidMode call for runtime permission app op: uid = 1001, code = RECEIVE_WAP_PUSH, mode = allow, callingUid = 1001, oldMode = allow
12-05 12:17:02.721  1634  1650 W AppOpService: Ignored setUidMode call for runtime permission app op: uid = 1001, code = SEND_SMS, mode = allow, callingUid = 1001, oldMode = allow
12-05 12:17:02.721  2012  2012 D ActivityThread: Package [com.example.gestor_money] reported as REPLACED, but missing application info. Assuming REMOVED.
12-05 12:17:02.721  5432  6157 W ContextImpl: Calling a method in the system process without a qualified user: android.app.ContextImpl.bindService:2051 android.content.ContextWrapper.bindService:900 y2.e.m:57 y2.d.f:25 y2.d.a:0 
12-05 12:17:02.721  1634  1650 W AppOpService: Ignored setUidMode call for runtime permission app op: uid = 1001, code = READ_CELL_BROADCASTS, mode = allow, callingUid = 1001, oldMode = allow
12-05 12:17:02.725  3136  3136 D ActivityThread: Package [com.example.gestor_money] reported as REPLACED, but missing application info. Assuming REMOVED.
12-05 12:17:02.725 21355 21355 D ActivityThread: Package [com.example.gestor_money] reported as REPLACED, but missing application info. Assuming REMOVED.
12-05 12:17:02.728  2112  2112 D ActivityThread: Package [com.example.gestor_money] reported as REPLACED, but missing application info. Assuming REMOVED.
12-05 12:17:02.730  2010  2010 D ActivityThread: Package [com.example.gestor_money] reported as REPLACED, but missing application info. Assuming REMOVED.
12-05 12:17:02.730 19602 19602 D ActivityThread: Package [com.example.gestor_money] reported as REPLACED, but missing application info. Assuming REMOVED.
12-05 12:17:02.730 18501 18501 D ActivityThread: Package [com.example.gestor_money] reported as REPLACED, but missing application info. Assuming REMOVED.
12-05 12:17:02.731  1634  1926 D MiuiSentinelService: begin judgment FdAmountLeakException
12-05 12:17:02.731 22473 22473 D ActivityThread: Package [com.example.gestor_money] reported as REPLACED, but missing application info. Assuming REMOVED.
12-05 12:17:02.732 18675 18675 D ActivityThread: Package [com.example.gestor_money] reported as REPLACED, but missing application info. Assuming REMOVED.
12-05 12:17:02.732 22415 22415 D ActivityThread: Package [com.example.gestor_money] reported as REPLACED, but missing application info. Assuming REMOVED.
12-05 12:17:02.732 20675 20675 D ActivityThread: Package [com.example.gestor_money] reported as REPLACED, but missing application info. Assuming REMOVED.
12-05 12:17:02.735  3600  3600 D ActivityThread: Package [com.example.gestor_money] reported as REPLACED, but missing application info. Assuming REMOVED.
12-05 12:17:02.735 23826 23826 D ActivityThread: Package [com.example.gestor_money] reported as REPLACED, but missing application info. Assuming REMOVED.
12-05 12:17:02.735 20720 20720 D ActivityThread: Package [com.example.gestor_money] reported as REPLACED, but missing application info. Assuming REMOVED.
12-05 12:17:02.737 17241 17241 D ActivityThread: Package [com.example.gestor_money] reported as REPLACED, but missing application info. Assuming REMOVED.
12-05 12:17:02.737 10350 10350 D ActivityThread: Package [com.example.gestor_money] reported as REPLACED, but missing application info. Assuming REMOVED.
12-05 12:17:02.737 25487 25487 D ActivityThread: Package [com.example.gestor_money] reported as REPLACED, but missing application info. Assuming REMOVED.
12-05 12:17:02.737  4388  4388 D ActivityThread: Package [com.example.gestor_money] reported as REPLACED, but missing application info. Assuming REMOVED.
12-05 12:17:02.738 23781 23781 D ActivityThread: Package [com.example.gestor_money] reported as REPLACED, but missing application info. Assuming REMOVED.
12-05 12:17:02.738  7816  7816 D ActivityThread: Package [com.example.gestor_money] reported as REPLACED, but missing application info. Assuming REMOVED.
12-05 12:17:02.738 16336 16336 D ActivityThread: Package [com.example.gestor_money] reported as REPLACED, but missing application info. Assuming REMOVED.
12-05 12:17:02.739 18158 18158 D ActivityThread: Package [com.example.gestor_money] reported as REPLACED, but missing application info. Assuming REMOVED.
12-05 12:17:02.739 21381 21381 D ActivityThread: Package [com.example.gestor_money] reported as REPLACED, but missing application info. Assuming REMOVED.
12-05 12:17:02.739  6471  6471 D ActivityThread: Package [com.example.gestor_money] reported as REPLACED, but missing application info. Assuming REMOVED.
12-05 12:17:02.740 22583 22583 D ActivityThread: Package [com.example.gestor_money] reported as REPLACED, but missing application info. Assuming REMOVED.
12-05 12:17:02.742  3642  3642 D ActivityThread: Package [com.example.gestor_money] reported as REPLACED, but missing application info. Assuming REMOVED.
12-05 12:17:02.742  1634  1681 W MagnificationConnectionManager: requestConnection duplicated request: connect=false, mConnectionState=DISCONNECTED
12-05 12:17:02.742  3538  3538 D ActivityThread: Package [com.example.gestor_money] reported as REPLACED, but missing application info. Assuming REMOVED.
12-05 12:17:02.743  3622  3622 D ActivityThread: Package [com.example.gestor_money] reported as REPLACED, but missing application info. Assuming REMOVED.
12-05 12:17:02.744  3113  3113 D ActivityThread: Package [com.example.gestor_money] reported as REPLACED, but missing application info. Assuming REMOVED.
12-05 12:17:02.745 12532 12532 D ActivityThread: Package [com.example.gestor_money] reported as REPLACED, but missing application info. Assuming REMOVED.
12-05 12:17:02.745  4366  4366 D ActivityThread: Package [com.example.gestor_money] reported as REPLACED, but missing application info. Assuming REMOVED.
12-05 12:17:02.746  3900  3900 D ActivityThread: Package [com.example.gestor_money] reported as REPLACED, but missing application info. Assuming REMOVED.
12-05 12:17:02.748  3971  3971 D ActivityThread: Package [com.example.gestor_money] reported as REPLACED, but missing application info. Assuming REMOVED.
12-05 12:17:02.749  3857  3857 D ActivityThread: Package [com.example.gestor_money] reported as REPLACED, but missing application info. Assuming REMOVED.
12-05 12:17:02.751  3766  3766 D ActivityThread: Package [com.example.gestor_money] reported as REPLACED, but missing application info. Assuming REMOVED.
12-05 12:17:02.752  3741  3741 D ActivityThread: Package [com.example.gestor_money] reported as REPLACED, but missing application info. Assuming REMOVED.
12-05 12:17:02.753  3935  3935 D ActivityThread: Package [com.example.gestor_money] reported as REPLACED, but missing application info. Assuming REMOVED.
12-05 12:17:02.754  3719  3719 D ActivityThread: Package [com.example.gestor_money] reported as REPLACED, but missing application info. Assuming REMOVED.
12-05 12:17:02.754  2247  2247 D ActivityThread: Package [com.example.gestor_money] reported as REPLACED, but missing application info. Assuming REMOVED.
12-05 12:17:02.754  2292  2292 D ActivityThread: Package [com.example.gestor_money] reported as REPLACED, but missing application info. Assuming REMOVED.
12-05 12:17:02.755  2273  2273 D ActivityThread: Package [com.example.gestor_money] reported as REPLACED, but missing application info. Assuming REMOVED.
